Archive member included because of file (symbol)

/cygdrive/c/Users/User/Desktop/Spring2012/CMPE146/CmpE146Package/GNUARM/bin/../lib/gcc/arm-elf/4.3.2/libgcc.a(_udivsi3.o)
                              ./utils/src/rprintf.o (__udivsi3)
/cygdrive/c/Users/User/Desktop/Spring2012/CMPE146/CmpE146Package/GNUARM/bin/../lib/gcc/arm-elf/4.3.2/libgcc.a(_divsi3.o)
                              ./fat/ff.o (__divsi3)
/cygdrive/c/Users/User/Desktop/Spring2012/CMPE146/CmpE146Package/GNUARM/bin/../lib/gcc/arm-elf/4.3.2/libgcc.a(_umodsi3.o)
                              ./utils/src/rprintf.o (__umodsi3)
/cygdrive/c/Users/User/Desktop/Spring2012/CMPE146/CmpE146Package/GNUARM/bin/../lib/gcc/arm-elf/4.3.2/libgcc.a(_dvmd_tls.o)
                              /cygdrive/c/Users/User/Desktop/Spring2012/CMPE146/CmpE146Package/GNUARM/bin/../lib/gcc/arm-elf/4.3.2/libgcc.a(_udivsi3.o) (__div0)
/cygdrive/c/Users/User/Desktop/Spring2012/CMPE146/CmpE146Package/GNUARM/bin/../lib/gcc/arm-elf/4.3.2/../../../../arm-elf/lib/libc.a(lib_a-atoi.o)
                              ./General/userInterface.o (atoi)
/cygdrive/c/Users/User/Desktop/Spring2012/CMPE146/CmpE146Package/GNUARM/bin/../lib/gcc/arm-elf/4.3.2/../../../../arm-elf/lib/libc.a(lib_a-iprintf.o)
                              ./General/userInterface.o (iprintf)
/cygdrive/c/Users/User/Desktop/Spring2012/CMPE146/CmpE146Package/GNUARM/bin/../lib/gcc/arm-elf/4.3.2/../../../../arm-elf/lib/libc.a(lib_a-malloc.o)
                              ./System/cppmem.o (free)
/cygdrive/c/Users/User/Desktop/Spring2012/CMPE146/CmpE146Package/GNUARM/bin/../lib/gcc/arm-elf/4.3.2/../../../../arm-elf/lib/libc.a(lib_a-mallocr.o)
                              /cygdrive/c/Users/User/Desktop/Spring2012/CMPE146/CmpE146Package/GNUARM/bin/../lib/gcc/arm-elf/4.3.2/../../../../arm-elf/lib/libc.a(lib_a-malloc.o) (_malloc_r)
/cygdrive/c/Users/User/Desktop/Spring2012/CMPE146/CmpE146Package/GNUARM/bin/../lib/gcc/arm-elf/4.3.2/../../../../arm-elf/lib/libc.a(lib_a-memcmp.o)
                              ./FreeRTOS/src/tasks.o (memcmp)
/cygdrive/c/Users/User/Desktop/Spring2012/CMPE146/CmpE146Package/GNUARM/bin/../lib/gcc/arm-elf/4.3.2/../../../../arm-elf/lib/libc.a(lib_a-memcpy.o)
                              ./main.o (memcpy)
/cygdrive/c/Users/User/Desktop/Spring2012/CMPE146/CmpE146Package/GNUARM/bin/../lib/gcc/arm-elf/4.3.2/../../../../arm-elf/lib/libc.a(lib_a-memset.o)
                              ./main.o (memset)
/cygdrive/c/Users/User/Desktop/Spring2012/CMPE146/CmpE146Package/GNUARM/bin/../lib/gcc/arm-elf/4.3.2/../../../../arm-elf/lib/libc.a(lib_a-mlock.o)
                              /cygdrive/c/Users/User/Desktop/Spring2012/CMPE146/CmpE146Package/GNUARM/bin/../lib/gcc/arm-elf/4.3.2/../../../../arm-elf/lib/libc.a(lib_a-mallocr.o) (__malloc_lock)
/cygdrive/c/Users/User/Desktop/Spring2012/CMPE146/CmpE146Package/GNUARM/bin/../lib/gcc/arm-elf/4.3.2/../../../../arm-elf/lib/libc.a(lib_a-realloc.o)
                              ./main.o (realloc)
/cygdrive/c/Users/User/Desktop/Spring2012/CMPE146/CmpE146Package/GNUARM/bin/../lib/gcc/arm-elf/4.3.2/../../../../arm-elf/lib/libc.a(lib_a-reallocr.o)
                              /cygdrive/c/Users/User/Desktop/Spring2012/CMPE146/CmpE146Package/GNUARM/bin/../lib/gcc/arm-elf/4.3.2/../../../../arm-elf/lib/libc.a(lib_a-realloc.o) (_realloc_r)
/cygdrive/c/Users/User/Desktop/Spring2012/CMPE146/CmpE146Package/GNUARM/bin/../lib/gcc/arm-elf/4.3.2/../../../../arm-elf/lib/libc.a(lib_a-siprintf.o)
                              ./FreeRTOS/src/tasks.o (siprintf)
/cygdrive/c/Users/User/Desktop/Spring2012/CMPE146/CmpE146Package/GNUARM/bin/../lib/gcc/arm-elf/4.3.2/../../../../arm-elf/lib/libc.a(lib_a-strcmp.o)
                              ./General/userInterface.o (strcmp)
/cygdrive/c/Users/User/Desktop/Spring2012/CMPE146/CmpE146Package/GNUARM/bin/../lib/gcc/arm-elf/4.3.2/../../../../arm-elf/lib/libc.a(lib_a-strcpy.o)
                              ./FreeRTOS/src/tasks.o (strcpy)
/cygdrive/c/Users/User/Desktop/Spring2012/CMPE146/CmpE146Package/GNUARM/bin/../lib/gcc/arm-elf/4.3.2/../../../../arm-elf/lib/libc.a(lib_a-strlen.o)
                              ./FreeRTOS/src/tasks.o (strlen)
/cygdrive/c/Users/User/Desktop/Spring2012/CMPE146/CmpE146Package/GNUARM/bin/../lib/gcc/arm-elf/4.3.2/../../../../arm-elf/lib/libc.a(lib_a-strncpy.o)
                              ./main.o (strncpy)
/cygdrive/c/Users/User/Desktop/Spring2012/CMPE146/CmpE146Package/GNUARM/bin/../lib/gcc/arm-elf/4.3.2/../../../../arm-elf/lib/libc.a(lib_a-strstr.o)
                              ./main.o (strstr)
/cygdrive/c/Users/User/Desktop/Spring2012/CMPE146/CmpE146Package/GNUARM/bin/../lib/gcc/arm-elf/4.3.2/../../../../arm-elf/lib/libc.a(lib_a-strtok.o)
                              ./General/userInterface.o (strtok)
/cygdrive/c/Users/User/Desktop/Spring2012/CMPE146/CmpE146Package/GNUARM/bin/../lib/gcc/arm-elf/4.3.2/../../../../arm-elf/lib/libc.a(lib_a-strtok_r.o)
[...]
Memory Configuration

Name             Origin             Length             Attributes
FLASH_BOOT       0x00000000         0x00001000         xr
FLASH_APP        0x00001000         0x0007c000         xr
SRAM             0x40000000         0x00008000         xw
USB_DMA_RAM      0x7fd00000         0x00002000         xw
*default*        0x00000000         0xffffffff

Linker script and memory map

LOAD ./main.o
LOAD ./utils/src/rprintf.o
LOAD ./utils/src/timer.o
LOAD ./fat/diskio.o
LOAD ./fat/ff.o
LOAD ./fat/rtc.o
LOAD ./fat/option/ccsbcs.o
LOAD ./fat/option/reentrant.o
LOAD ./drivers/i2c.o
LOAD ./drivers/pcm1774.o
LOAD ./drivers/ssp_spi.o
LOAD ./drivers/sta013.o
LOAD ./drivers/uart0.o
LOAD ./drivers/uart1.o
LOAD ./drivers/watchdog.o
LOAD ./System/cppmem.o
LOAD ./System/cpu.o
LOAD ./System/syscalls.o
LOAD ./System/startup/Arm7CStartup.o
LOAD ./System/startup/Lpc2000ExceptionVectors.o
LOAD ./System/startup/exceptionHandlers.o
LOAD ./MP3/mp3.o
LOAD ./General/userInterface.o
LOAD ./FreeRTOS/src/croutine.o
LOAD ./FreeRTOS/src/list.o
LOAD ./FreeRTOS/src/port.o
LOAD ./FreeRTOS/src/portISR.o
LOAD ./FreeRTOS/src/queue.o
LOAD ./FreeRTOS/src/tasks.o
LOAD ./FreeRTOS/src/timers.o
LOAD ./FreeRTOS/mem/heap_3.o
LOAD ./FreeRTOS/hooks/hooks.o
LOAD /cygdrive/c/Users/User/Desktop/Spring2012/CMPE146/CmpE146Package/GNUARM/bin/../lib/gcc/arm-elf/4.3.2/../../../../arm-elf/lib/libstdc++.a
LOAD /cygdrive/c/Users/User/Desktop/Spring2012/CMPE146/CmpE146Package/GNUARM/bin/../lib/gcc/arm-elf/4.3.2/../../../../arm-elf/lib/libm.a
START GROUP
LOAD /cygdrive/c/Users/User/Desktop/Spring2012/CMPE146/CmpE146Package/GNUARM/bin/../lib/gcc/arm-elf/4.3.2/libgcc.a
LOAD /cygdrive/c/Users/User/Desktop/Spring2012/CMPE146/CmpE146Package/GNUARM/bin/../lib/gcc/arm-elf/4.3.2/../../../../arm-elf/lib/libc.a
END GROUP
                0x00001000                __FLASH_segment_start__ = 0x1000
                0x40000000                __SRAM_segment_start__ = 0x40000000
                0x00000000                __STACKSIZE_SYS__ = 0x0
                0x00000000                __STACKSIZE_USER__ = 0x0
                0x00000200                __STACKSIZE_IRQ__ = 0x200
                0x00000040                __STACKSIZE_FIQ__ = 0x40
                0x00000200                __STACKSIZE_SVC__ = 0x200
                0x00000000                __STACKSIZE_ABT__ = 0x0
                0x00000000                __STACKSIZE_UND__ = 0x0
                0x00000000                __HEAPSIZE__ = 0x0
                0x0000003c                __EXCEPTION_VECTORS_SIZE__ = 0x3c
                0x40000000                __lpc2000ExceptionVectors_ram_load_start__ = __SRAM_segment_start__

.lpc2000ExceptionVectors_ram
                0x40000000       0x3c
                0x40000000                __lpc2000ExceptionVectors_ram_start__ = .
 *(.lpc2000ExceptionVectors_ram)
                0x4000003c                . = ((__lpc2000ExceptionVectors_ram_start__ + __EXCEPTION_VECTORS_SIZE__) MAX .)
 *fill*         0x40000000       0x3c 00
                0x4000003c                __lpc2000ExceptionVectors_ram_end__ = (__lpc2000ExceptionVectors_ram_start__ + SIZEOF (.lpc2000ExceptionVectors_ram))
                0x00001000                __lpc2000ExceptionVectors_load_start__ = __FLASH_segment_start__

.lpc2000ExceptionVectors
                0x00001000       0x38
                0x00001000                __lpc2000ExceptionVectors_start__ = .
 *(.lpc2000ExceptionVectors .lpc2000ExceptionVectors.*)
 .lpc2000ExceptionVectors
                0x00001000       0x38 ./System/startup/Lpc2000ExceptionVectors.o
                0x00001038                __lpc2000ExceptionVectors_end__ = (__lpc2000ExceptionVectors_start__ + SIZEOF (.lpc2000ExceptionVectors))
                0x00001038                __init_start__ = (__lpc2000ExceptionVectors_end__ ALIGN 0x4)

.init           0x00001038      0x1fc
                0x00001038                __init_start__ = .
 *(.init .init.*)
 *fill*         0x00001038        0x8 00
 .init          0x00001040      0x1b0 ./System/startup/Arm7CStartup.o
                0x00001040                Arm7StartupStart
 .init          0x000011f0       0x44 ./System/startup/Lpc2000ExceptionVectors.o
                0x00001228                _Lpc2000ExceptionVectorsFIQHandler
                0x0000121c                _Lpc2000ExceptionVectorsSoftwareIntHandler
                0x00001224                _Lpc2000ExceptionVectorsAbortDataHandler
                0x00001218                _Lpc2000ExceptionVectorsUndefinedHandler
                0x00001220                _Lpc2000ExceptionVectorsAbortPrefetchHandler
                0x00001234                __init_end__ = (__init_start__ + SIZEOF (.init))
                0x00001234                __text_load_start__ = (__init_end__ ALIGN 0x4)

.text           0x00001234     0xe7b4
                0x00001234                __text_start__ = .
 *(.text .text.* .glue_7t .glue_7 .gnu.linkonce.t.* .gcc_except_table)
 .text          0x00001234      0x5fc ./main.o
                0x00001374                _Z9blinkTaskPv
                0x0000134c                _Z16initPortExpanderv
                0x000013c8                _Z8controlsPv
                0x0000182c                _Z14FatFsDiskTimerPv
                0x00001234                main
 .text._ZN12SongNameTypeaSEPc
                0x00001830       0x2c ./main.o
                0x00001830                _ZN12SongNameTypeaSEPc
 .glue_7        0x0000185c        0x0 ./main.o
 .glue_7t       0x0000185c        0x0 ./main.o
 .text          0x0000185c      0x264 ./utils/src/rprintf.o
                0x0000185c                rprintf_devopen
                0x000018ac                rprintf
 .glue_7        0x00001ac0        0x0 ./utils/src/rprintf.o
 .glue_7t       0x00001ac0        0x0 ./utils/src/rprintf.o
 .text          0x00001ac0      0x294 ./utils/src/timer.o
                0x00001bd4                _ZN5Timer12resetFromISREv
                0x00001c64                _ZN5Timer9isRunningEv
                0x00001d1c                _ZN5TimerC2EPFvPvEm9TimerType
                0x00001ce4                _ZN5TimerC1EPFvPvEm9TimerType
                0x00001b60                _ZN5Timer19changePeriodFromISREm
                0x00001c1c                _ZN5Timer12startFromISREv
                0x00001c7c                _ZN5Timer5resetEv
                0x00001ae8                _ZN5Timer4stopEv
                0x00001ac0                _ZN5Timer12changePeriodEm
                0x00001b10                _ZN5TimerD1Ev
                0x00001b38                _ZN5TimerD2Ev
                0x00001cb0                _ZN5Timer5startEv
                0x00001b9c                _ZN5Timer11stopFromISREv
 .glue_7        0x00001d54        0x0 ./utils/src/timer.o
 .glue_7t       0x00001d54        0x0 ./utils/src/timer.o
 .text          0x00001d54      0xcc4 ./fat/diskio.o
                0x00001f2c                wait_ready
                0x0000281c                disk_initialize
                0x00001de8                disk_status
                0x0000248c                disk_ioctl
                0x00002140                getSDCardInfo
                0x0000203c                xmit_datablock
                0x00001d54                diskio_initializeSPIMutex
                0x00001e88                rcvr_datablock
                0x00001e04                disk_timerproc
                0x00001dcc                chk_power
                0x0000245c                power_off
                0x000020fc                get_spi
                0x00001f68                send_cmd
                0x00002254                disk_write
                0x00001d64                initialize_SdCardSignals
                0x000020bc                release_spi
                0x0000236c                disk_read
                0x00001dc8                power_on
 .glue_7        0x00002a18        0x0 ./fat/diskio.o
 .glue_7t       0x00002a18        0x0 ./fat/diskio.o
 .text          0x00002a18     0x3514 ./fat/ff.o
                0x00003470                get_fat
                0x000046f8                f_rename
                0x00004c08                f_truncate
                0x00002a3c                gen_numname
                0x00004ab0                f_unlink
                0x00005c5c                f_close
                0x00005614                f_read
                0x00004f04                f_readdir
                0x000049fc                f_chmod
                0x00005b74                f_sync
                0x00005eb8                f_mount
                0x00004fc0                f_opendir
                0x000032e8                put_fat
                0x0000508c                f_lseek
                0x00004e7c                f_stat
                0x00002a18                clust2sect
                0x00004940                f_utime
                0x000052e0                f_write
                0x00005c74                f_open
                0x00005880                f_mkdir
                0x00004d0c                f_getfree
 .glue_7        0x00005f2c        0x0 ./fat/ff.o
 .glue_7t       0x00005f2c        0x0 ./fat/ff.o
 .text          0x00005f2c      0x15c ./fat/rtc.o
                0x00005f54                rtc_gettime
                0x00005f2c                initialize_RTC
                0x00006038                get_fattime
                0x00005fd4                rtc_settime
 .glue_7        0x00006088        0x0 ./fat/rtc.o
 .glue_7t       0x00006088        0x0 ./fat/rtc.o
 .text          0x00006088       0xb4 ./fat/option/ccsbcs.o
                0x000060fc                ff_wtoupper
                0x00006088                ff_convert
 .glue_7        0x0000613c        0x0 ./fat/option/ccsbcs.o
 .glue_7t       0x0000613c        0x0 ./fat/option/ccsbcs.o
 .text          0x0000613c       0x60 ./fat/option/reentrant.o
                0x0000613c                ff_del_syncobj
                0x0000617c                ff_cre_syncobj
                0x00006144                ff_rel_grant
                0x00006154                ff_req_grant
 .glue_7        0x0000619c        0x0 ./fat/option/reentrant.o
 .glue_7t       0x0000619c        0x0 ./fat/option/reentrant.o
 .text          0x0000619c      0x738 ./drivers/i2c.o
                0x000066ac                initialize_I2C0
                0x000065a4                i2cWriteDeviceRegister
                0x0000619c                i2cStateMachine
                0x00006604                i2cReadDeviceRegister
                0x00006538                i2cKickOffTransfer
 .glue_7        0x000068d4        0x0 ./drivers/i2c.o
 .glue_7t       0x000068d4        0x0 ./drivers/i2c.o
 .text          0x000068d4      0x748 ./drivers/pcm1774.o
                0x000069d4                pcm1774_bassBoost
                0x00006920                pcm1774_sendByte
                0x00006d4c                pcm1774_LineOutputConfiguration
                0x00006ed0                pcm1774_ConnectDigitalOutputs
                0x000068d4                pcm1774_readByte
                0x00006d3c                pcm1774_PowerUpVcom
                0x00006e70                pcm1774_DigitalInterfaceSelection
                0x00006ea0                pcm1774_DigitalDeEmphasisFilter
                0x00006e04                pcm1774_PowerUpMixer
                0x00006cfc                pcm1774_setShortCircuitProtectionRight
                0x00006c30                pcm1774_redirectAnalogInputToLeftOutput
                0x00006df4                pcm1774_PowerUpAnalogBiasControl
                0x00006f80                pcm1774_3dSoundEffect
                0x00006bf4                pcm1774_redirectAnalogInputToRightOutput
                0x00006900                pcm1774_readShortCircuitStatusLeft
                0x00006a24                pcm1774_DigitalVolume
                0x00006ab4                initialize_pcm1774
                0x00006934                pcm1774_trebleBoost
                0x00006fc4                pcm1774_Reset
                0x00006984                pcm1774_middleBoost
                0x00006e40                pcm1774_DigitalGainControl
                0x00006cd0                pcm1774_PowerUpGainAmplifierAnalog
                0x00006ba8                pcm1774_bitMask
                0x00006d9c                pcm1774_PowerUpAnalog
                0x00006dc8                pcm1774_PowerUpDAC
                0x00006ca4                pcm1774_selectAnalogInput
                0x00006d1c                pcm1774_setShortCircuitProtectionLeft
                0x00006a6c                pcm1774_OutputVolume
                0x00006e30                pcm1774_DigitalOversamplingControl
                0x00006c6c                pcm1774_gainAmplifierAnalogInput
                0x000068e0                pcm1774_readShortCircuitStatusRight
                0x00006efc                pcm1774_LoadDefaultDigitalConfiguration
 .glue_7        0x0000701c        0x0 ./drivers/pcm1774.o
 .glue_7t       0x0000701c        0x0 ./drivers/pcm1774.o
 .text          0x0000701c       0x88 ./drivers/ssp_spi.o
                0x0000701c                initialize_SSPSPI
                0x00007090                setSSPSPI_Divider
                0x00007060                rxTxByteSSPSPI
 .glue_7        0x000070a4        0x0 ./drivers/ssp_spi.o
 .glue_7t       0x000070a4        0x0 ./drivers/ssp_spi.o
 .text          0x000070a4      0x558 ./drivers/sta013.o
                0x000074ac                sta013GetAverageBitrate
                0x000071dc                sta013SetVolume
                0x000072b0                sta013StopDecoder
                0x00007260                sta013ResumeDecoder
                0x00007288                sta013PauseDecoder
                0x00007454                sta013DownloadUpdate
                0x000072e8                sta013StartDecoder
                0x000074a0                sta013ReadReg
                0x00007558                initialize_sta013
                0x000074c8                sta013GetMP3Info
                0x000070a4                sta013HWReset
                0x00007118                sta013WriteReg
                0x0000712c                sta013SetTone
 .glue_7        0x000075fc        0x0 ./drivers/sta013.o
 .glue_7t       0x000075fc        0x0 ./drivers/sta013.o
 .text          0x000075fc      0x468 ./drivers/uart0.o
                0x00007658                uart0GetChar
                0x00007630                uart0PutCharPolling
                0x0000773c                uart0Init
                0x000075fc                uart0Deinit
                0x00007884                uart0ISR
                0x00007688                uart0PutChar
 .glue_7        0x00007a64        0x0 ./drivers/uart0.o
 .glue_7t       0x00007a64        0x0 ./drivers/uart0.o
 .text          0x00007a64      0x484 ./drivers/uart1.o
                0x00007a64                uart1PutCharPolling
                0x00007d08                uart1ISR
                0x00007b94                wifiSendString
                0x00007bc0                uart1Init
                0x00007a8c                uart1GetChar
                0x00007ae0                uart1PutChar
                0x00007aac                wifiReceiveExpectedData
 .glue_7        0x00007ee8        0x0 ./drivers/uart1.o
 .glue_7t       0x00007ee8        0x0 ./drivers/uart1.o
 .text          0x00007ee8       0xd4 ./drivers/watchdog.o
                0x00007f18                watchdog_Start
                0x00007ee8                watchdog_Reset
                0x00007f00                watchdog_Feed
                0x00007f60                watchdogDelayUs
                0x00007f40                watchdog_Stop
 .glue_7        0x00007fbc        0x0 ./drivers/watchdog.o
 .glue_7t       0x00007fbc        0x0 ./drivers/watchdog.o
 .text          0x00007fbc       0x10 ./System/cppmem.o
                0x00007fc8                _Znwm
                0x00007fc0                _ZdlPv
                0x00007fbc                _ZdaPv
                0x00007fc4                _Znam
 .glue_7        0x00007fcc        0x0 ./System/cppmem.o
 .glue_7t       0x00007fcc        0x0 ./System/cppmem.o
 .text          0x00007fcc      0x170 ./System/cpu.o
                0x0000806c                cpuPrintMemoryInfo
                0x00007fcc                cpuSetupHardware
 .glue_7        0x0000813c        0x0 ./System/cpu.o
 .glue_7t       0x0000813c        0x0 ./System/cpu.o
 .text          0x0000813c       0xfc ./System/syscalls.o
                0x00008144                _lseek_r
                0x00008208                _kill_r
                0x0000814c                _fstat_r
                0x00008220                _getpid_r
                0x0000815c                _sbrk_r
                0x000081c8                _read_r
                0x0000813c                _close_r
                0x0000818c                _write_r
 .glue_7        0x00008238        0x0 ./System/syscalls.o
 .glue_7t       0x00008238        0x0 ./System/syscalls.o
 .text          0x00008238        0x0 ./System/startup/Arm7CStartup.o
 .glue_7        0x00008238        0x0 ./System/startup/Arm7CStartup.o
 .glue_7t       0x00008238        0x0 ./System/startup/Arm7CStartup.o
 .text          0x00008238        0x0 ./System/startup/Lpc2000ExceptionVectors.o
 .glue_7        0x00008238        0x0 ./System/startup/Lpc2000ExceptionVectors.o
 .glue_7t       0x00008238        0x0 ./System/startup/Lpc2000ExceptionVectors.o
 .text          0x00008238       0x9c ./System/startup/exceptionHandlers.o
                0x000082a4                Exception_PrefetchAbort
                0x000082bc                Exception_UndefinedAddress
                0x00008274                Exception_FIQHandler
                0x0000828c                Exception_DataAbort
                0x00008238                printExceptionInfo
 .glue_7        0x000082d4        0x0 ./System/startup/exceptionHandlers.o
 .glue_7t       0x000082d4        0x0 ./System/startup/exceptionHandlers.o
 .text          0x000082d4      0x158 ./MP3/mp3.o
                0x000082d4                _Z7mp3TaskPv
 .glue_7        0x0000842c        0x0 ./MP3/mp3.o
 .glue_7t       0x0000842c        0x0 ./MP3/mp3.o
 .text          0x0000842c      0x894 ./General/userInterface.o
                0x000084d0                _Z9printLinev
                0x000084dc                _Z11getUartLinePc
                0x0000842c                _Z12getUart1LinePc
                0x00008580                _Z6uartUIPv
 .glue_7        0x00008cc0        0x0 ./General/userInterface.o
 .glue_7t       0x00008cc0        0x0 ./General/userInterface.o
 .text          0x00008cc0        0x0 ./FreeRTOS/src/croutine.o
 .glue_7        0x00008cc0        0x0 ./FreeRTOS/src/croutine.o
 .glue_7t       0x00008cc0        0x0 ./FreeRTOS/src/croutine.o
 .text          0x00008cc0       0xf4 ./FreeRTOS/src/list.o
                0x00008cf0                vListInsertEnd
                0x00008d78                vListRemove
                0x00008ce4                vListInitialiseItem
                0x00008cc0                vListInitialise
                0x00008d24                vListInsert
 .glue_7        0x00008db4        0x0 ./FreeRTOS/src/list.o
 .glue_7t       0x00008db4        0x0 ./FreeRTOS/src/list.o
 .text          0x00008db4      0x1c0 ./FreeRTOS/src/port.o
                0x00008f08                xPortStartScheduler
                0x00008f04                vPortEndScheduler
                0x00008db4                pxPortInitialiseStack
 .glue_7        0x00008f74        0x0 ./FreeRTOS/src/port.o
 .glue_7t       0x00008f74        0x0 ./FreeRTOS/src/port.o
 .text          0x00008f74      0x228 ./FreeRTOS/src/portISR.o
                0x00009064                vTickISR
                0x00009150                vPortExitCritical
                0x00008fc0                vPortYieldProcessor
                0x00008f74                vPortISRStartFirstTask
                0x00009124                vPortEnterCritical
 .glue_7        0x0000919c        0x0 ./FreeRTOS/src/portISR.o
 .glue_7t       0x0000919c        0x0 ./FreeRTOS/src/portISR.o
 .text          0x0000919c      0x77c ./FreeRTOS/src/queue.o
                0x000092a4                vQueueWaitForMessageRestricted
                0x0000963c                xQueueGenericSendFromISR
                0x000092f8                vQueueDelete
                0x000096ac                xQueueGenericSend
                0x000091a4                ucQueueGetQueueNumber
                0x000091b4                ucQueueGetQueueType
                0x00009314                xQueueReceiveFromISR
                0x00009870                xQueueGenericCreate
                0x000091ac                vQueueSetQueueNumber
                0x000091cc                xQueueIsQueueFullFromISR
                0x000091e4                uxQueueMessagesWaiting
                0x000093bc                xQueueGenericReceive
                0x0000919c                uxQueueMessagesWaitingFromISR
                0x000091bc                xQueueIsQueueEmptyFromISR
                0x000097f4                xQueueCreateMutex
 .glue_7        0x00009918        0x0 ./FreeRTOS/src/queue.o
 .glue_7t       0x00009918        0x0 ./FreeRTOS/src/queue.o
 .text          0x00009918     0x13d8 ./FreeRTOS/src/tasks.o
                0x0000a650                vTaskGetRunTimeStats
                0x0000a998                vTaskEndScheduler
                0x0000a2ec                vTaskPlaceOnEventList
                0x0000a9cc                xTaskGenericCreate
                0x00009918                xTaskIsTaskSuspended
                0x00009a4c                uxTaskGetStackHighWaterMark
                0x00009dbc                xTaskResumeFromISR
                0x000099c8                runTimeStatISRExit
                0x00009f20                xTaskGetTickCount
                0x00009bc8                xTaskRemoveFromEventList
                0x00009e84                xTaskCheckForTimeOut
                0x00009954                vTaskSuspendAll
                0x0000996c                xTaskGetTickCountFromISR
                0x00009ac0                vTaskPriorityDisinherit
                0x00009b28                vTaskPriorityInherit
                0x0000a080                vTaskResume
                0x0000a34c                vTaskSwitchContext
                0x0000a1b4                vTaskPlaceOnEventListRestricted
                0x00009a40                vTaskSetTaskNumber
                0x0000a480                vTaskSuspend
                0x0000997c                uxTaskGetNumberOfTasks
                0x00009c60                vTaskIncrementTick
                0x0000a8bc                vTaskList
                0x00009a34                uxTaskGetTaskNumber
                0x0000a250                vTaskDelayUntil
                0x00009a80                xTaskGetCurrentTaskHandle
                0x00009f40                xTaskResumeAll
                0x0000ac44                vTaskStartScheduler
                0x00009a20                vTaskMissedYield
                0x0000998c                runTimeStatISREntry
                0x0000a1f4                vTaskDelay
                0x00009a90                xTaskGetSchedulerState
                0x00009a00                vTaskSetTimeOutState
 .glue_7        0x0000acf0        0x0 ./FreeRTOS/src/tasks.o
 .glue_7t       0x0000acf0        0x0 ./FreeRTOS/src/tasks.o
 .text          0x0000acf0      0x53c ./FreeRTOS/src/timers.o
                0x0000ae0c                xTimerCreate
                0x0000ad1c                xTimerGenericCommand
                0x0000ae64                xTimerCreateTimerTask
                0x0000acf0                pvTimerGetTimerID
                0x0000acf8                xTimerIsTimerActive
 .glue_7        0x0000b22c        0x0 ./FreeRTOS/src/timers.o
 .glue_7t       0x0000b22c        0x0 ./FreeRTOS/src/timers.o
 .text          0x0000b22c       0x4c ./FreeRTOS/mem/heap_3.o
                0x0000b22c                vPortFree
                0x0000b24c                pvPortMalloc
 .glue_7        0x0000b278        0x0 ./FreeRTOS/mem/heap_3.o
 .glue_7t       0x0000b278        0x0 ./FreeRTOS/mem/heap_3.o
 .text          0x0000b278       0x6c ./FreeRTOS/hooks/hooks.o
                0x0000b290                vApplicationMallocFailedHook
                0x0000b2b0                vApplicationStackOverflowHook
                0x0000b278                vApplicationIdleHook
 .glue_7        0x0000b2e4        0x0 ./FreeRTOS/hooks/hooks.o
 .glue_7t       0x0000b2e4        0x0 ./FreeRTOS/hooks/hooks.o
 .text          0x0000b2e4      0x110 /cygdrive/c/Users/User/Desktop/Spring2012/CMPE146/CmpE146Package/GNUARM/bin/../lib/gcc/arm-elf/4.3.2/libgcc.a(_udivsi3.o)
                0x0000b2e4                __udivsi3
                0x0000b2e4                __aeabi_uidiv
                0x0000b3dc                __aeabi_uidivmod
 .glue_7        0x0000b3f4        0x0 /cygdrive/c/Users/User/Desktop/Spring2012/CMPE146/CmpE146Package/GNUARM/bin/../lib/gcc/arm-elf/4.3.2/libgcc.a(_udivsi3.o)
 .glue_7t       0x0000b3f4        0x0 /cygdrive/c/Users/User/Desktop/Spring2012/CMPE146/CmpE146Package/GNUARM/bin/../lib/gcc/arm-elf/4.3.2/libgcc.a(_udivsi3.o)
 .text          0x0000b3f4      0x140 /cygdrive/c/Users/User/Desktop/Spring2012/CMPE146/CmpE146Package/GNUARM/bin/../lib/gcc/arm-elf/4.3.2/libgcc.a(_divsi3.o)
                0x0000b3f4                __aeabi_idiv
                0x0000b3f4                __divsi3
                0x0000b51c                __aeabi_idivmod
 .glue_7        0x0000b534        0x0 /cygdrive/c/Users/User/Desktop/Spring2012/CMPE146/CmpE146Package/GNUARM/bin/../lib/gcc/arm-elf/4.3.2/libgcc.a(_divsi3.o)
 .glue_7t       0x0000b534        0x0 /cygdrive/c/Users/User/Desktop/Spring2012/CMPE146/CmpE146Package/GNUARM/bin/../lib/gcc/arm-elf/4.3.2/libgcc.a(_divsi3.o)
 .text          0x0000b534       0xcc /cygdrive/c/Users/User/Desktop/Spring2012/CMPE146/CmpE146Package/GNUARM/bin/../lib/gcc/arm-elf/4.3.2/libgcc.a(_umodsi3.o)
                0x0000b534                __umodsi3
 .glue_7        0x0000b600        0x0 /cygdrive/c/Users/User/Desktop/Spring2012/CMPE146/CmpE146Package/GNUARM/bin/../lib/gcc/arm-elf/4.3.2/libgcc.a(_umodsi3.o)
 .glue_7t       0x0000b600        0x0 /cygdrive/c/Users/User/Desktop/Spring2012/CMPE146/CmpE146Package/GNUARM/bin/../lib/gcc/arm-elf/4.3.2/libgcc.a(_umodsi3.o)
 .text          0x0000b600        0x4 /cygdrive/c/Users/User/Desktop/Spring2012/CMPE146/CmpE146Package/GNUARM/bin/../lib/gcc/arm-elf/4.3.2/libgcc.a(_dvmd_tls.o)
                0x0000b600                __aeabi_ldiv0
                0x0000b600                __div0
                0x0000b600                __aeabi_idiv0
 .glue_7        0x0000b604        0x0 /cygdrive/c/Users/User/Desktop/Spring2012/CMPE146/CmpE146Package/GNUARM/bin/../lib/gcc/arm-elf/4.3.2/libgcc.a(_dvmd_tls.o)
 .glue_7t       0x0000b604        0x0 /cygdrive/c/Users/User/Desktop/Spring2012/CMPE146/CmpE146Package/GNUARM/bin/../lib/gcc/arm-elf/4.3.2/libgcc.a(_dvmd_tls.o)
 .text          0x0000b604       0x18 /cygdrive/c/Users/User/Desktop/Spring2012/CMPE146/CmpE146Package/GNUARM/bin/../lib/gcc/arm-elf/4.3.2/../../../../arm-elf/lib/libc.a(lib_a-atoi.o)
                0x0000b604                _atoi_r
                0x0000b610                atoi
 .glue_7        0x0000b61c        0x0 /cygdrive/c/Users/User/Desktop/Spring2012/CMPE146/CmpE146Package/GNUARM/bin/../lib/gcc/arm-elf/4.3.2/../../../../arm-elf/lib/libc.a(lib_a-atoi.o)
 .glue_7t       0x0000b61c        0x0 /cygdrive/c/Users/User/Desktop/Spring2012/CMPE146/CmpE146Package/GNUARM/bin/../lib/gcc/arm-elf/4.3.2/../../../../arm-elf/lib/libc.a(lib_a-atoi.o)
 .text          0x0000b61c       0x54 /cygdrive/c/Users/User/Desktop/Spring2012/CMPE146/CmpE146Package/GNUARM/bin/../lib/gcc/arm-elf/4.3.2/../../../../arm-elf/lib/libc.a(lib_a-iprintf.o)
                0x0000b61c                _iprintf_r
                0x0000b640                iprintf
 .glue_7        0x0000b670        0x0 /cygdrive/c/Users/User/Desktop/Spring2012/CMPE146/CmpE146Package/GNUARM/bin/../lib/gcc/arm-elf/4.3.2/../../../../arm-elf/lib/libc.a(lib_a-iprintf.o)
 .glue_7t       0x0000b670        0x0 /cygdrive/c/Users/User/Desktop/Spring2012/CMPE146/CmpE146Package/GNUARM/bin/../lib/gcc/arm-elf/4.3.2/../../../../arm-elf/lib/libc.a(lib_a-iprintf.o)
 .text          0x0000b670       0x28 /cygdrive/c/Users/User/Desktop/Spring2012/CMPE146/CmpE146Package/GNUARM/bin/../lib/gcc/arm-elf/4.3.2/../../../../arm-elf/lib/libc.a(lib_a-malloc.o)
                0x0000b684                malloc
                0x0000b670                free
 .glue_7        0x0000b698        0x0 /cygdrive/c/Users/User/Desktop/Spring2012/CMPE146/CmpE146Package/GNUARM/bin/../lib/gcc/arm-elf/4.3.2/../../../../arm-elf/lib/libc.a(lib_a-malloc.o)
 .glue_7t       0x0000b698        0x0 /cygdrive/c/Users/User/Desktop/Spring2012/CMPE146/CmpE146Package/GNUARM/bin/../lib/gcc/arm-elf/4.3.2/../../../../arm-elf/lib/libc.a(lib_a-malloc.o)
 .text          0x0000b698      0x734 /cygdrive/c/Users/User/Desktop/Spring2012/CMPE146/CmpE146Package/GNUARM/bin/../lib/gcc/arm-elf/4.3.2/../../../../arm-elf/lib/libc.a(lib_a-mallocr.o)
                0x0000b698                _malloc_r
 .glue_7        0x0000bdcc        0x0 /cygdrive/c/Users/User/Desktop/Spring2012/CMPE146/CmpE146Package/GNUARM/bin/../lib/gcc/arm-elf/4.3.2/../../../../arm-elf/lib/libc.a(lib_a-mallocr.o)
 .glue_7t       0x0000bdcc        0x0 /cygdrive/c/Users/User/Desktop/Spring2012/CMPE146/CmpE146Package/GNUARM/bin/../lib/gcc/arm-elf/4.3.2/../../../../arm-elf/lib/libc.a(lib_a-mallocr.o)
 .text          0x0000bdcc       0xac /cygdrive/c/Users/User/Desktop/Spring2012/CMPE146/CmpE146Package/GNUARM/bin/../lib/gcc/arm-elf/4.3.2/../../../../arm-elf/lib/libc.a(lib_a-memcmp.o)
                0x0000bdcc                memcmp
 .glue_7        0x0000be78        0x0 /cygdrive/c/Users/User/Desktop/Spring2012/CMPE146/CmpE146Package/GNUARM/bin/../lib/gcc/arm-elf/4.3.2/../../../../arm-elf/lib/libc.a(lib_a-memcmp.o)
 .glue_7t       0x0000be78        0x0 /cygdrive/c/Users/User/Desktop/Spring2012/CMPE146/CmpE146Package/GNUARM/bin/../lib/gcc/arm-elf/4.3.2/../../../../arm-elf/lib/libc.a(lib_a-memcmp.o)
 .text          0x0000be78       0xfc /cygdrive/c/Users/User/Desktop/Spring2012/CMPE146/CmpE146Package/GNUARM/bin/../lib/gcc/arm-elf/4.3.2/../../../../arm-elf/lib/libc.a(lib_a-memcpy.o)
                0x0000be78                memcpy
 .glue_7        0x0000bf74        0x0 /cygdrive/c/Users/User/Desktop/Spring2012/CMPE146/CmpE146Package/GNUARM/bin/../lib/gcc/arm-elf/4.3.2/../../../../arm-elf/lib/libc.a(lib_a-memcpy.o)
 .glue_7t       0x0000bf74        0x0 /cygdrive/c/Users/User/Desktop/Spring2012/CMPE146/CmpE146Package/GNUARM/bin/../lib/gcc/arm-elf/4.3.2/../../../../arm-elf/lib/libc.a(lib_a-memcpy.o)
 .text          0x0000bf74       0xd0 /cygdrive/c/Users/User/Desktop/Spring2012/CMPE146/CmpE146Package/GNUARM/bin/../lib/gcc/arm-elf/4.3.2/../../../../arm-elf/lib/libc.a(lib_a-memset.o)
                0x0000bf74                memset
 .glue_7        0x0000c044        0x0 /cygdrive/c/Users/User/Desktop/Spring2012/CMPE146/CmpE146Package/GNUARM/bin/../lib/gcc/arm-elf/4.3.2/../../../../arm-elf/lib/libc.a(lib_a-memset.o)
 .glue_7t       0x0000c044        0x0 /cygdrive/c/Users/User/Desktop/Spring2012/CMPE146/CmpE146Package/GNUARM/bin/../lib/gcc/arm-elf/4.3.2/../../../../arm-elf/lib/libc.a(lib_a-memset.o)
 .text          0x0000c044        0x8 /cygdrive/c/Users/User/Desktop/Spring2012/CMPE146/CmpE146Package/GNUARM/bin/../lib/gcc/arm-elf/4.3.2/../../../../arm-elf/lib/libc.a(lib_a-mlock.o)
                0x0000c048                __malloc_unlock
                0x0000c044                __malloc_lock
 .glue_7        0x0000c04c        0x0 /cygdrive/c/Users/User/Desktop/Spring2012/CMPE146/CmpE146Package/GNUARM/bin/../lib/gcc/arm-elf/4.3.2/../../../../arm-elf/lib/libc.a(lib_a-mlock.o)
 .glue_7t       0x0000c04c        0x0 /cygdrive/c/Users/User/Desktop/Spring2012/CMPE146/CmpE146Package/GNUARM/bin/../lib/gcc/arm-elf/4.3.2/../../../../arm-elf/lib/libc.a(lib_a-mlock.o)
 .text          0x0000c04c       0x1c /cygdrive/c/Users/User/Desktop/Spring2012/CMPE146/CmpE146Package/GNUARM/bin/../lib/gcc/arm-elf/4.3.2/../../../../arm-elf/lib/libc.a(lib_a-realloc.o)
                0x0000c04c                realloc
 .glue_7        0x0000c068        0x0 /cygdrive/c/Users/User/Desktop/Spring2012/CMPE146/CmpE146Package/GNUARM/bin/../lib/gcc/arm-elf/4.3.2/../../../../arm-elf/lib/libc.a(lib_a-realloc.o)
 .glue_7t       0x0000c068        0x0 /cygdrive/c/Users/User/Desktop/Spring2012/CMPE146/CmpE146Package/GNUARM/bin/../lib/gcc/arm-elf/4.3.2/../../../../arm-elf/lib/libc.a(lib_a-realloc.o)
 .text          0x0000c068      0x510 /cygdrive/c/Users/User/Desktop/Spring2012/CMPE146/CmpE146Package/GNUARM/bin/../lib/gcc/arm-elf/4.3.2/../../../../arm-elf/lib/libc.a(lib_a-reallocr.o)
                0x0000c068                _realloc_r
 .glue_7        0x0000c578        0x0 /cygdrive/c/Users/User/Desktop/Spring2012/CMPE146/CmpE146Package/GNUARM/bin/../lib/gcc/arm-elf/4.3.2/../../../../arm-elf/lib/libc.a(lib_a-reallocr.o)
 .glue_7t       0x0000c578        0x0 /cygdrive/c/Users/User/Desktop/Spring2012/CMPE146/CmpE146Package/GNUARM/bin/../lib/gcc/arm-elf/4.3.2/../../../../arm-elf/lib/libc.a(lib_a-reallocr.o)
 .text          0x0000c578       0xcc /cygdrive/c/Users/User/Desktop/Spring2012/CMPE146/CmpE146Package/GNUARM/bin/../lib/gcc/arm-elf/4.3.2/../../../../arm-elf/lib/libc.a(lib_a-siprintf.o)
                0x0000c5e4                _siprintf_r
                0x0000c578                siprintf
 .glue_7        0x0000c644        0x0 /cygdrive/c/Users/User/Desktop/Spring2012/CMPE146/CmpE146Package/GNUARM/bin/../lib/gcc/arm-elf/4.3.2/../../../../arm-elf/lib/libc.a(lib_a-siprintf.o)
 .glue_7t       0x0000c644        0x0 /cygdrive/c/Users/User/Desktop/Spring2012/CMPE146/CmpE146Package/GNUARM/bin/../lib/gcc/arm-elf/4.3.2/../../../../arm-elf/lib/libc.a(lib_a-siprintf.o)
 .text          0x0000c644       0xe8 /cygdrive/c/Users/User/Desktop/Spring2012/CMPE146/CmpE146Package/GNUARM/bin/../lib/gcc/arm-elf/4.3.2/../../../../arm-elf/lib/libc.a(lib_a-strcmp.o)
                0x0000c644                strcmp
 .glue_7        0x0000c72c        0x0 /cygdrive/c/Users/User/Desktop/Spring2012/CMPE146/CmpE146Package/GNUARM/bin/../lib/gcc/arm-elf/4.3.2/../../../../arm-elf/lib/libc.a(lib_a-strcmp.o)
 .glue_7t       0x0000c72c        0x0 /cygdrive/c/Users/User/Desktop/Spring2012/CMPE146/CmpE146Package/GNUARM/bin/../lib/gcc/arm-elf/4.3.2/../../../../arm-elf/lib/libc.a(lib_a-strcmp.o)
 .text          0x0000c72c       0xb8 /cygdrive/c/Users/User/Desktop/Spring2012/CMPE146/CmpE146Package/GNUARM/bin/../lib/gcc/arm-elf/4.3.2/../../../../arm-elf/lib/libc.a(lib_a-strcpy.o)
                0x0000c72c                strcpy
 .glue_7        0x0000c7e4        0x0 /cygdrive/c/Users/User/Desktop/Spring2012/CMPE146/CmpE146Package/GNUARM/bin/../lib/gcc/arm-elf/4.3.2/../../../../arm-elf/lib/libc.a(lib_a-strcpy.o)
 .glue_7t       0x0000c7e4        0x0 /cygdrive/c/Users/User/Desktop/Spring2012/CMPE146/CmpE146Package/GNUARM/bin/../lib/gcc/arm-elf/4.3.2/../../../../arm-elf/lib/libc.a(lib_a-strcpy.o)
 .text          0x0000c7e4       0x9c /cygdrive/c/Users/User/Desktop/Spring2012/CMPE146/CmpE146Package/GNUARM/bin/../lib/gcc/arm-elf/4.3.2/../../../../arm-elf/lib/libc.a(lib_a-strlen.o)
                0x0000c7e4                strlen
 .glue_7        0x0000c880        0x0 /cygdrive/c/Users/User/Desktop/Spring2012/CMPE146/CmpE146Package/GNUARM/bin/../lib/gcc/arm-elf/4.3.2/../../../../arm-elf/lib/libc.a(lib_a-strlen.o)
 .glue_7t       0x0000c880        0x0 /cygdrive/c/Users/User/Desktop/Spring2012/CMPE146/CmpE146Package/GNUARM/bin/../lib/gcc/arm-elf/4.3.2/../../../../arm-elf/lib/libc.a(lib_a-strlen.o)
 .text          0x0000c880      0x10c /cygdrive/c/Users/User/Desktop/Spring2012/CMPE146/CmpE146Package/GNUARM/bin/../lib/gcc/arm-elf/4.3.2/../../../../arm-elf/lib/libc.a(lib_a-strncpy.o)
                0x0000c880                strncpy
 .glue_7        0x0000c98c        0x0 /cygdrive/c/Users/User/Desktop/Spring2012/CMPE146/CmpE146Package/GNUARM/bin/../lib/gcc/arm-elf/4.3.2/../../../../arm-elf/lib/libc.a(lib_a-strncpy.o)
 .glue_7t       0x0000c98c        0x0 /cygdrive/c/Users/User/Desktop/Spring2012/CMPE146/CmpE146Package/GNUARM/bin/../lib/gcc/arm-elf/4.3.2/../../../../arm-elf/lib/libc.a(lib_a-strncpy.o)
 .text          0x0000c98c       0x5c /cygdrive/c/Users/User/Desktop/Spring2012/CMPE146/CmpE146Package/GNUARM/bin/../lib/gcc/arm-elf/4.3.2/../../../../arm-elf/lib/libc.a(lib_a-strstr.o)
                0x0000c98c                strstr
 .glue_7        0x0000c9e8        0x0 /cygdrive/c/Users/User/Desktop/Spring2012/CMPE146/CmpE146Package/GNUARM/bin/../lib/gcc/arm-elf/4.3.2/../../../../arm-elf/lib/libc.a(lib_a-strstr.o)
 .glue_7t       0x0000c9e8        0x0 /cygdrive/c/Users/User/Desktop/Spring2012/CMPE146/CmpE146Package/GNUARM/bin/../lib/gcc/arm-elf/4.3.2/../../../../arm-elf/lib/libc.a(lib_a-strstr.o)
 .text          0x0000c9e8       0x18 /cygdrive/c/Users/User/Desktop/Spring2012/CMPE146/CmpE146Package/GNUARM/bin/../lib/gcc/arm-elf/4.3.2/../../../../arm-elf/lib/libc.a(lib_a-strtok.o)
                0x0000c9e8                strtok
 .glue_7        0x0000ca00        0x0 /cygdrive/c/Users/User/Desktop/Spring2012/CMPE146/CmpE146Package/GNUARM/bin/../lib/gcc/arm-elf/4.3.2/../../../../arm-elf/lib/libc.a(lib_a-strtok.o)
 .glue_7t       0x0000ca00        0x0 /cygdrive/c/Users/User/Desktop/Spring2012/CMPE146/CmpE146Package/GNUARM/bin/../lib/gcc/arm-elf/4.3.2/../../../../arm-elf/lib/libc.a(lib_a-strtok.o)
 .text          0x0000ca00       0xd0 /cygdrive/c/Users/User/Desktop/Spring2012/CMPE146/CmpE146Package/GNUARM/bin/../lib/gcc/arm-elf/4.3.2/../../../../arm-elf/lib/libc.a(lib_a-strtok_r.o)
                0x0000cac8                strtok_r
                0x0000ca00                __strtok_r
 .glue_7        0x0000cad0        0x0 /cygdrive/c/Users/User/Desktop/Spring2012/CMPE146/CmpE146Package/GNUARM/bin/../lib/gcc/arm-elf/4.3.2/../../../../arm-elf/lib/libc.a(lib_a-strtok_r.o)
 .glue_7t       0x0000cad0        0x0 /cygdrive/c/Users/User/Desktop/Spring2012/CMPE146/CmpE146Package/GNUARM/bin/../lib/gcc/arm-elf/4.3.2/../../../../arm-elf/lib/libc.a(lib_a-strtok_r.o)
 .text          0x0000cad0      0x1e0 /cygdrive/c/Users/User/Desktop/Spring2012/CMPE146/CmpE146Package/GNUARM/bin/../lib/gcc/arm-elf/4.3.2/../../../../arm-elf/lib/libc.a(lib_a-strtol.o)
                0x0000cc84                strtol
                0x0000cad0                _strtol_r
 .glue_7        0x0000ccb0        0x0 /cygdrive/c/Users/User/Desktop/Spring2012/CMPE146/CmpE146Package/GNUARM/bin/../lib/gcc/arm-elf/4.3.2/../../../../arm-elf/lib/libc.a(lib_a-strtol.o)
 .glue_7t       0x0000ccb0        0x0 /cygdrive/c/Users/User/Desktop/Spring2012/CMPE146/CmpE146Package/GNUARM/bin/../lib/gcc/arm-elf/4.3.2/../../../../arm-elf/lib/libc.a(lib_a-strtol.o)
 .text          0x0000ccb0      0xff0 /cygdrive/c/Users/User/Desktop/Spring2012/CMPE146/CmpE146Package/GNUARM/bin/../lib/gcc/arm-elf/4.3.2/../../../../arm-elf/lib/libc.a(lib_a-vfiprintf.o)
                0x0000dc74                vfiprintf
                0x0000cce0                _vfiprintf_r
 .glue_7        0x0000dca0        0x0 /cygdrive/c/Users/User/Desktop/Spring2012/CMPE146/CmpE146Package/GNUARM/bin/../lib/gcc/arm-elf/4.3.2/../../../../arm-elf/lib/libc.a(lib_a-vfiprintf.o)
 .glue_7t       0x0000dca0        0x0 /cygdrive/c/Users/User/Desktop/Spring2012/CMPE146/CmpE146Package/GNUARM/bin/../lib/gcc/arm-elf/4.3.2/../../../../arm-elf/lib/libc.a(lib_a-vfiprintf.o)
 .text          0x0000dca0      0x144 /cygdrive/c/Users/User/Desktop/Spring2012/CMPE146/CmpE146Package/GNUARM/bin/../lib/gcc/arm-elf/4.3.2/../../../../arm-elf/lib/libc.a(lib_a-wsetup.o)
                0x0000dca0                __swsetup_r
 .glue_7        0x0000dde4        0x0 /cygdrive/c/Users/User/Desktop/Spring2012/CMPE146/CmpE146Package/GNUARM/bin/../lib/gcc/arm-elf/4.3.2/../../../../arm-elf/lib/libc.a(lib_a-wsetup.o)
 .glue_7t       0x0000dde4        0x0 /cygdrive/c/Users/User/Desktop/Spring2012/CMPE146/CmpE146Package/GNUARM/bin/../lib/gcc/arm-elf/4.3.2/../../../../arm-elf/lib/libc.a(lib_a-wsetup.o)
 .text          0x0000dde4        0x0 /cygdrive/c/Users/User/Desktop/Spring2012/CMPE146/CmpE146Package/GNUARM/bin/../lib/gcc/arm-elf/4.3.2/../../../../arm-elf/lib/libc.a(lib_a-ctype_.o)
 .glue_7        0x0000dde4        0x0 /cygdrive/c/Users/User/Desktop/Spring2012/CMPE146/CmpE146Package/GNUARM/bin/../lib/gcc/arm-elf/4.3.2/../../../../arm-elf/lib/libc.a(lib_a-ctype_.o)
 .glue_7t       0x0000dde4        0x0 /cygdrive/c/Users/User/Desktop/Spring2012/CMPE146/CmpE146Package/GNUARM/bin/../lib/gcc/arm-elf/4.3.2/../../../../arm-elf/lib/libc.a(lib_a-ctype_.o)
 .text          0x0000dde4      0x1dc /cygdrive/c/Users/User/Desktop/Spring2012/CMPE146/CmpE146Package/GNUARM/bin/../lib/gcc/arm-elf/4.3.2/../../../../arm-elf/lib/libc.a(lib_a-fflush.o)
                0x0000df8c                fflush
                0x0000dde4                _fflush_r
 .glue_7        0x0000dfc0        0x0 /cygdrive/c/Users/User/Desktop/Spring2012/CMPE146/CmpE146Package/GNUARM/bin/../lib/gcc/arm-elf/4.3.2/../../../../arm-elf/lib/libc.a(lib_a-fflush.o)
 .glue_7t       0x0000dfc0        0x0 /cygdrive/c/Users/User/Desktop/Spring2012/CMPE146/CmpE146Package/GNUARM/bin/../lib/gcc/arm-elf/4.3.2/../../../../arm-elf/lib/libc.a(lib_a-fflush.o)
 .text          0x0000dfc0      0x2ac /cygdrive/c/Users/User/Desktop/Spring2012/CMPE146/CmpE146Package/GNUARM/bin/../lib/gcc/arm-elf/4.3.2/../../../../arm-elf/lib/libc.a(lib_a-findfp.o)
                0x0000dfc0                __sinit
                0x0000e150                __sfmoreglue
                0x0000e138                _cleanup
                0x0000e12c                _cleanup_r
                0x0000e114                __fp_lock_all
                0x0000e0dc                __sfp_lock_acquire
                0x0000e198                __sfp
                0x0000e0e8                __sinit_lock_release
                0x0000e0fc                __fp_unlock_all
                0x0000e0e0                __sfp_lock_release
                0x0000e0e4                __sinit_lock_acquire
 .glue_7        0x0000e26c        0x0 /cygdrive/c/Users/User/Desktop/Spring2012/CMPE146/CmpE146Package/GNUARM/bin/../lib/gcc/arm-elf/4.3.2/../../../../arm-elf/lib/libc.a(lib_a-findfp.o)
 .glue_7t       0x0000e26c        0x0 /cygdrive/c/Users/User/Desktop/Spring2012/CMPE146/CmpE146Package/GNUARM/bin/../lib/gcc/arm-elf/4.3.2/../../../../arm-elf/lib/libc.a(lib_a-findfp.o)
 .text          0x0000e26c      0x370 /cygdrive/c/Users/User/Desktop/Spring2012/CMPE146/CmpE146Package/GNUARM/bin/../lib/gcc/arm-elf/4.3.2/../../../../arm-elf/lib/libc.a(lib_a-freer.o)
                0x0000e364                _free_r
                0x0000e26c                _malloc_trim_r
 .glue_7        0x0000e5dc        0x0 /cygdrive/c/Users/User/Desktop/Spring2012/CMPE146/CmpE146Package/GNUARM/bin/../lib/gcc/arm-elf/4.3.2/../../../../arm-elf/lib/libc.a(lib_a-freer.o)
 .glue_7t       0x0000e5dc        0x0 /cygdrive/c/Users/User/Desktop/Spring2012/CMPE146/CmpE146Package/GNUARM/bin/../lib/gcc/arm-elf/4.3.2/../../../../arm-elf/lib/libc.a(lib_a-freer.o)
 .text          0x0000e5dc      0x46c /cygdrive/c/Users/User/Desktop/Spring2012/CMPE146/CmpE146Package/GNUARM/bin/../lib/gcc/arm-elf/4.3.2/../../../../arm-elf/lib/libc.a(lib_a-fvwrite.o)
                0x0000e5dc                __sfvwrite_r
 .glue_7        0x0000ea48        0x0 /cygdrive/c/Users/User/Desktop/Spring2012/CMPE146/CmpE146Package/GNUARM/bin/../lib/gcc/arm-elf/4.3.2/../../../../arm-elf/lib/libc.a(lib_a-fvwrite.o)
 .glue_7t       0x0000ea48        0x0 /cygdrive/c/Users/User/Desktop/Spring2012/CMPE146/CmpE146Package/GNUARM/bin/../lib/gcc/arm-elf/4.3.2/../../../../arm-elf/lib/libc.a(lib_a-fvwrite.o)
 .text          0x0000ea48      0x10c /cygdrive/c/Users/User/Desktop/Spring2012/CMPE146/CmpE146Package/GNUARM/bin/../lib/gcc/arm-elf/4.3.2/../../../../arm-elf/lib/libc.a(lib_a-fwalk.o)
                0x0000ead0                _fwalk
                0x0000ea48                _fwalk_reent
 .glue_7        0x0000eb54        0x0 /cygdrive/c/Users/User/Desktop/Spring2012/CMPE146/CmpE146Package/GNUARM/bin/../lib/gcc/arm-elf/4.3.2/../../../../arm-elf/lib/libc.a(lib_a-fwalk.o)
 .glue_7t       0x0000eb54        0x0 /cygdrive/c/Users/User/Desktop/Spring2012/CMPE146/CmpE146Package/GNUARM/bin/../lib/gcc/arm-elf/4.3.2/../../../../arm-elf/lib/libc.a(lib_a-fwalk.o)
 .text          0x0000eb54        0x0 /cygdrive/c/Users/User/Desktop/Spring2012/CMPE146/CmpE146Package/GNUARM/bin/../lib/gcc/arm-elf/4.3.2/../../../../arm-elf/lib/libc.a(lib_a-impure.o)
 .glue_7        0x0000eb54        0x0 /cygdrive/c/Users/User/Desktop/Spring2012/CMPE146/CmpE146Package/GNUARM/bin/../lib/gcc/arm-elf/4.3.2/../../../../arm-elf/lib/libc.a(lib_a-impure.o)
 .glue_7t       0x0000eb54        0x0 /cygdrive/c/Users/User/Desktop/Spring2012/CMPE146/CmpE146Package/GNUARM/bin/../lib/gcc/arm-elf/4.3.2/../../../../arm-elf/lib/libc.a(lib_a-impure.o)
 .text          0x0000eb54      0x164 /cygdrive/c/Users/User/Desktop/Spring2012/CMPE146/CmpE146Package/GNUARM/bin/../lib/gcc/arm-elf/4.3.2/../../../../arm-elf/lib/libc.a(lib_a-makebuf.o)
                0x0000eb54                __smakebuf_r
 .glue_7        0x0000ecb8        0x0 /cygdrive/c/Users/User/Desktop/Spring2012/CMPE146/CmpE146Package/GNUARM/bin/../lib/gcc/arm-elf/4.3.2/../../../../arm-elf/lib/libc.a(lib_a-makebuf.o)
 .glue_7t       0x0000ecb8        0x0 /cygdrive/c/Users/User/Desktop/Spring2012/CMPE146/CmpE146Package/GNUARM/bin/../lib/gcc/arm-elf/4.3.2/../../../../arm-elf/lib/libc.a(lib_a-makebuf.o)
 .text          0x0000ecb8      0x118 /cygdrive/c/Users/User/Desktop/Spring2012/CMPE146/CmpE146Package/GNUARM/bin/../lib/gcc/arm-elf/4.3.2/../../../../arm-elf/lib/libc.a(lib_a-memchr.o)
                0x0000ecb8                memchr
 .glue_7        0x0000edd0        0x0 /cygdrive/c/Users/User/Desktop/Spring2012/CMPE146/CmpE146Package/GNUARM/bin/../lib/gcc/arm-elf/4.3.2/../../../../arm-elf/lib/libc.a(lib_a-memchr.o)
 .glue_7t       0x0000edd0        0x0 /cygdrive/c/Users/User/Desktop/Spring2012/CMPE146/CmpE146Package/GNUARM/bin/../lib/gcc/arm-elf/4.3.2/../../../../arm-elf/lib/libc.a(lib_a-memchr.o)
 .text          0x0000edd0      0x144 /cygdrive/c/Users/User/Desktop/Spring2012/CMPE146/CmpE146Package/GNUARM/bin/../lib/gcc/arm-elf/4.3.2/../../../../arm-elf/lib/libc.a(lib_a-memmove.o)
                0x0000edd0                memmove
 .glue_7        0x0000ef14        0x0 /cygdrive/c/Users/User/Desktop/Spring2012/CMPE146/CmpE146Package/GNUARM/bin/../lib/gcc/arm-elf/4.3.2/../../../../arm-elf/lib/libc.a(lib_a-memmove.o)
 .glue_7t       0x0000ef14        0x0 /cygdrive/c/Users/User/Desktop/Spring2012/CMPE146/CmpE146Package/GNUARM/bin/../lib/gcc/arm-elf/4.3.2/../../../../arm-elf/lib/libc.a(lib_a-memmove.o)
 .text          0x0000ef14       0xc0 /cygdrive/c/Users/User/Desktop/Spring2012/CMPE146/CmpE146Package/GNUARM/bin/../lib/gcc/arm-elf/4.3.2/../../../../arm-elf/lib/libc.a(lib_a-stdio.o)
                0x0000ef1c                __sseek
                0x0000efa4                __sread
                0x0000ef14                __sclose
                0x0000ef50                __swrite
 .glue_7        0x0000efd4        0x0 /cygdrive/c/Users/User/Desktop/Spring2012/CMPE146/CmpE146Package/GNUARM/bin/../lib/gcc/arm-elf/4.3.2/../../../../arm-elf/lib/libc.a(lib_a-stdio.o)
 .glue_7t       0x0000efd4        0x0 /cygdrive/c/Users/User/Desktop/Spring2012/CMPE146/CmpE146Package/GNUARM/bin/../lib/gcc/arm-elf/4.3.2/../../../../arm-elf/lib/libc.a(lib_a-stdio.o)
 .text          0x0000efd4      0x8ec /cygdrive/c/Users/User/Desktop/Spring2012/CMPE146/CmpE146Package/GNUARM/bin/../lib/gcc/arm-elf/4.3.2/../../../../arm-elf/lib/libc.a(lib_a-syscalls.o)
                0x0000f0fc                _getpid
                0x0000efd4                initialise_monitor_handles
                0x0000f4cc                isatty
                0x0000f890                _fstat
                0x0000f3dc                _open
                0x0000f3fc                _sbrk
                0x0000f10c                _raise
                0x0000f154                _times
                0x0000f844                _stat
                0x0000f754                _lseek
                0x0000f104                _link
                0x0000f57c                _swiwrite
                0x0000f1d0                _rename
                0x0000f660                _swilseek
                0x0000f504                _swiclose
                0x0000f2fc                _swiopen
                0x0000f2b8                _unlink
                0x0000f5b8                _write
                0x0000f088                _kill
                0x0000f110                _gettimeofday
                0x0000f7a0                _read
                0x0000f0dc                _exit
                0x0000f228                _system
                0x0000f764                _swiread
                0x0000f56c                _close
 .glue_7        0x0000f8c0        0x0 /cygdrive/c/Users/User/Desktop/Spring2012/CMPE146/CmpE146Package/GNUARM/bin/../lib/gcc/arm-elf/4.3.2/../../../../arm-elf/lib/libc.a(lib_a-syscalls.o)
 .glue_7t       0x0000f8c0        0x0 /cygdrive/c/Users/User/Desktop/Spring2012/CMPE146/CmpE146Package/GNUARM/bin/../lib/gcc/arm-elf/4.3.2/../../../../arm-elf/lib/libc.a(lib_a-syscalls.o)
 .text          0x0000f8c0       0x10 /cygdrive/c/Users/User/Desktop/Spring2012/CMPE146/CmpE146Package/GNUARM/bin/../lib/gcc/arm-elf/4.3.2/../../../../arm-elf/lib/libc.a(lib_a-errno.o)
                0x0000f8c0                __errno
 .glue_7        0x0000f8d0        0x0 /cygdrive/c/Users/User/Desktop/Spring2012/CMPE146/CmpE146Package/GNUARM/bin/../lib/gcc/arm-elf/4.3.2/../../../../arm-elf/lib/libc.a(lib_a-errno.o)
 .glue_7t       0x0000f8d0        0x0 /cygdrive/c/Users/User/Desktop/Spring2012/CMPE146/CmpE146Package/GNUARM/bin/../lib/gcc/arm-elf/4.3.2/../../../../arm-elf/lib/libc.a(lib_a-errno.o)
 .text          0x0000f8d0      0x118 /cygdrive/c/Users/User/Desktop/Spring2012/CMPE146/CmpE146Package/GNUARM/bin/../lib/gcc/arm-elf/4.3.2/../../../../arm-elf/lib/libc.a(lib_a-fclose.o)
                0x0000f8d0                _fclose_r
                0x0000f9d4                fclose
 .glue_7        0x0000f9e8        0x0 /cygdrive/c/Users/User/Desktop/Spring2012/CMPE146/CmpE146Package/GNUARM/bin/../lib/gcc/arm-elf/4.3.2/../../../../arm-elf/lib/libc.a(lib_a-fclose.o)
 .glue_7t       0x0000f9e8        0x0 /cygdrive/c/Users/User/Desktop/Spring2012/CMPE146/CmpE146Package/GNUARM/bin/../lib/gcc/arm-elf/4.3.2/../../../../arm-elf/lib/libc.a(lib_a-fclose.o)
                0x0000f9e8                __text_end__ = (__text_start__ + SIZEOF (.text))
                0x0000f9e8                __dtors_load_start__ = (__text_end__ ALIGN 0x4)

.vfp11_veneer   0x00000000        0x0
 .vfp11_veneer  0x00000000        0x0 ./main.o
 .vfp11_veneer  0x00000000        0x0 ./utils/src/rprintf.o
 .vfp11_veneer  0x00000000        0x0 ./utils/src/timer.o
 .vfp11_veneer  0x00000000        0x0 ./fat/diskio.o
 .vfp11_veneer  0x00000000        0x0 ./fat/ff.o
 .vfp11_veneer  0x00000000        0x0 ./fat/rtc.o
 .vfp11_veneer  0x00000000        0x0 ./fat/option/ccsbcs.o
 .vfp11_veneer  0x00000000        0x0 ./fat/option/reentrant.o
 .vfp11_veneer  0x00000000        0x0 ./drivers/i2c.o
 .vfp11_veneer  0x00000000        0x0 ./drivers/pcm1774.o
 .vfp11_veneer  0x00000000        0x0 ./drivers/ssp_spi.o
 .vfp11_veneer  0x00000000        0x0 ./drivers/sta013.o
 .vfp11_veneer  0x00000000        0x0 ./drivers/uart0.o
 .vfp11_veneer  0x00000000        0x0 ./drivers/uart1.o
 .vfp11_veneer  0x00000000        0x0 ./drivers/watchdog.o
 .vfp11_veneer  0x00000000        0x0 ./System/cppmem.o
 .vfp11_veneer  0x00000000        0x0 ./System/cpu.o
 .vfp11_veneer  0x00000000        0x0 ./System/syscalls.o
 .vfp11_veneer  0x00000000        0x0 ./System/startup/Arm7CStartup.o
 .vfp11_veneer  0x00000000        0x0 ./System/startup/Lpc2000ExceptionVectors.o
 .vfp11_veneer  0x00000000        0x0 ./System/startup/exceptionHandlers.o
 .vfp11_veneer  0x00000000        0x0 ./MP3/mp3.o
 .vfp11_veneer  0x00000000        0x0 ./General/userInterface.o
 .vfp11_veneer  0x00000000        0x0 ./FreeRTOS/src/croutine.o
 .vfp11_veneer  0x00000000        0x0 ./FreeRTOS/src/list.o
 .vfp11_veneer  0x00000000        0x0 ./FreeRTOS/src/port.o
 .vfp11_veneer  0x00000000        0x0 ./FreeRTOS/src/portISR.o
 .vfp11_veneer  0x00000000        0x0 ./FreeRTOS/src/queue.o
 .vfp11_veneer  0x00000000        0x0 ./FreeRTOS/src/tasks.o
 .vfp11_veneer  0x00000000        0x0 ./FreeRTOS/src/timers.o
 .vfp11_veneer  0x00000000        0x0 ./FreeRTOS/mem/heap_3.o
 .vfp11_veneer  0x00000000        0x0 ./FreeRTOS/hooks/hooks.o
 .vfp11_veneer  0x00000000        0x0 /cygdrive/c/Users/User/Desktop/Spring2012/CMPE146/CmpE146Package/GNUARM/bin/../lib/gcc/arm-elf/4.3.2/libgcc.a(_udivsi3.o)
 .vfp11_veneer  0x00000000        0x0 /cygdrive/c/Users/User/Desktop/Spring2012/CMPE146/CmpE146Package/GNUARM/bin/../lib/gcc/arm-elf/4.3.2/libgcc.a(_divsi3.o)
 .vfp11_veneer  0x00000000        0x0 /cygdrive/c/Users/User/Desktop/Spring2012/CMPE146/CmpE146Package/GNUARM/bin/../lib/gcc/arm-elf/4.3.2/libgcc.a(_umodsi3.o)
 .vfp11_veneer  0x00000000        0x0 /cygdrive/c/Users/User/Desktop/Spring2012/CMPE146/CmpE146Package/GNUARM/bin/../lib/gcc/arm-elf/4.3.2/libgcc.a(_dvmd_tls.o)
 .vfp11_veneer  0x00000000        0x0 /cygdrive/c/Users/User/Desktop/Spring2012/CMPE146/CmpE146Package/GNUARM/bin/../lib/gcc/arm-elf/4.3.2/../../../../arm-elf/lib/libc.a(lib_a-atoi.o)
 .vfp11_veneer  0x00000000        0x0 /cygdrive/c/Users/User/Desktop/Spring2012/CMPE146/CmpE146Package/GNUARM/bin/../lib/gcc/arm-elf/4.3.2/../../../../arm-elf/lib/libc.a(lib_a-iprintf.o)
 .vfp11_veneer  0x00000000        0x0 /cygdrive/c/Users/User/Desktop/Spring2012/CMPE146/CmpE146Package/GNUARM/bin/../lib/gcc/arm-elf/4.3.2/../../../../arm-elf/lib/libc.a(lib_a-malloc.o)
 .vfp11_veneer  0x00000000        0x0 /cygdrive/c/Users/User/Desktop/Spring2012/CMPE146/CmpE146Package/GNUARM/bin/../lib/gcc/arm-elf/4.3.2/../../../../arm-elf/lib/libc.a(lib_a-mallocr.o)
 .vfp11_veneer  0x00000000        0x0 /cygdrive/c/Users/User/Desktop/Spring2012/CMPE146/CmpE146Package/GNUARM/bin/../lib/gcc/arm-elf/4.3.2/../../../../arm-elf/lib/libc.a(lib_a-memcmp.o)
 .vfp11_veneer  0x00000000        0x0 /cygdrive/c/Users/User/Desktop/Spring2012/CMPE146/CmpE146Package/GNUARM/bin/../lib/gcc/arm-elf/4.3.2/../../../../arm-elf/lib/libc.a(lib_a-memcpy.o)
 .vfp11_veneer  0x00000000        0x0 /cygdrive/c/Users/User/Desktop/Spring2012/CMPE146/CmpE146Package/GNUARM/bin/../lib/gcc/arm-elf/4.3.2/../../../../arm-elf/lib/libc.a(lib_a-memset.o)
 .vfp11_veneer  0x00000000        0x0 /cygdrive/c/Users/User/Desktop/Spring2012/CMPE146/CmpE146Package/GNUARM/bin/../lib/gcc/arm-elf/4.3.2/../../../../arm-elf/lib/libc.a(lib_a-mlock.o)
 .vfp11_veneer  0x00000000        0x0 /cygdrive/c/Users/User/Desktop/Spring2012/CMPE146/CmpE146Package/GNUARM/bin/../lib/gcc/arm-elf/4.3.2/../../../../arm-elf/lib/libc.a(lib_a-realloc.o)
 .vfp11_veneer  0x00000000        0x0 /cygdrive/c/Users/User/Desktop/Spring2012/CMPE146/CmpE146Package/GNUARM/bin/../lib/gcc/arm-elf/4.3.2/../../../../arm-elf/lib/libc.a(lib_a-reallocr.o)
 .vfp11_veneer  0x00000000        0x0 /cygdrive/c/Users/User/Desktop/Spring2012/CMPE146/CmpE146Package/GNUARM/bin/../lib/gcc/arm-elf/4.3.2/../../../../arm-elf/lib/libc.a(lib_a-siprintf.o)
 .vfp11_veneer  0x00000000        0x0 /cygdrive/c/Users/User/Desktop/Spring2012/CMPE146/CmpE146Package/GNUARM/bin/../lib/gcc/arm-elf/4.3.2/../../../../arm-elf/lib/libc.a(lib_a-strcmp.o)
 .vfp11_veneer  0x00000000        0x0 /cygdrive/c/Users/User/Desktop/Spring2012/CMPE146/CmpE146Package/GNUARM/bin/../lib/gcc/arm-elf/4.3.2/../../../../arm-elf/lib/libc.a(lib_a-strcpy.o)
 .vfp11_veneer  0x00000000        0x0 /cygdrive/c/Users/User/Desktop/Spring2012/CMPE146/CmpE146Package/GNUARM/bin/../lib/gcc/arm-elf/4.3.2/../../../../arm-elf/lib/libc.a(lib_a-strlen.o)
 .vfp11_veneer  0x00000000        0x0 /cygdrive/c/Users/User/Desktop/Spring2012/CMPE146/CmpE146Package/GNUARM/bin/../lib/gcc/arm-elf/4.3.2/../../../../arm-elf/lib/libc.a(lib_a-strncpy.o)
 .vfp11_veneer  0x00000000        0x0 /cygdrive/c/Users/User/Desktop/Spring2012/CMPE146/CmpE146Package/GNUARM/bin/../lib/gcc/arm-elf/4.3.2/../../../../arm-elf/lib/libc.a(lib_a-strstr.o)
 .vfp11_veneer  0x00000000        0x0 /cygdrive/c/Users/User/Desktop/Spring2012/CMPE146/CmpE146Package/GNUARM/bin/../lib/gcc/arm-elf/4.3.2/../../../../arm-elf/lib/libc.a(lib_a-strtok.o)
 .vfp11_veneer  0x00000000        0x0 /cygdrive/c/Users/User/Desktop/Spring2012/CMPE146/CmpE146Package/GNUARM/bin/../lib/gcc/arm-elf/4.3.2/../../../../arm-elf/lib/libc.a(lib_a-strtok_r.o)
 .vfp11_veneer  0x00000000        0x0 /cygdrive/c/Users/User/Desktop/Spring2012/CMPE146/CmpE146Package/GNUARM/bin/../lib/gcc/arm-elf/4.3.2/../../../../arm-elf/lib/libc.a(lib_a-strtol.o)
 .vfp11_veneer  0x00000000        0x0 /cygdrive/c/Users/User/Desktop/Spring2012/CMPE146/CmpE146Package/GNUARM/bin/../lib/gcc/arm-elf/4.3.2/../../../../arm-elf/lib/libc.a(lib_a-vfiprintf.o)
 .vfp11_veneer  0x00000000        0x0 /cygdrive/c/Users/User/Desktop/Spring2012/CMPE146/CmpE146Package/GNUARM/bin/../lib/gcc/arm-elf/4.3.2/../../../../arm-elf/lib/libc.a(lib_a-wsetup.o)
 .vfp11_veneer  0x00000000        0x0 /cygdrive/c/Users/User/Desktop/Spring2012/CMPE146/CmpE146Package/GNUARM/bin/../lib/gcc/arm-elf/4.3.2/../../../../arm-elf/lib/libc.a(lib_a-ctype_.o)
 .vfp11_veneer  0x00000000        0x0 /cygdrive/c/Users/User/Desktop/Spring2012/CMPE146/CmpE146Package/GNUARM/bin/../lib/gcc/arm-elf/4.3.2/../../../../arm-elf/lib/libc.a(lib_a-fflush.o)
 .vfp11_veneer  0x00000000        0x0 /cygdrive/c/Users/User/Desktop/Spring2012/CMPE146/CmpE146Package/GNUARM/bin/../lib/gcc/arm-elf/4.3.2/../../../../arm-elf/lib/libc.a(lib_a-findfp.o)
 .vfp11_veneer  0x00000000        0x0 /cygdrive/c/Users/User/Desktop/Spring2012/CMPE146/CmpE146Package/GNUARM/bin/../lib/gcc/arm-elf/4.3.2/../../../../arm-elf/lib/libc.a(lib_a-freer.o)
 .vfp11_veneer  0x00000000        0x0 /cygdrive/c/Users/User/Desktop/Spring2012/CMPE146/CmpE146Package/GNUARM/bin/../lib/gcc/arm-elf/4.3.2/../../../../arm-elf/lib/libc.a(lib_a-fvwrite.o)
 .vfp11_veneer  0x00000000        0x0 /cygdrive/c/Users/User/Desktop/Spring2012/CMPE146/CmpE146Package/GNUARM/bin/../lib/gcc/arm-elf/4.3.2/../../../../arm-elf/lib/libc.a(lib_a-fwalk.o)
 .vfp11_veneer  0x00000000        0x0 /cygdrive/c/Users/User/Desktop/Spring2012/CMPE146/CmpE146Package/GNUARM/bin/../lib/gcc/arm-elf/4.3.2/../../../../arm-elf/lib/libc.a(lib_a-impure.o)
 .vfp11_veneer  0x00000000        0x0 /cygdrive/c/Users/User/Desktop/Spring2012/CMPE146/CmpE146Package/GNUARM/bin/../lib/gcc/arm-elf/4.3.2/../../../../arm-elf/lib/libc.a(lib_a-makebuf.o)
 .vfp11_veneer  0x00000000        0x0 /cygdrive/c/Users/User/Desktop/Spring2012/CMPE146/CmpE146Package/GNUARM/bin/../lib/gcc/arm-elf/4.3.2/../../../../arm-elf/lib/libc.a(lib_a-memchr.o)
 .vfp11_veneer  0x00000000        0x0 /cygdrive/c/Users/User/Desktop/Spring2012/CMPE146/CmpE146Package/GNUARM/bin/../lib/gcc/arm-elf/4.3.2/../../../../arm-elf/lib/libc.a(lib_a-memmove.o)
 .vfp11_veneer  0x00000000        0x0 /cygdrive/c/Users/User/Desktop/Spring2012/CMPE146/CmpE146Package/GNUARM/bin/../lib/gcc/arm-elf/4.3.2/../../../../arm-elf/lib/libc.a(lib_a-stdio.o)
 .vfp11_veneer  0x00000000        0x0 /cygdrive/c/Users/User/Desktop/Spring2012/CMPE146/CmpE146Package/GNUARM/bin/../lib/gcc/arm-elf/4.3.2/../../../../arm-elf/lib/libc.a(lib_a-syscalls.o)
 .vfp11_veneer  0x00000000        0x0 /cygdrive/c/Users/User/Desktop/Spring2012/CMPE146/CmpE146Package/GNUARM/bin/../lib/gcc/arm-elf/4.3.2/../../../../arm-elf/lib/libc.a(lib_a-errno.o)
 .vfp11_veneer  0x00000000        0x0 /cygdrive/c/Users/User/Desktop/Spring2012/CMPE146/CmpE146Package/GNUARM/bin/../lib/gcc/arm-elf/4.3.2/../../../../arm-elf/lib/libc.a(lib_a-fclose.o)

.v4_bx          0x00000000        0x0
 .v4_bx         0x00000000        0x0 ./main.o
 .v4_bx         0x00000000        0x0 ./utils/src/rprintf.o
 .v4_bx         0x00000000        0x0 ./utils/src/timer.o
 .v4_bx         0x00000000        0x0 ./fat/diskio.o
 .v4_bx         0x00000000        0x0 ./fat/ff.o
 .v4_bx         0x00000000        0x0 ./fat/rtc.o
 .v4_bx         0x00000000        0x0 ./fat/option/ccsbcs.o
 .v4_bx         0x00000000        0x0 ./fat/option/reentrant.o
 .v4_bx         0x00000000        0x0 ./drivers/i2c.o
 .v4_bx         0x00000000        0x0 ./drivers/pcm1774.o
 .v4_bx         0x00000000        0x0 ./drivers/ssp_spi.o
 .v4_bx         0x00000000        0x0 ./drivers/sta013.o
 .v4_bx         0x00000000        0x0 ./drivers/uart0.o
 .v4_bx         0x00000000        0x0 ./drivers/uart1.o
 .v4_bx         0x00000000        0x0 ./drivers/watchdog.o
 .v4_bx         0x00000000        0x0 ./System/cppmem.o
 .v4_bx         0x00000000        0x0 ./System/cpu.o
 .v4_bx         0x00000000        0x0 ./System/syscalls.o
 .v4_bx         0x00000000        0x0 ./System/startup/Arm7CStartup.o
 .v4_bx         0x00000000        0x0 ./System/startup/Lpc2000ExceptionVectors.o
 .v4_bx         0x00000000        0x0 ./System/startup/exceptionHandlers.o
 .v4_bx         0x00000000        0x0 ./MP3/mp3.o
 .v4_bx         0x00000000        0x0 ./General/userInterface.o
 .v4_bx         0x00000000        0x0 ./FreeRTOS/src/croutine.o
 .v4_bx         0x00000000        0x0 ./FreeRTOS/src/list.o
 .v4_bx         0x00000000        0x0 ./FreeRTOS/src/port.o
 .v4_bx         0x00000000        0x0 ./FreeRTOS/src/portISR.o
 .v4_bx         0x00000000        0x0 ./FreeRTOS/src/queue.o
 .v4_bx         0x00000000        0x0 ./FreeRTOS/src/tasks.o
 .v4_bx         0x00000000        0x0 ./FreeRTOS/src/timers.o
 .v4_bx         0x00000000        0x0 ./FreeRTOS/mem/heap_3.o
 .v4_bx         0x00000000        0x0 ./FreeRTOS/hooks/hooks.o
 .v4_bx         0x00000000        0x0 /cygdrive/c/Users/User/Desktop/Spring2012/CMPE146/CmpE146Package/GNUARM/bin/../lib/gcc/arm-elf/4.3.2/libgcc.a(_udivsi3.o)
 .v4_bx         0x00000000        0x0 /cygdrive/c/Users/User/Desktop/Spring2012/CMPE146/CmpE146Package/GNUARM/bin/../lib/gcc/arm-elf/4.3.2/libgcc.a(_divsi3.o)
 .v4_bx         0x00000000        0x0 /cygdrive/c/Users/User/Desktop/Spring2012/CMPE146/CmpE146Package/GNUARM/bin/../lib/gcc/arm-elf/4.3.2/libgcc.a(_umodsi3.o)
 .v4_bx         0x00000000        0x0 /cygdrive/c/Users/User/Desktop/Spring2012/CMPE146/CmpE146Package/GNUARM/bin/../lib/gcc/arm-elf/4.3.2/libgcc.a(_dvmd_tls.o)
 .v4_bx         0x00000000        0x0 /cygdrive/c/Users/User/Desktop/Spring2012/CMPE146/CmpE146Package/GNUARM/bin/../lib/gcc/arm-elf/4.3.2/../../../../arm-elf/lib/libc.a(lib_a-atoi.o)
 .v4_bx         0x00000000        0x0 /cygdrive/c/Users/User/Desktop/Spring2012/CMPE146/CmpE146Package/GNUARM/bin/../lib/gcc/arm-elf/4.3.2/../../../../arm-elf/lib/libc.a(lib_a-iprintf.o)
 .v4_bx         0x00000000        0x0 /cygdrive/c/Users/User/Desktop/Spring2012/CMPE146/CmpE146Package/GNUARM/bin/../lib/gcc/arm-elf/4.3.2/../../../../arm-elf/lib/libc.a(lib_a-malloc.o)
 .v4_bx         0x00000000        0x0 /cygdrive/c/Users/User/Desktop/Spring2012/CMPE146/CmpE146Package/GNUARM/bin/../lib/gcc/arm-elf/4.3.2/../../../../arm-elf/lib/libc.a(lib_a-mallocr.o)
 .v4_bx         0x00000000        0x0 /cygdrive/c/Users/User/Desktop/Spring2012/CMPE146/CmpE146Package/GNUARM/bin/../lib/gcc/arm-elf/4.3.2/../../../../arm-elf/lib/libc.a(lib_a-memcmp.o)
 .v4_bx         0x00000000        0x0 /cygdrive/c/Users/User/Desktop/Spring2012/CMPE146/CmpE146Package/GNUARM/bin/../lib/gcc/arm-elf/4.3.2/../../../../arm-elf/lib/libc.a(lib_a-memcpy.o)
 .v4_bx         0x00000000        0x0 /cygdrive/c/Users/User/Desktop/Spring2012/CMPE146/CmpE146Package/GNUARM/bin/../lib/gcc/arm-elf/4.3.2/../../../../arm-elf/lib/libc.a(lib_a-memset.o)
 .v4_bx         0x00000000        0x0 /cygdrive/c/Users/User/Desktop/Spring2012/CMPE146/CmpE146Package/GNUARM/bin/../lib/gcc/arm-elf/4.3.2/../../../../arm-elf/lib/libc.a(lib_a-mlock.o)
 .v4_bx         0x00000000        0x0 /cygdrive/c/Users/User/Desktop/Spring2012/CMPE146/CmpE146Package/GNUARM/bin/../lib/gcc/arm-elf/4.3.2/../../../../arm-elf/lib/libc.a(lib_a-realloc.o)
 .v4_bx         0x00000000        0x0 /cygdrive/c/Users/User/Desktop/Spring2012/CMPE146/CmpE146Package/GNUARM/bin/../lib/gcc/arm-elf/4.3.2/../../../../arm-elf/lib/libc.a(lib_a-reallocr.o)
 .v4_bx         0x00000000        0x0 /cygdrive/c/Users/User/Desktop/Spring2012/CMPE146/CmpE146Package/GNUARM/bin/../lib/gcc/arm-elf/4.3.2/../../../../arm-elf/lib/libc.a(lib_a-siprintf.o)
 .v4_bx         0x00000000        0x0 /cygdrive/c/Users/User/Desktop/Spring2012/CMPE146/CmpE146Package/GNUARM/bin/../lib/gcc/arm-elf/4.3.2/../../../../arm-elf/lib/libc.a(lib_a-strcmp.o)
 .v4_bx         0x00000000        0x0 /cygdrive/c/Users/User/Desktop/Spring2012/CMPE146/CmpE146Package/GNUARM/bin/../lib/gcc/arm-elf/4.3.2/../../../../arm-elf/lib/libc.a(lib_a-strcpy.o)
 .v4_bx         0x00000000        0x0 /cygdrive/c/Users/User/Desktop/Spring2012/CMPE146/CmpE146Package/GNUARM/bin/../lib/gcc/arm-elf/4.3.2/../../../../arm-elf/lib/libc.a(lib_a-strlen.o)
 .v4_bx         0x00000000        0x0 /cygdrive/c/Users/User/Desktop/Spring2012/CMPE146/CmpE146Package/GNUARM/bin/../lib/gcc/arm-elf/4.3.2/../../../../arm-elf/lib/libc.a(lib_a-strncpy.o)
 .v4_bx         0x00000000        0x0 /cygdrive/c/Users/User/Desktop/Spring2012/CMPE146/CmpE146Package/GNUARM/bin/../lib/gcc/arm-elf/4.3.2/../../../../arm-elf/lib/libc.a(lib_a-strstr.o)
 .v4_bx         0x00000000        0x0 /cygdrive/c/Users/User/Desktop/Spring2012/CMPE146/CmpE146Package/GNUARM/bin/../lib/gcc/arm-elf/4.3.2/../../../../arm-elf/lib/libc.a(lib_a-strtok.o)
 .v4_bx         0x00000000        0x0 /cygdrive/c/Users/User/Desktop/Spring2012/CMPE146/CmpE146Package/GNUARM/bin/../lib/gcc/arm-elf/4.3.2/../../../../arm-elf/lib/libc.a(lib_a-strtok_r.o)
 .v4_bx         0x00000000        0x0 /cygdrive/c/Users/User/Desktop/Spring2012/CMPE146/CmpE146Package/GNUARM/bin/../lib/gcc/arm-elf/4.3.2/../../../../arm-elf/lib/libc.a(lib_a-strtol.o)
 .v4_bx         0x00000000        0x0 /cygdrive/c/Users/User/Desktop/Spring2012/CMPE146/CmpE146Package/GNUARM/bin/../lib/gcc/arm-elf/4.3.2/../../../../arm-elf/lib/libc.a(lib_a-vfiprintf.o)
 .v4_bx         0x00000000        0x0 /cygdrive/c/Users/User/Desktop/Spring2012/CMPE146/CmpE146Package/GNUARM/bin/../lib/gcc/arm-elf/4.3.2/../../../../arm-elf/lib/libc.a(lib_a-wsetup.o)
 .v4_bx         0x00000000        0x0 /cygdrive/c/Users/User/Desktop/Spring2012/CMPE146/CmpE146Package/GNUARM/bin/../lib/gcc/arm-elf/4.3.2/../../../../arm-elf/lib/libc.a(lib_a-ctype_.o)
 .v4_bx         0x00000000        0x0 /cygdrive/c/Users/User/Desktop/Spring2012/CMPE146/CmpE146Package/GNUARM/bin/../lib/gcc/arm-elf/4.3.2/../../../../arm-elf/lib/libc.a(lib_a-fflush.o)
 .v4_bx         0x00000000        0x0 /cygdrive/c/Users/User/Desktop/Spring2012/CMPE146/CmpE146Package/GNUARM/bin/../lib/gcc/arm-elf/4.3.2/../../../../arm-elf/lib/libc.a(lib_a-findfp.o)
 .v4_bx         0x00000000        0x0 /cygdrive/c/Users/User/Desktop/Spring2012/CMPE146/CmpE146Package/GNUARM/bin/../lib/gcc/arm-elf/4.3.2/../../../../arm-elf/lib/libc.a(lib_a-freer.o)
 .v4_bx         0x00000000        0x0 /cygdrive/c/Users/User/Desktop/Spring2012/CMPE146/CmpE146Package/GNUARM/bin/../lib/gcc/arm-elf/4.3.2/../../../../arm-elf/lib/libc.a(lib_a-fvwrite.o)
 .v4_bx         0x00000000        0x0 /cygdrive/c/Users/User/Desktop/Spring2012/CMPE146/CmpE146Package/GNUARM/bin/../lib/gcc/arm-elf/4.3.2/../../../../arm-elf/lib/libc.a(lib_a-fwalk.o)
 .v4_bx         0x00000000        0x0 /cygdrive/c/Users/User/Desktop/Spring2012/CMPE146/CmpE146Package/GNUARM/bin/../lib/gcc/arm-elf/4.3.2/../../../../arm-elf/lib/libc.a(lib_a-impure.o)
 .v4_bx         0x00000000        0x0 /cygdrive/c/Users/User/Desktop/Spring2012/CMPE146/CmpE146Package/GNUARM/bin/../lib/gcc/arm-elf/4.3.2/../../../../arm-elf/lib/libc.a(lib_a-makebuf.o)
 .v4_bx         0x00000000        0x0 /cygdrive/c/Users/User/Desktop/Spring2012/CMPE146/CmpE146Package/GNUARM/bin/../lib/gcc/arm-elf/4.3.2/../../../../arm-elf/lib/libc.a(lib_a-memchr.o)
 .v4_bx         0x00000000        0x0 /cygdrive/c/Users/User/Desktop/Spring2012/CMPE146/CmpE146Package/GNUARM/bin/../lib/gcc/arm-elf/4.3.2/../../../../arm-elf/lib/libc.a(lib_a-memmove.o)
 .v4_bx         0x00000000        0x0 /cygdrive/c/Users/User/Desktop/Spring2012/CMPE146/CmpE146Package/GNUARM/bin/../lib/gcc/arm-elf/4.3.2/../../../../arm-elf/lib/libc.a(lib_a-stdio.o)
 .v4_bx         0x00000000        0x0 /cygdrive/c/Users/User/Desktop/Spring2012/CMPE146/CmpE146Package/GNUARM/bin/../lib/gcc/arm-elf/4.3.2/../../../../arm-elf/lib/libc.a(lib_a-syscalls.o)
 .v4_bx         0x00000000        0x0 /cygdrive/c/Users/User/Desktop/Spring2012/CMPE146/CmpE146Package/GNUARM/bin/../lib/gcc/arm-elf/4.3.2/../../../../arm-elf/lib/libc.a(lib_a-errno.o)
 .v4_bx         0x00000000        0x0 /cygdrive/c/Users/User/Desktop/Spring2012/CMPE146/CmpE146Package/GNUARM/bin/../lib/gcc/arm-elf/4.3.2/../../../../arm-elf/lib/libc.a(lib_a-fclose.o)

.dtors          0x0000f9e8        0x0
                0x0000f9e8                __dtors_start__ = .
 *(SORT(.dtors.*))
 *(.dtors)
                0x0000f9e8                __dtors_end__ = (__dtors_start__ + SIZEOF (.dtors))
                0x0000f9e8                __ctors_load_start__ = (__dtors_end__ ALIGN 0x4)

.ctors          0x0000f9e8        0x0
                0x0000f9e8                __ctors_start__ = .
 *(SORT(.ctors.*))
 *(.ctors)
                0x0000f9e8                __ctors_end__ = (__ctors_start__ + SIZEOF (.ctors))
                0x0000f9e8                __rodata_load_start__ = (__ctors_end__ ALIGN 0x4)

.rodata         0x0000f9e8     0x1fcc
                0x0000f9e8                __rodata_start__ = .
 *(.rodata .rodata.* .gnu.linkonce.r.*)
 .rodata.str1.1
                0x0000f9e8      0x11c ./main.o
                                0x12a (size before relaxing)
 .rodata.str1.1
                0x0000fb04       0x10 ./fat/ff.o
 .rodata        0x0000fb14       0x8d ./fat/ff.o
 *fill*         0x0000fba1        0x1 00
 .rodata        0x0000fba2      0x4c0 ./fat/option/ccsbcs.o
 .rodata        0x00010062       0x19 ./drivers/pcm1774.o
 .rodata        0x0001007b      0xfe0 ./drivers/sta013.o
                0x000100ab                STA013_UpdateData
                0x0001007b                MP3_Bitrates
                0x0001009b                MP3_SamplingFrequencies
 .rodata.str1.1
                0x0001105b       0x9d ./System/cpu.o
                                 0xc8 (size before relaxing)
 .rodata.str1.1
                0x000110f8       0x14 ./System/syscalls.o
 .rodata.str1.1
                0x0001110c       0xd6 ./System/startup/exceptionHandlers.o
 .rodata.str1.1
                0x000111e2       0x5a ./MP3/mp3.o
 .rodata.str1.1
                0x0001123c      0x4d5 ./General/userInterface.o
                                0x4fd (size before relaxing)
 .rodata.str1.1
                0x00011711       0x80 ./FreeRTOS/src/tasks.o
 .rodata        0x00011791       0x14 ./FreeRTOS/src/tasks.o
 .rodata.str1.1
                0x000117a5        0x8 ./FreeRTOS/src/timers.o
 .rodata.str1.1
                0x000117ad       0x8d ./FreeRTOS/hooks/hooks.o
 *fill*         0x0001183a        0x2 00
 .rodata.str1.4
                0x0001183c       0x4a /cygdrive/c/Users/User/Desktop/Spring2012/CMPE146/CmpE146Package/GNUARM/bin/../lib/gcc/arm-elf/4.3.2/../../../../arm-elf/lib/libc.a(lib_a-vfiprintf.o)
                                 0x4c (size before relaxing)
 .rodata        0x00011886       0x20 /cygdrive/c/Users/User/Desktop/Spring2012/CMPE146/CmpE146Package/GNUARM/bin/../lib/gcc/arm-elf/4.3.2/../../../../arm-elf/lib/libc.a(lib_a-vfiprintf.o)
 .rodata        0x000118a6      0x101 /cygdrive/c/Users/User/Desktop/Spring2012/CMPE146/CmpE146Package/GNUARM/bin/../lib/gcc/arm-elf/4.3.2/../../../../arm-elf/lib/libc.a(lib_a-ctype_.o)
                0x000118a6                _ctype_
 *fill*         0x000119a7        0x1 00
 .rodata        0x000119a8        0x4 /cygdrive/c/Users/User/Desktop/Spring2012/CMPE146/CmpE146Package/GNUARM/bin/../lib/gcc/arm-elf/4.3.2/../../../../arm-elf/lib/libc.a(lib_a-impure.o)
                0x000119a8                _global_impure_ptr
 .rodata.str1.4
                0x000119ac        0x2 /cygdrive/c/Users/User/Desktop/Spring2012/CMPE146/CmpE146Package/GNUARM/bin/../lib/gcc/arm-elf/4.3.2/../../../../arm-elf/lib/libc.a(lib_a-impure.o)
                                  0x4 (size before relaxing)
 *fill*         0x000119ae        0x2 00
 .rodata.str1.4
                0x000119b0        0x4 /cygdrive/c/Users/User/Desktop/Spring2012/CMPE146/CmpE146Package/GNUARM/bin/../lib/gcc/arm-elf/4.3.2/../../../../arm-elf/lib/libc.a(lib_a-syscalls.o)
                0x000119b4                __rodata_end__ = (__rodata_start__ + SIZEOF (.rodata))
                0x000119b4                __symbol_table_start__ = (__rodata_end__ ALIGN 0x4)

.symbol_table   0x000119b4        0x0
                0x000119b4                __symbol_table_start__ = .
 *(.symbol_table)
                0x000119b4                __symbol_table_end__ = (__symbol_table_start__ + SIZEOF (.symbol_table))
                0x000119b4                __fast_load_start__ = (__symbol_table_end__ ALIGN 0x4)

.fast           0x4000003c        0x0 load address 0x000119b4
                0x4000003c                __fast_start__ = .
 *(.fast .fast.*)
                0x4000003c                __fast_end__ = (__fast_start__ + SIZEOF (.fast))
                0x000119b4                __fast_load_end__ = (__fast_load_start__ + SIZEOF (.fast))

.fast_run       0x4000003c        0x0
                0x4000003c                __fast_run_start__ = .
                0x4000003c                . = ((__fast_run_start__ + SIZEOF (.fast)) MAX .)
                0x4000003c                __fast_run_end__ = (__fast_run_start__ + SIZEOF (.fast_run))
                0x000119b4                __data_load_start__ = ((__fast_load_start__ + SIZEOF (.fast)) ALIGN 0x4)

.data           0x4000003c      0x828 load address 0x000119b4
                0x4000003c                __data_start__ = .
 *(.data .data.* .gnu.linkonce.d.*)
 .data          0x4000003c        0x0 ./main.o
 .data          0x4000003c        0x0 ./utils/src/rprintf.o
 .data          0x4000003c        0x4 ./utils/src/timer.o
 .data          0x40000040        0x1 ./fat/diskio.o
                0x40000040                Stat
 .data          0x40000041        0x0 ./fat/ff.o
 .data          0x40000041        0x0 ./fat/rtc.o
 .data          0x40000041        0x0 ./fat/option/ccsbcs.o
 .data          0x40000041        0x0 ./fat/option/reentrant.o
 .data          0x40000041        0x0 ./drivers/i2c.o
 .data          0x40000041        0x0 ./drivers/pcm1774.o
 .data          0x40000041        0x0 ./drivers/ssp_spi.o
 .data          0x40000041        0x0 ./drivers/sta013.o
 .data          0x40000041        0x0 ./drivers/uart0.o
 .data          0x40000041        0x0 ./drivers/uart1.o
 .data          0x40000041        0x0 ./drivers/watchdog.o
 .data          0x40000041        0x0 ./System/cppmem.o
 .data          0x40000041        0x0 ./System/cpu.o
 .data          0x40000041        0x0 ./System/syscalls.o
 .data          0x40000041        0x0 ./System/startup/Arm7CStartup.o
 .data          0x40000041        0x0 ./System/startup/Lpc2000ExceptionVectors.o
 .data          0x40000041        0x0 ./System/startup/exceptionHandlers.o
 .data          0x40000041        0x0 ./MP3/mp3.o
 .data          0x40000041        0x0 ./General/userInterface.o
 .data          0x40000041        0x0 ./FreeRTOS/src/croutine.o
 .data          0x40000041        0x0 ./FreeRTOS/src/list.o
 .data          0x40000041        0x0 ./FreeRTOS/src/port.o
 *fill*         0x40000041        0x3 00
 .data          0x40000044        0x4 ./FreeRTOS/src/portISR.o
                0x40000044                ulCriticalNesting
 .data          0x40000048        0x0 ./FreeRTOS/src/queue.o
 .data          0x40000048        0x4 ./FreeRTOS/src/tasks.o
 .data          0x4000004c        0x0 ./FreeRTOS/src/timers.o
 .data          0x4000004c        0x0 ./FreeRTOS/mem/heap_3.o
 .data          0x4000004c        0x0 ./FreeRTOS/hooks/hooks.o
 .data          0x4000004c        0x0 /cygdrive/c/Users/User/Desktop/Spring2012/CMPE146/CmpE146Package/GNUARM/bin/../lib/gcc/arm-elf/4.3.2/libgcc.a(_udivsi3.o)
 .data          0x4000004c        0x0 /cygdrive/c/Users/User/Desktop/Spring2012/CMPE146/CmpE146Package/GNUARM/bin/../lib/gcc/arm-elf/4.3.2/libgcc.a(_divsi3.o)
 .data          0x4000004c        0x0 /cygdrive/c/Users/User/Desktop/Spring2012/CMPE146/CmpE146Package/GNUARM/bin/../lib/gcc/arm-elf/4.3.2/libgcc.a(_umodsi3.o)
 .data          0x4000004c        0x0 /cygdrive/c/Users/User/Desktop/Spring2012/CMPE146/CmpE146Package/GNUARM/bin/../lib/gcc/arm-elf/4.3.2/libgcc.a(_dvmd_tls.o)
 .data          0x4000004c        0x0 /cygdrive/c/Users/User/Desktop/Spring2012/CMPE146/CmpE146Package/GNUARM/bin/../lib/gcc/arm-elf/4.3.2/../../../../arm-elf/lib/libc.a(lib_a-atoi.o)
 .data          0x4000004c        0x0 /cygdrive/c/Users/User/Desktop/Spring2012/CMPE146/CmpE146Package/GNUARM/bin/../lib/gcc/arm-elf/4.3.2/../../../../arm-elf/lib/libc.a(lib_a-iprintf.o)
 .data          0x4000004c        0x0 /cygdrive/c/Users/User/Desktop/Spring2012/CMPE146/CmpE146Package/GNUARM/bin/../lib/gcc/arm-elf/4.3.2/../../../../arm-elf/lib/libc.a(lib_a-malloc.o)
 .data          0x4000004c      0x410 /cygdrive/c/Users/User/Desktop/Spring2012/CMPE146/CmpE146Package/GNUARM/bin/../lib/gcc/arm-elf/4.3.2/../../../../arm-elf/lib/libc.a(lib_a-mallocr.o)
                0x40000458                __malloc_sbrk_base
                0x4000004c                __malloc_av_
                0x40000454                __malloc_trim_threshold
 .data          0x4000045c        0x0 /cygdrive/c/Users/User/Desktop/Spring2012/CMPE146/CmpE146Package/GNUARM/bin/../lib/gcc/arm-elf/4.3.2/../../../../arm-elf/lib/libc.a(lib_a-memcmp.o)
 .data          0x4000045c        0x0 /cygdrive/c/Users/User/Desktop/Spring2012/CMPE146/CmpE146Package/GNUARM/bin/../lib/gcc/arm-elf/4.3.2/../../../../arm-elf/lib/libc.a(lib_a-memcpy.o)
 .data          0x4000045c        0x0 /cygdrive/c/Users/User/Desktop/Spring2012/CMPE146/CmpE146Package/GNUARM/bin/../lib/gcc/arm-elf/4.3.2/../../../../arm-elf/lib/libc.a(lib_a-memset.o)
 .data          0x4000045c        0x0 /cygdrive/c/Users/User/Desktop/Spring2012/CMPE146/CmpE146Package/GNUARM/bin/../lib/gcc/arm-elf/4.3.2/../../../../arm-elf/lib/libc.a(lib_a-mlock.o)
 .data          0x4000045c        0x0 /cygdrive/c/Users/User/Desktop/Spring2012/CMPE146/CmpE146Package/GNUARM/bin/../lib/gcc/arm-elf/4.3.2/../../../../arm-elf/lib/libc.a(lib_a-realloc.o)
 .data          0x4000045c        0x0 /cygdrive/c/Users/User/Desktop/Spring2012/CMPE146/CmpE146Package/GNUARM/bin/../lib/gcc/arm-elf/4.3.2/../../../../arm-elf/lib/libc.a(lib_a-reallocr.o)
 .data          0x4000045c        0x0 /cygdrive/c/Users/User/Desktop/Spring2012/CMPE146/CmpE146Package/GNUARM/bin/../lib/gcc/arm-elf/4.3.2/../../../../arm-elf/lib/libc.a(lib_a-siprintf.o)
 .data          0x4000045c        0x0 /cygdrive/c/Users/User/Desktop/Spring2012/CMPE146/CmpE146Package/GNUARM/bin/../lib/gcc/arm-elf/4.3.2/../../../../arm-elf/lib/libc.a(lib_a-strcmp.o)
 .data          0x4000045c        0x0 /cygdrive/c/Users/User/Desktop/Spring2012/CMPE146/CmpE146Package/GNUARM/bin/../lib/gcc/arm-elf/4.3.2/../../../../arm-elf/lib/libc.a(lib_a-strcpy.o)
 .data          0x4000045c        0x0 /cygdrive/c/Users/User/Desktop/Spring2012/CMPE146/CmpE146Package/GNUARM/bin/../lib/gcc/arm-elf/4.3.2/../../../../arm-elf/lib/libc.a(lib_a-strlen.o)
 .data          0x4000045c        0x0 /cygdrive/c/Users/User/Desktop/Spring2012/CMPE146/CmpE146Package/GNUARM/bin/../lib/gcc/arm-elf/4.3.2/../../../../arm-elf/lib/libc.a(lib_a-strncpy.o)
 .data          0x4000045c        0x0 /cygdrive/c/Users/User/Desktop/Spring2012/CMPE146/CmpE146Package/GNUARM/bin/../lib/gcc/arm-elf/4.3.2/../../../../arm-elf/lib/libc.a(lib_a-strstr.o)
 .data          0x4000045c        0x0 /cygdrive/c/Users/User/Desktop/Spring2012/CMPE146/CmpE146Package/GNUARM/bin/../lib/gcc/arm-elf/4.3.2/../../../../arm-elf/lib/libc.a(lib_a-strtok.o)
 .data          0x4000045c        0x0 /cygdrive/c/Users/User/Desktop/Spring2012/CMPE146/CmpE146Package/GNUARM/bin/../lib/gcc/arm-elf/4.3.2/../../../../arm-elf/lib/libc.a(lib_a-strtok_r.o)
 .data          0x4000045c        0x0 /cygdrive/c/Users/User/Desktop/Spring2012/CMPE146/CmpE146Package/GNUARM/bin/../lib/gcc/arm-elf/4.3.2/../../../../arm-elf/lib/libc.a(lib_a-strtol.o)
 .data          0x4000045c        0x0 /cygdrive/c/Users/User/Desktop/Spring2012/CMPE146/CmpE146Package/GNUARM/bin/../lib/gcc/arm-elf/4.3.2/../../../../arm-elf/lib/libc.a(lib_a-vfiprintf.o)
 .data          0x4000045c        0x0 /cygdrive/c/Users/User/Desktop/Spring2012/CMPE146/CmpE146Package/GNUARM/bin/../lib/gcc/arm-elf/4.3.2/../../../../arm-elf/lib/libc.a(lib_a-wsetup.o)
 .data          0x4000045c        0x4 /cygdrive/c/Users/User/Desktop/Spring2012/CMPE146/CmpE146Package/GNUARM/bin/../lib/gcc/arm-elf/4.3.2/../../../../arm-elf/lib/libc.a(lib_a-ctype_.o)
                0x4000045c                __ctype_ptr
 .data          0x40000460        0x0 /cygdrive/c/Users/User/Desktop/Spring2012/CMPE146/CmpE146Package/GNUARM/bin/../lib/gcc/arm-elf/4.3.2/../../../../arm-elf/lib/libc.a(lib_a-fflush.o)
 .data          0x40000460        0x0 /cygdrive/c/Users/User/Desktop/Spring2012/CMPE146/CmpE146Package/GNUARM/bin/../lib/gcc/arm-elf/4.3.2/../../../../arm-elf/lib/libc.a(lib_a-findfp.o)
 .data          0x40000460        0x0 /cygdrive/c/Users/User/Desktop/Spring2012/CMPE146/CmpE146Package/GNUARM/bin/../lib/gcc/arm-elf/4.3.2/../../../../arm-elf/lib/libc.a(lib_a-freer.o)
 .data          0x40000460        0x0 /cygdrive/c/Users/User/Desktop/Spring2012/CMPE146/CmpE146Package/GNUARM/bin/../lib/gcc/arm-elf/4.3.2/../../../../arm-elf/lib/libc.a(lib_a-fvwrite.o)
 .data          0x40000460        0x0 /cygdrive/c/Users/User/Desktop/Spring2012/CMPE146/CmpE146Package/GNUARM/bin/../lib/gcc/arm-elf/4.3.2/../../../../arm-elf/lib/libc.a(lib_a-fwalk.o)
 .data          0x40000460      0x404 /cygdrive/c/Users/User/Desktop/Spring2012/CMPE146/CmpE146Package/GNUARM/bin/../lib/gcc/arm-elf/4.3.2/../../../../arm-elf/lib/libc.a(lib_a-impure.o)
                0x40000460                _impure_ptr
 .data          0x40000864        0x0 /cygdrive/c/Users/User/Desktop/Spring2012/CMPE146/CmpE146Package/GNUARM/bin/../lib/gcc/arm-elf/4.3.2/../../../../arm-elf/lib/libc.a(lib_a-makebuf.o)
 .data          0x40000864        0x0 /cygdrive/c/Users/User/Desktop/Spring2012/CMPE146/CmpE146Package/GNUARM/bin/../lib/gcc/arm-elf/4.3.2/../../../../arm-elf/lib/libc.a(lib_a-memchr.o)
 .data          0x40000864        0x0 /cygdrive/c/Users/User/Desktop/Spring2012/CMPE146/CmpE146Package/GNUARM/bin/../lib/gcc/arm-elf/4.3.2/../../../../arm-elf/lib/libc.a(lib_a-memmove.o)
 .data          0x40000864        0x0 /cygdrive/c/Users/User/Desktop/Spring2012/CMPE146/CmpE146Package/GNUARM/bin/../lib/gcc/arm-elf/4.3.2/../../../../arm-elf/lib/libc.a(lib_a-stdio.o)
 .data          0x40000864        0x0 /cygdrive/c/Users/User/Desktop/Spring2012/CMPE146/CmpE146Package/GNUARM/bin/../lib/gcc/arm-elf/4.3.2/../../../../arm-elf/lib/libc.a(lib_a-syscalls.o)
 .data          0x40000864        0x0 /cygdrive/c/Users/User/Desktop/Spring2012/CMPE146/CmpE146Package/GNUARM/bin/../lib/gcc/arm-elf/4.3.2/../../../../arm-elf/lib/libc.a(lib_a-errno.o)
 .data          0x40000864        0x0 /cygdrive/c/Users/User/Desktop/Spring2012/CMPE146/CmpE146Package/GNUARM/bin/../lib/gcc/arm-elf/4.3.2/../../../../arm-elf/lib/libc.a(lib_a-fclose.o)
                0x40000864                __data_end__ = (__data_start__ + SIZEOF (.data))
                0x000121dc                __data_load_end__ = (__data_load_start__ + SIZEOF (.data))

.data_run       0x4000003c      0x828
                0x4000003c                __data_run_start__ = .
                0x40000864                . = ((__data_run_start__ + SIZEOF (.data)) MAX .)
 *fill*         0x4000003c      0x828 00
                0x40000864                __data_run_end__ = (__data_run_start__ + SIZEOF (.data_run))
                0x40000864                __bss_load_start__ = (__data_run_end__ ALIGN 0x4)

.bss            0x40000864      0x24d load address 0x000121dc
                0x40000864                __bss_start__ = .
 *(.bss .bss.* .gnu.linkonce.b.*)
 .bss           0x40000864        0x0 ./main.o
 .bss           0x40000864        0x4 ./utils/src/rprintf.o
 .bss           0x40000868        0x0 ./utils/src/timer.o
 .bss           0x40000868        0x1 ./fat/diskio.o
 *fill*         0x40000869        0x3 00
 .bss           0x4000086c        0x8 ./fat/ff.o
 .bss           0x40000874        0x0 ./fat/rtc.o
 .bss           0x40000874        0x0 ./fat/option/ccsbcs.o
 .bss           0x40000874        0x0 ./fat/option/reentrant.o
 .bss           0x40000874       0x14 ./drivers/i2c.o
 .bss           0x40000888        0x0 ./drivers/pcm1774.o
 .bss           0x40000888        0x0 ./drivers/ssp_spi.o
 .bss           0x40000888        0x0 ./drivers/sta013.o
 .bss           0x40000888        0xc ./drivers/uart0.o
 .bss           0x40000894        0xc ./drivers/uart1.o
 .bss           0x400008a0        0x0 ./drivers/watchdog.o
 .bss           0x400008a0        0x0 ./System/cppmem.o
 .bss           0x400008a0        0x0 ./System/cpu.o
 .bss           0x400008a0        0x4 ./System/syscalls.o
 .bss           0x400008a4        0x0 ./System/startup/Arm7CStartup.o
 .bss           0x400008a4        0x0 ./System/startup/Lpc2000ExceptionVectors.o
 .bss           0x400008a4        0x0 ./System/startup/exceptionHandlers.o
 .bss           0x400008a4        0x0 ./MP3/mp3.o
 .bss           0x400008a4        0x0 ./General/userInterface.o
 .bss           0x400008a4        0x0 ./FreeRTOS/src/croutine.o
 .bss           0x400008a4        0x0 ./FreeRTOS/src/list.o
 .bss           0x400008a4        0x0 ./FreeRTOS/src/port.o
 .bss           0x400008a4        0x0 ./FreeRTOS/src/portISR.o
 .bss           0x400008a4        0x0 ./FreeRTOS/src/queue.o
 .bss           0x400008a4       0xdc ./FreeRTOS/src/tasks.o
                0x400008a4                pxCurrentTCB
                0x400008a8                ulISROverhead
 .bss           0x40000980       0x38 ./FreeRTOS/src/timers.o
 .bss           0x400009b8        0x0 ./FreeRTOS/mem/heap_3.o
 .bss           0x400009b8        0x0 ./FreeRTOS/hooks/hooks.o
 .bss           0x400009b8        0x0 /cygdrive/c/Users/User/Desktop/Spring2012/CMPE146/CmpE146Package/GNUARM/bin/../lib/gcc/arm-elf/4.3.2/libgcc.a(_udivsi3.o)
 .bss           0x400009b8        0x0 /cygdrive/c/Users/User/Desktop/Spring2012/CMPE146/CmpE146Package/GNUARM/bin/../lib/gcc/arm-elf/4.3.2/libgcc.a(_divsi3.o)
 .bss           0x400009b8        0x0 /cygdrive/c/Users/User/Desktop/Spring2012/CMPE146/CmpE146Package/GNUARM/bin/../lib/gcc/arm-elf/4.3.2/libgcc.a(_umodsi3.o)
 .bss           0x400009b8        0x0 /cygdrive/c/Users/User/Desktop/Spring2012/CMPE146/CmpE146Package/GNUARM/bin/../lib/gcc/arm-elf/4.3.2/libgcc.a(_dvmd_tls.o)
 .bss           0x400009b8        0x0 /cygdrive/c/Users/User/Desktop/Spring2012/CMPE146/CmpE146Package/GNUARM/bin/../lib/gcc/arm-elf/4.3.2/../../../../arm-elf/lib/libc.a(lib_a-atoi.o)
 .bss           0x400009b8        0x0 /cygdrive/c/Users/User/Desktop/Spring2012/CMPE146/CmpE146Package/GNUARM/bin/../lib/gcc/arm-elf/4.3.2/../../../../arm-elf/lib/libc.a(lib_a-iprintf.o)
 .bss           0x400009b8        0x0 /cygdrive/c/Users/User/Desktop/Spring2012/CMPE146/CmpE146Package/GNUARM/bin/../lib/gcc/arm-elf/4.3.2/../../../../arm-elf/lib/libc.a(lib_a-malloc.o)
 .bss           0x400009b8       0x34 /cygdrive/c/Users/User/Desktop/Spring2012/CMPE146/CmpE146Package/GNUARM/bin/../lib/gcc/arm-elf/4.3.2/../../../../arm-elf/lib/libc.a(lib_a-mallocr.o)
                0x400009b8                __malloc_top_pad
                0x400009bc                __malloc_max_sbrked_mem
                0x400009c4                __malloc_current_mallinfo
                0x400009c0                __malloc_max_total_mem
 .bss           0x400009ec        0x0 /cygdrive/c/Users/User/Desktop/Spring2012/CMPE146/CmpE146Package/GNUARM/bin/../lib/gcc/arm-elf/4.3.2/../../../../arm-elf/lib/libc.a(lib_a-memcmp.o)
 .bss           0x400009ec        0x0 /cygdrive/c/Users/User/Desktop/Spring2012/CMPE146/CmpE146Package/GNUARM/bin/../lib/gcc/arm-elf/4.3.2/../../../../arm-elf/lib/libc.a(lib_a-memcpy.o)
 .bss           0x400009ec        0x0 /cygdrive/c/Users/User/Desktop/Spring2012/CMPE146/CmpE146Package/GNUARM/bin/../lib/gcc/arm-elf/4.3.2/../../../../arm-elf/lib/libc.a(lib_a-memset.o)
 .bss           0x400009ec        0x0 /cygdrive/c/Users/User/Desktop/Spring2012/CMPE146/CmpE146Package/GNUARM/bin/../lib/gcc/arm-elf/4.3.2/../../../../arm-elf/lib/libc.a(lib_a-mlock.o)
 .bss           0x400009ec        0x0 /cygdrive/c/Users/User/Desktop/Spring2012/CMPE146/CmpE146Package/GNUARM/bin/../lib/gcc/arm-elf/4.3.2/../../../../arm-elf/lib/libc.a(lib_a-realloc.o)
 .bss           0x400009ec        0x0 /cygdrive/c/Users/User/Desktop/Spring2012/CMPE146/CmpE146Package/GNUARM/bin/../lib/gcc/arm-elf/4.3.2/../../../../arm-elf/lib/libc.a(lib_a-reallocr.o)
 .bss           0x400009ec        0x0 /cygdrive/c/Users/User/Desktop/Spring2012/CMPE146/CmpE146Package/GNUARM/bin/../lib/gcc/arm-elf/4.3.2/../../../../arm-elf/lib/libc.a(lib_a-siprintf.o)
 .bss           0x400009ec        0x0 /cygdrive/c/Users/User/Desktop/Spring2012/CMPE146/CmpE146Package/GNUARM/bin/../lib/gcc/arm-elf/4.3.2/../../../../arm-elf/lib/libc.a(lib_a-strcmp.o)
 .bss           0x400009ec        0x0 /cygdrive/c/Users/User/Desktop/Spring2012/CMPE146/CmpE146Package/GNUARM/bin/../lib/gcc/arm-elf/4.3.2/../../../../arm-elf/lib/libc.a(lib_a-strcpy.o)
 .bss           0x400009ec        0x0 /cygdrive/c/Users/User/Desktop/Spring2012/CMPE146/CmpE146Package/GNUARM/bin/../lib/gcc/arm-elf/4.3.2/../../../../arm-elf/lib/libc.a(lib_a-strlen.o)
 .bss           0x400009ec        0x0 /cygdrive/c/Users/User/Desktop/Spring2012/CMPE146/CmpE146Package/GNUARM/bin/../lib/gcc/arm-elf/4.3.2/../../../../arm-elf/lib/libc.a(lib_a-strncpy.o)
 .bss           0x400009ec        0x0 /cygdrive/c/Users/User/Desktop/Spring2012/CMPE146/CmpE146Package/GNUARM/bin/../lib/gcc/arm-elf/4.3.2/../../../../arm-elf/lib/libc.a(lib_a-strstr.o)
 .bss           0x400009ec        0x0 /cygdrive/c/Users/User/Desktop/Spring2012/CMPE146/CmpE146Package/GNUARM/bin/../lib/gcc/arm-elf/4.3.2/../../../../arm-elf/lib/libc.a(lib_a-strtok.o)
 .bss           0x400009ec        0x0 /cygdrive/c/Users/User/Desktop/Spring2012/CMPE146/CmpE146Package/GNUARM/bin/../lib/gcc/arm-elf/4.3.2/../../../../arm-elf/lib/libc.a(lib_a-strtok_r.o)
 .bss           0x400009ec        0x0 /cygdrive/c/Users/User/Desktop/Spring2012/CMPE146/CmpE146Package/GNUARM/bin/../lib/gcc/arm-elf/4.3.2/../../../../arm-elf/lib/libc.a(lib_a-strtol.o)
 .bss           0x400009ec        0x0 /cygdrive/c/Users/User/Desktop/Spring2012/CMPE146/CmpE146Package/GNUARM/bin/../lib/gcc/arm-elf/4.3.2/../../../../arm-elf/lib/libc.a(lib_a-vfiprintf.o)
 .bss           0x400009ec        0x0 /cygdrive/c/Users/User/Desktop/Spring2012/CMPE146/CmpE146Package/GNUARM/bin/../lib/gcc/arm-elf/4.3.2/../../../../arm-elf/lib/libc.a(lib_a-wsetup.o)
 .bss           0x400009ec        0x0 /cygdrive/c/Users/User/Desktop/Spring2012/CMPE146/CmpE146Package/GNUARM/bin/../lib/gcc/arm-elf/4.3.2/../../../../arm-elf/lib/libc.a(lib_a-ctype_.o)
 .bss           0x400009ec        0x0 /cygdrive/c/Users/User/Desktop/Spring2012/CMPE146/CmpE146Package/GNUARM/bin/../lib/gcc/arm-elf/4.3.2/../../../../arm-elf/lib/libc.a(lib_a-fflush.o)
 .bss           0x400009ec        0x0 /cygdrive/c/Users/User/Desktop/Spring2012/CMPE146/CmpE146Package/GNUARM/bin/../lib/gcc/arm-elf/4.3.2/../../../../arm-elf/lib/libc.a(lib_a-findfp.o)
 .bss           0x400009ec        0x0 /cygdrive/c/Users/User/Desktop/Spring2012/CMPE146/CmpE146Package/GNUARM/bin/../lib/gcc/arm-elf/4.3.2/../../../../arm-elf/lib/libc.a(lib_a-freer.o)
 .bss           0x400009ec        0x0 /cygdrive/c/Users/User/Desktop/Spring2012/CMPE146/CmpE146Package/GNUARM/bin/../lib/gcc/arm-elf/4.3.2/../../../../arm-elf/lib/libc.a(lib_a-fvwrite.o)
 .bss           0x400009ec        0x0 /cygdrive/c/Users/User/Desktop/Spring2012/CMPE146/CmpE146Package/GNUARM/bin/../lib/gcc/arm-elf/4.3.2/../../../../arm-elf/lib/libc.a(lib_a-fwalk.o)
 .bss           0x400009ec        0x0 /cygdrive/c/Users/User/Desktop/Spring2012/CMPE146/CmpE146Package/GNUARM/bin/../lib/gcc/arm-elf/4.3.2/../../../../arm-elf/lib/libc.a(lib_a-impure.o)
 .bss           0x400009ec        0x0 /cygdrive/c/Users/User/Desktop/Spring2012/CMPE146/CmpE146Package/GNUARM/bin/../lib/gcc/arm-elf/4.3.2/../../../../arm-elf/lib/libc.a(lib_a-makebuf.o)
 .bss           0x400009ec        0x0 /cygdrive/c/Users/User/Desktop/Spring2012/CMPE146/CmpE146Package/GNUARM/bin/../lib/gcc/arm-elf/4.3.2/../../../../arm-elf/lib/libc.a(lib_a-memchr.o)
 .bss           0x400009ec        0x0 /cygdrive/c/Users/User/Desktop/Spring2012/CMPE146/CmpE146Package/GNUARM/bin/../lib/gcc/arm-elf/4.3.2/../../../../arm-elf/lib/libc.a(lib_a-memmove.o)
 .bss           0x400009ec        0x0 /cygdrive/c/Users/User/Desktop/Spring2012/CMPE146/CmpE146Package/GNUARM/bin/../lib/gcc/arm-elf/4.3.2/../../../../arm-elf/lib/libc.a(lib_a-stdio.o)
 .bss           0x400009ec       0xb0 /cygdrive/c/Users/User/Desktop/Spring2012/CMPE146/CmpE146Package/GNUARM/bin/../lib/gcc/arm-elf/4.3.2/../../../../arm-elf/lib/libc.a(lib_a-syscalls.o)
 .bss           0x40000a9c        0x0 /cygdrive/c/Users/User/Desktop/Spring2012/CMPE146/CmpE146Package/GNUARM/bin/../lib/gcc/arm-elf/4.3.2/../../../../arm-elf/lib/libc.a(lib_a-errno.o)
 .bss           0x40000a9c        0x0 /cygdrive/c/Users/User/Desktop/Spring2012/CMPE146/CmpE146Package/GNUARM/bin/../lib/gcc/arm-elf/4.3.2/../../../../arm-elf/lib/libc.a(lib_a-fclose.o)
 *(COMMON)
 COMMON         0x40000a9c        0x9 ./fat/diskio.o
                0x40000a9c                CardType
                0x40000a9d                Timer2
                0x40000aa0                SPIAccessSemaphore
                0x40000aa4                Timer1
 *fill*         0x40000aa5        0x3 00
 COMMON         0x40000aa8        0x8 ./drivers/i2c.o
                0x40000aa8                i2cReadCompleteSignal
                0x40000aac                i2cLock
 COMMON         0x40000ab0        0x1 ./drivers/ssp_spi.o