Archive member included because of file (symbol)

/cygdrive/c/Users/User/Desktop/Spring2012/CMPE146/CmpE146Package/GNUARM/bin/../lib/gcc/arm-elf/4.3.2/libgcc.a(_udivsi3.o)
                              ./utils/src/rprintf.o (__udivsi3)
/cygdrive/c/Users/User/Desktop/Spring2012/CMPE146/CmpE146Package/GNUARM/bin/../lib/gcc/arm-elf/4.3.2/libgcc.a(_divsi3.o)
                              ./fat/ff.o (__divsi3)
/cygdrive/c/Users/User/Desktop/Spring2012/CMPE146/CmpE146Package/GNUARM/bin/../lib/gcc/arm-elf/4.3.2/libgcc.a(_umodsi3.o)
                              ./utils/src/rprintf.o (__umodsi3)
/cygdrive/c/Users/User/Desktop/Spring2012/CMPE146/CmpE146Package/GNUARM/bin/../lib/gcc/arm-elf/4.3.2/libgcc.a(_dvmd_tls.o)
                              /cygdrive/c/Users/User/Desktop/Spring2012/CMPE146/CmpE146Package/GNUARM/bin/../lib/gcc/arm-elf/4.3.2/libgcc.a(_udivsi3.o) (__div0)
/cygdrive/c/Users/User/Desktop/Spring2012/CMPE146/CmpE146Package/GNUARM/bin/../lib/gcc/arm-elf/4.3.2/../../../../arm-elf/lib/libc.a(lib_a-atoi.o)
                              ./General/userInterface.o (atoi)
/cygdrive/c/Users/User/Desktop/Spring2012/CMPE146/CmpE146Package/GNUARM/bin/../lib/gcc/arm-elf/4.3.2/../../../../arm-elf/lib/libc.a(lib_a-iprintf.o)
                              ./General/userInterface.o (iprintf)
/cygdrive/c/Users/User/Desktop/Spring2012/CMPE146/CmpE146Package/GNUARM/bin/../lib/gcc/arm-elf/4.3.2/../../../../arm-elf/lib/libc.a(lib_a-malloc.o)
                              ./System/cppmem.o (free)
/cygdrive/c/Users/User/Desktop/Spring2012/CMPE146/CmpE146Package/GNUARM/bin/../lib/gcc/arm-elf/4.3.2/../../../../arm-elf/lib/libc.a(lib_a-mallocr.o)
                              /cygdrive/c/Users/User/Desktop/Spring2012/CMPE146/CmpE146Package/GNUARM/bin/../lib/gcc/arm-elf/4.3.2/../../../../arm-elf/lib/libc.a(lib_a-malloc.o) (_malloc_r)
/cygdrive/c/Users/User/Desktop/Spring2012/CMPE146/CmpE146Package/GNUARM/bin/../lib/gcc/arm-elf/4.3.2/../../../../arm-elf/lib/libc.a(lib_a-memcmp.o)
                              ./FreeRTOS/src/tasks.o (memcmp)
/cygdrive/c/Users/User/Desktop/Spring2012/CMPE146/CmpE146Package/GNUARM/bin/../lib/gcc/arm-elf/4.3.2/../../../../arm-elf/lib/libc.a(lib_a-memcpy.o)
                              ./drivers/i2c.o (memcpy)
/cygdrive/c/Users/User/Desktop/Spring2012/CMPE146/CmpE146Package/GNUARM/bin/../lib/gcc/arm-elf/4.3.2/../../../../arm-elf/lib/libc.a(lib_a-memset.o)
                              ./WIFI/wifi.o (memset)
/cygdrive/c/Users/User/Desktop/Spring2012/CMPE146/CmpE146Package/GNUARM/bin/../lib/gcc/arm-elf/4.3.2/../../../../arm-elf/lib/libc.a(lib_a-mlock.o)
                              /cygdrive/c/Users/User/Desktop/Spring2012/CMPE146/CmpE146Package/GNUARM/bin/../lib/gcc/arm-elf/4.3.2/../../../../arm-elf/lib/libc.a(lib_a-mallocr.o) (__malloc_lock)
/cygdrive/c/Users/User/Desktop/Spring2012/CMPE146/CmpE146Package/GNUARM/bin/../lib/gcc/arm-elf/4.3.2/../../../../arm-elf/lib/libc.a(lib_a-realloc.o)
                              ./WIFI/wifi.o (realloc)
/cygdrive/c/Users/User/Desktop/Spring2012/CMPE146/CmpE146Package/GNUARM/bin/../lib/gcc/arm-elf/4.3.2/../../../../arm-elf/lib/libc.a(lib_a-reallocr.o)
                              /cygdrive/c/Users/User/Desktop/Spring2012/CMPE146/CmpE146Package/GNUARM/bin/../lib/gcc/arm-elf/4.3.2/../../../../arm-elf/lib/libc.a(lib_a-realloc.o) (_realloc_r)
/cygdrive/c/Users/User/Desktop/Spring2012/CMPE146/CmpE146Package/GNUARM/bin/../lib/gcc/arm-elf/4.3.2/../../../../arm-elf/lib/libc.a(lib_a-siprintf.o)
                              ./FreeRTOS/src/tasks.o (siprintf)
/cygdrive/c/Users/User/Desktop/Spring2012/CMPE146/CmpE146Package/GNUARM/bin/../lib/gcc/arm-elf/4.3.2/../../../../arm-elf/lib/libc.a(lib_a-strcmp.o)
                              ./MP3/mp3.o (strcmp)
/cygdrive/c/Users/User/Desktop/Spring2012/CMPE146/CmpE146Package/GNUARM/bin/../lib/gcc/arm-elf/4.3.2/../../../../arm-elf/lib/libc.a(lib_a-strcpy.o)
                              ./MP3/mp3.o (strcpy)
/cygdrive/c/Users/User/Desktop/Spring2012/CMPE146/CmpE146Package/GNUARM/bin/../lib/gcc/arm-elf/4.3.2/../../../../arm-elf/lib/libc.a(lib_a-strlen.o)
                              ./FreeRTOS/src/tasks.o (strlen)
/cygdrive/c/Users/User/Desktop/Spring2012/CMPE146/CmpE146Package/GNUARM/bin/../lib/gcc/arm-elf/4.3.2/../../../../arm-elf/lib/libc.a(lib_a-strncpy.o)
                              ./WIFI/wifi.o (strncpy)
/cygdrive/c/Users/User/Desktop/Spring2012/CMPE146/CmpE146Package/GNUARM/bin/../lib/gcc/arm-elf/4.3.2/../../../../arm-elf/lib/libc.a(lib_a-strstr.o)
                              ./WIFI/wifi.o (strstr)
/cygdrive/c/Users/User/Desktop/Spring2012/CMPE146/CmpE146Package/GNUARM/bin/../lib/gcc/arm-elf/4.3.2/../../../../arm-elf/lib/libc.a(lib_a-strtok.o)
                              ./WIFI/wifi.o (strtok)
/cygdrive/c/Users/User/Desktop/Spring2012/CMPE146/CmpE146Package/GNUARM/bin/../lib/gcc/arm-elf/4.3.2/../../../../arm-elf/lib/libc.a(lib_a-strtok_r.o)
[...]
Memory Configuration

Name             Origin             Length             Attributes
FLASH_BOOT       0x00000000         0x00001000         xr
FLASH_APP        0x00001000         0x0007c000         xr
SRAM             0x40000000         0x00008000         xw
USB_DMA_RAM      0x7fd00000         0x00002000         xw
*default*        0x00000000         0xffffffff

Linker script and memory map

LOAD ./main.o
LOAD ./utils/src/rprintf.o
LOAD ./utils/src/timer.o
LOAD ./fat/diskio.o
LOAD ./fat/ff.o
LOAD ./fat/rtc.o
LOAD ./fat/option/ccsbcs.o
LOAD ./fat/option/reentrant.o
LOAD ./drivers/i2c.o
LOAD ./drivers/pcm1774.o
LOAD ./drivers/ssp_spi.o
LOAD ./drivers/sta013.o
LOAD ./drivers/uart0.o
LOAD ./drivers/uart1.o
LOAD ./drivers/watchdog.o
LOAD ./WIFI/wifi.o
LOAD ./System/cppmem.o
LOAD ./System/cpu.o
LOAD ./System/syscalls.o
LOAD ./System/startup/Arm7CStartup.o
LOAD ./System/startup/Lpc2000ExceptionVectors.o
LOAD ./System/startup/exceptionHandlers.o
LOAD ./MP3/mp3.o
LOAD ./General/userInterface.o
LOAD ./FreeRTOS/src/croutine.o
LOAD ./FreeRTOS/src/list.o
LOAD ./FreeRTOS/src/port.o
LOAD ./FreeRTOS/src/portISR.o
LOAD ./FreeRTOS/src/queue.o
LOAD ./FreeRTOS/src/tasks.o
LOAD ./FreeRTOS/src/timers.o
LOAD ./FreeRTOS/mem/heap_3.o
LOAD ./FreeRTOS/hooks/hooks.o
LOAD /cygdrive/c/Users/User/Desktop/Spring2012/CMPE146/CmpE146Package/GNUARM/bin/../lib/gcc/arm-elf/4.3.2/../../../../arm-elf/lib/libstdc++.a
LOAD /cygdrive/c/Users/User/Desktop/Spring2012/CMPE146/CmpE146Package/GNUARM/bin/../lib/gcc/arm-elf/4.3.2/../../../../arm-elf/lib/libm.a
START GROUP
LOAD /cygdrive/c/Users/User/Desktop/Spring2012/CMPE146/CmpE146Package/GNUARM/bin/../lib/gcc/arm-elf/4.3.2/libgcc.a
LOAD /cygdrive/c/Users/User/Desktop/Spring2012/CMPE146/CmpE146Package/GNUARM/bin/../lib/gcc/arm-elf/4.3.2/../../../../arm-elf/lib/libc.a
END GROUP
                0x00001000                __FLASH_segment_start__ = 0x1000
                0x40000000                __SRAM_segment_start__ = 0x40000000
                0x00000000                __STACKSIZE_SYS__ = 0x0
                0x00000000                __STACKSIZE_USER__ = 0x0
                0x00000200                __STACKSIZE_IRQ__ = 0x200
                0x00000040                __STACKSIZE_FIQ__ = 0x40
                0x00000200                __STACKSIZE_SVC__ = 0x200
                0x00000000                __STACKSIZE_ABT__ = 0x0
                0x00000000                __STACKSIZE_UND__ = 0x0
                0x00000000                __HEAPSIZE__ = 0x0
                0x0000003c                __EXCEPTION_VECTORS_SIZE__ = 0x3c
                0x40000000                __lpc2000ExceptionVectors_ram_load_start__ = __SRAM_segment_start__

.lpc2000ExceptionVectors_ram
                0x40000000       0x3c
                0x40000000                __lpc2000ExceptionVectors_ram_start__ = .
 *(.lpc2000ExceptionVectors_ram)
                0x4000003c                . = ((__lpc2000ExceptionVectors_ram_start__ + __EXCEPTION_VECTORS_SIZE__) MAX .)
 *fill*         0x40000000       0x3c 00
                0x4000003c                __lpc2000ExceptionVectors_ram_end__ = (__lpc2000ExceptionVectors_ram_start__ + SIZEOF (.lpc2000ExceptionVectors_ram))
                0x00001000                __lpc2000ExceptionVectors_load_start__ = __FLASH_segment_start__

.lpc2000ExceptionVectors
                0x00001000       0x38
                0x00001000                __lpc2000ExceptionVectors_start__ = .
 *(.lpc2000ExceptionVectors .lpc2000ExceptionVectors.*)
 .lpc2000ExceptionVectors
                0x00001000       0x38 ./System/startup/Lpc2000ExceptionVectors.o
                0x00001038                __lpc2000ExceptionVectors_end__ = (__lpc2000ExceptionVectors_start__ + SIZEOF (.lpc2000ExceptionVectors))
                0x00001038                __init_start__ = (__lpc2000ExceptionVectors_end__ ALIGN 0x4)

.init           0x00001038      0x1fc
                0x00001038                __init_start__ = .
 *(.init .init.*)
 *fill*         0x00001038        0x8 00
 .init          0x00001040      0x1b0 ./System/startup/Arm7CStartup.o
                0x00001040                Arm7StartupStart
 .init          0x000011f0       0x44 ./System/startup/Lpc2000ExceptionVectors.o
                0x00001228                _Lpc2000ExceptionVectorsFIQHandler
                0x0000121c                _Lpc2000ExceptionVectorsSoftwareIntHandler
                0x00001224                _Lpc2000ExceptionVectorsAbortDataHandler
                0x00001218                _Lpc2000ExceptionVectorsUndefinedHandler
                0x00001220                _Lpc2000ExceptionVectorsAbortPrefetchHandler
                0x00001234                __init_end__ = (__init_start__ + SIZEOF (.init))
                0x00001234                __text_load_start__ = (__init_end__ ALIGN 0x4)

.text           0x00001234     0xf1bc
                0x00001234                __text_start__ = .
 *(.text .text.* .glue_7t .glue_7 .gnu.linkonce.t.* .gcc_except_table)
 .text          0x00001234      0x280 ./main.o
                0x00001400                _Z14sd_card_detectPv
                0x000013fc                _Z14FatFsDiskTimerPv
                0x00001234                main
 .glue_7        0x000014b4        0x0 ./main.o
 .glue_7t       0x000014b4        0x0 ./main.o
 .text          0x000014b4      0x264 ./utils/src/rprintf.o
                0x000014b4                rprintf_devopen
                0x00001504                rprintf
 .glue_7        0x00001718        0x0 ./utils/src/rprintf.o
 .glue_7t       0x00001718        0x0 ./utils/src/rprintf.o
 .text          0x00001718      0x294 ./utils/src/timer.o
                0x0000182c                _ZN5Timer12resetFromISREv
                0x000018bc                _ZN5Timer9isRunningEv
                0x00001974                _ZN5TimerC2EPFvPvEm9TimerType
                0x0000193c                _ZN5TimerC1EPFvPvEm9TimerType
                0x000017b8                _ZN5Timer19changePeriodFromISREm
                0x00001874                _ZN5Timer12startFromISREv
                0x000018d4                _ZN5Timer5resetEv
                0x00001740                _ZN5Timer4stopEv
                0x00001718                _ZN5Timer12changePeriodEm
                0x00001768                _ZN5TimerD1Ev
                0x00001790                _ZN5TimerD2Ev
                0x00001908                _ZN5Timer5startEv
                0x000017f4                _ZN5Timer11stopFromISREv
 .glue_7        0x000019ac        0x0 ./utils/src/timer.o
 .glue_7t       0x000019ac        0x0 ./utils/src/timer.o
 .text          0x000019ac      0xcc4 ./fat/diskio.o
                0x00001b84                wait_ready
                0x00002474                disk_initialize
                0x00001a40                disk_status
                0x000020e4                disk_ioctl
                0x00001d98                getSDCardInfo
                0x00001c94                xmit_datablock
                0x000019ac                diskio_initializeSPIMutex
                0x00001ae0                rcvr_datablock
                0x00001a5c                disk_timerproc
                0x00001a24                chk_power
                0x000020b4                power_off
                0x00001d54                get_spi
                0x00001bc0                send_cmd
                0x00001eac                disk_write
                0x000019bc                initialize_SdCardSignals
                0x00001d14                release_spi
                0x00001fc4                disk_read
                0x00001a20                power_on
 .glue_7        0x00002670        0x0 ./fat/diskio.o
 .glue_7t       0x00002670        0x0 ./fat/diskio.o
 .text          0x00002670     0x3514 ./fat/ff.o
                0x000030c8                get_fat
                0x00004350                f_rename
                0x00004860                f_truncate
                0x00002694                gen_numname
                0x00004708                f_unlink
                0x000058b4                f_close
                0x0000526c                f_read
                0x00004b5c                f_readdir
                0x00004654                f_chmod
                0x000057cc                f_sync
                0x00005b10                f_mount
                0x00004c18                f_opendir
                0x00002f40                put_fat
                0x00004ce4                f_lseek
                0x00004ad4                f_stat
                0x00002670                clust2sect
                0x00004598                f_utime
                0x00004f38                f_write
                0x000058cc                f_open
                0x000054d8                f_mkdir
                0x00004964                f_getfree
 .glue_7        0x00005b84        0x0 ./fat/ff.o
 .glue_7t       0x00005b84        0x0 ./fat/ff.o
 .text          0x00005b84      0x15c ./fat/rtc.o
                0x00005bac                rtc_gettime
                0x00005b84                initialize_RTC
                0x00005c90                get_fattime
                0x00005c2c                rtc_settime
 .glue_7        0x00005ce0        0x0 ./fat/rtc.o
 .glue_7t       0x00005ce0        0x0 ./fat/rtc.o
 .text          0x00005ce0       0xb4 ./fat/option/ccsbcs.o
                0x00005d54                ff_wtoupper
                0x00005ce0                ff_convert
 .glue_7        0x00005d94        0x0 ./fat/option/ccsbcs.o
 .glue_7t       0x00005d94        0x0 ./fat/option/ccsbcs.o
 .text          0x00005d94       0x60 ./fat/option/reentrant.o
                0x00005d94                ff_del_syncobj
                0x00005dd4                ff_cre_syncobj
                0x00005d9c                ff_rel_grant
                0x00005dac                ff_req_grant
 .glue_7        0x00005df4        0x0 ./fat/option/reentrant.o
 .glue_7t       0x00005df4        0x0 ./fat/option/reentrant.o
 .text          0x00005df4      0x738 ./drivers/i2c.o
                0x00006304                initialize_I2C0
                0x000061fc                i2cWriteDeviceRegister
                0x00005df4                i2cStateMachine
                0x0000625c                i2cReadDeviceRegister
                0x00006190                i2cKickOffTransfer
 .glue_7        0x0000652c        0x0 ./drivers/i2c.o
 .glue_7t       0x0000652c        0x0 ./drivers/i2c.o
 .text          0x0000652c      0x748 ./drivers/pcm1774.o
                0x0000662c                pcm1774_bassBoost
                0x00006578                pcm1774_sendByte
                0x000069a4                pcm1774_LineOutputConfiguration
                0x00006b28                pcm1774_ConnectDigitalOutputs
                0x0000652c                pcm1774_readByte
                0x00006994                pcm1774_PowerUpVcom
                0x00006ac8                pcm1774_DigitalInterfaceSelection
                0x00006af8                pcm1774_DigitalDeEmphasisFilter
                0x00006a5c                pcm1774_PowerUpMixer
                0x00006954                pcm1774_setShortCircuitProtectionRight
                0x00006888                pcm1774_redirectAnalogInputToLeftOutput
                0x00006a4c                pcm1774_PowerUpAnalogBiasControl
                0x00006bd8                pcm1774_3dSoundEffect
                0x0000684c                pcm1774_redirectAnalogInputToRightOutput
                0x00006558                pcm1774_readShortCircuitStatusLeft
                0x0000667c                pcm1774_DigitalVolume
                0x0000670c                initialize_pcm1774
                0x0000658c                pcm1774_trebleBoost
                0x00006c1c                pcm1774_Reset
                0x000065dc                pcm1774_middleBoost
                0x00006a98                pcm1774_DigitalGainControl
                0x00006928                pcm1774_PowerUpGainAmplifierAnalog
                0x00006800                pcm1774_bitMask
                0x000069f4                pcm1774_PowerUpAnalog
                0x00006a20                pcm1774_PowerUpDAC
                0x000068fc                pcm1774_selectAnalogInput
                0x00006974                pcm1774_setShortCircuitProtectionLeft
                0x000066c4                pcm1774_OutputVolume
                0x00006a88                pcm1774_DigitalOversamplingControl
                0x000068c4                pcm1774_gainAmplifierAnalogInput
                0x00006538                pcm1774_readShortCircuitStatusRight
                0x00006b54                pcm1774_LoadDefaultDigitalConfiguration
 .glue_7        0x00006c74        0x0 ./drivers/pcm1774.o
 .glue_7t       0x00006c74        0x0 ./drivers/pcm1774.o
 .text          0x00006c74       0x88 ./drivers/ssp_spi.o
                0x00006c74                initialize_SSPSPI
                0x00006ce8                setSSPSPI_Divider
                0x00006cb8                rxTxByteSSPSPI
 .glue_7        0x00006cfc        0x0 ./drivers/ssp_spi.o
 .glue_7t       0x00006cfc        0x0 ./drivers/ssp_spi.o
 .text          0x00006cfc      0x558 ./drivers/sta013.o
                0x00007104                sta013GetAverageBitrate
                0x00006e34                sta013SetVolume
                0x00006f08                sta013StopDecoder
                0x00006eb8                sta013ResumeDecoder
                0x00006ee0                sta013PauseDecoder
                0x000070ac                sta013DownloadUpdate
                0x00006f40                sta013StartDecoder
                0x000070f8                sta013ReadReg
                0x000071b0                initialize_sta013
                0x00007120                sta013GetMP3Info
                0x00006cfc                sta013HWReset
                0x00006d70                sta013WriteReg
                0x00006d84                sta013SetTone
 .glue_7        0x00007254        0x0 ./drivers/sta013.o
 .glue_7t       0x00007254        0x0 ./drivers/sta013.o
 .text          0x00007254      0x468 ./drivers/uart0.o
                0x000072b0                uart0GetChar
                0x00007288                uart0PutCharPolling
                0x00007394                uart0Init
                0x00007254                uart0Deinit
                0x000074dc                uart0ISR
                0x000072e0                uart0PutChar
 .glue_7        0x000076bc        0x0 ./drivers/uart0.o
 .glue_7t       0x000076bc        0x0 ./drivers/uart0.o
 .text          0x000076bc      0x424 ./drivers/uart1.o
                0x000076bc                uart1PutCharPolling
                0x00007900                uart1ISR
                0x000077b8                uart1Init
                0x000076e4                uart1GetChar
                0x00007704                uart1PutChar
 .glue_7        0x00007ae0        0x0 ./drivers/uart1.o
 .glue_7t       0x00007ae0        0x0 ./drivers/uart1.o
 .text          0x00007ae0       0xd4 ./drivers/watchdog.o
                0x00007b10                watchdog_Start
                0x00007ae0                watchdog_Reset
                0x00007af8                watchdog_Feed
                0x00007b58                watchdogDelayUs
                0x00007b38                watchdog_Stop
 .glue_7        0x00007bb4        0x0 ./drivers/watchdog.o
 .glue_7t       0x00007bb4        0x0 ./drivers/watchdog.o
 .text          0x00007bb4      0x6bc ./WIFI/wifi.o
                0x00007d28                _Z21wifiReceiveFromServerv
                0x000080ac                _Z22wifiCloseTCPConnectionv
                0x00007bb4                _Z23wifiReceiveExpectedDataPci
                0x00007e7c                _Z23wifiJoinWirelessNetworkv
                0x00007f04                _Z17wifiSetWlanPhrasev
                0x00007d88                _Z24wifiSendDeviceIDToServerv
                0x00008140                _Z24wifiSentPlayListToServerv
                0x00007f78                _Z19wifiExitCommandModev
                0x00007cbc                _Z20wifiConnectionStatusv
                0x00007be8                _Z14wifiSendStringPKc
                0x00007fec                _Z20wifiEnterCommandModev
                0x00007c14                _Z23parsePlayListFromServerPc
                0x00007df4                _Z21wifiOpenTCPConnectionv
                0x00008054                _Z9wifiBeginv
 .text._ZN12SongNameTypeaSEPc
                0x00008270       0x2c ./WIFI/wifi.o
                0x00008270                _ZN12SongNameTypeaSEPc
 .text._ZN6VECTORI12SongNameTypeE9push_backERKS0_
                0x0000829c       0x68 ./WIFI/wifi.o
                0x0000829c                _ZN6VECTORI12SongNameTypeE9push_backERKS0_
 .glue_7        0x00008304        0x0 ./WIFI/wifi.o
 .glue_7t       0x00008304        0x0 ./WIFI/wifi.o
 .text          0x00008304       0x10 ./System/cppmem.o
                0x00008310                _Znwm
                0x00008308                _ZdlPv
                0x00008304                _ZdaPv
                0x0000830c                _Znam
 .glue_7        0x00008314        0x0 ./System/cppmem.o
 .glue_7t       0x00008314        0x0 ./System/cppmem.o
 .text          0x00008314      0x170 ./System/cpu.o
                0x000083b4                cpuPrintMemoryInfo
                0x00008314                cpuSetupHardware
 .glue_7        0x00008484        0x0 ./System/cpu.o
 .glue_7t       0x00008484        0x0 ./System/cpu.o
 .text          0x00008484       0xfc ./System/syscalls.o
                0x0000848c                _lseek_r
                0x00008550                _kill_r
                0x00008494                _fstat_r
                0x00008568                _getpid_r
                0x000084a4                _sbrk_r
                0x00008510                _read_r
                0x00008484                _close_r
                0x000084d4                _write_r
 .glue_7        0x00008580        0x0 ./System/syscalls.o
 .glue_7t       0x00008580        0x0 ./System/syscalls.o
 .text          0x00008580        0x0 ./System/startup/Arm7CStartup.o
 .glue_7        0x00008580        0x0 ./System/startup/Arm7CStartup.o
 .glue_7t       0x00008580        0x0 ./System/startup/Arm7CStartup.o
 .text          0x00008580        0x0 ./System/startup/Lpc2000ExceptionVectors.o
 .glue_7        0x00008580        0x0 ./System/startup/Lpc2000ExceptionVectors.o
 .glue_7t       0x00008580        0x0 ./System/startup/Lpc2000ExceptionVectors.o
 .text          0x00008580       0x9c ./System/startup/exceptionHandlers.o
                0x000085ec                Exception_PrefetchAbort
                0x00008604                Exception_UndefinedAddress
                0x000085bc                Exception_FIQHandler
                0x000085d4                Exception_DataAbort
                0x00008580                printExceptionInfo
 .glue_7        0x0000861c        0x0 ./System/startup/exceptionHandlers.o
 .glue_7t       0x0000861c        0x0 ./System/startup/exceptionHandlers.o
 .text          0x0000861c      0x64c ./MP3/mp3.o
                0x00008a28                mp3_controls
                0x000089e8                _Z6lookupPc
                0x00008770                getSong
                0x000087f8                _Z13populateSongsPv
                0x0000861c                mp3Task
 .glue_7        0x00008c68        0x0 ./MP3/mp3.o
 .glue_7t       0x00008c68        0x0 ./MP3/mp3.o
 .text          0x00008c68      0x974 ./General/userInterface.o
                0x00008d0c                _Z9printLinev
                0x00008d18                _Z11getUartLinePc
                0x00008c68                _Z12getUart1LinePc
                0x00008dbc                _Z6uartUIPv
 .glue_7        0x000095dc        0x0 ./General/userInterface.o
 .glue_7t       0x000095dc        0x0 ./General/userInterface.o
 .text          0x000095dc        0x0 ./FreeRTOS/src/croutine.o
 .glue_7        0x000095dc        0x0 ./FreeRTOS/src/croutine.o
 .glue_7t       0x000095dc        0x0 ./FreeRTOS/src/croutine.o
 .text          0x000095dc       0xf4 ./FreeRTOS/src/list.o
                0x0000960c                vListInsertEnd
                0x00009694                vListRemove
                0x00009600                vListInitialiseItem
                0x000095dc                vListInitialise
                0x00009640                vListInsert
 .glue_7        0x000096d0        0x0 ./FreeRTOS/src/list.o
 .glue_7t       0x000096d0        0x0 ./FreeRTOS/src/list.o
 .text          0x000096d0      0x1c0 ./FreeRTOS/src/port.o
                0x00009824                xPortStartScheduler
                0x00009820                vPortEndScheduler
                0x000096d0                pxPortInitialiseStack
 .glue_7        0x00009890        0x0 ./FreeRTOS/src/port.o
 .glue_7t       0x00009890        0x0 ./FreeRTOS/src/port.o
 .text          0x00009890      0x228 ./FreeRTOS/src/portISR.o
                0x00009980                vTickISR
                0x00009a6c                vPortExitCritical
                0x000098dc                vPortYieldProcessor
                0x00009890                vPortISRStartFirstTask
                0x00009a40                vPortEnterCritical
 .glue_7        0x00009ab8        0x0 ./FreeRTOS/src/portISR.o
 .glue_7t       0x00009ab8        0x0 ./FreeRTOS/src/portISR.o
 .text          0x00009ab8      0x77c ./FreeRTOS/src/queue.o
                0x00009bc0                vQueueWaitForMessageRestricted
                0x00009f58                xQueueGenericSendFromISR
                0x00009c14                vQueueDelete
                0x00009fc8                xQueueGenericSend
                0x00009ac0                ucQueueGetQueueNumber
                0x00009ad0                ucQueueGetQueueType
                0x00009c30                xQueueReceiveFromISR
                0x0000a18c                xQueueGenericCreate
                0x00009ac8                vQueueSetQueueNumber
                0x00009ae8                xQueueIsQueueFullFromISR
                0x00009b00                uxQueueMessagesWaiting
                0x00009cd8                xQueueGenericReceive
                0x00009ab8                uxQueueMessagesWaitingFromISR
                0x00009ad8                xQueueIsQueueEmptyFromISR
                0x0000a110                xQueueCreateMutex
 .glue_7        0x0000a234        0x0 ./FreeRTOS/src/queue.o
 .glue_7t       0x0000a234        0x0 ./FreeRTOS/src/queue.o
 .text          0x0000a234     0x14c4 ./FreeRTOS/src/tasks.o
                0x0000b058                vTaskGetRunTimeStats
                0x0000aa58                vTaskPrioritySet
                0x0000b3a0                vTaskEndScheduler
                0x0000acf4                vTaskPlaceOnEventList
                0x0000b3d4                xTaskGenericCreate
                0x0000a234                xTaskIsTaskSuspended
                0x0000a368                uxTaskGetStackHighWaterMark
                0x0000a6d8                xTaskResumeFromISR
                0x0000a2e4                runTimeStatISRExit
                0x0000a83c                xTaskGetTickCount
                0x0000a4e4                xTaskRemoveFromEventList
                0x0000a7a0                xTaskCheckForTimeOut
                0x0000a270                vTaskSuspendAll
                0x0000a288                xTaskGetTickCountFromISR
                0x0000a3dc                vTaskPriorityDisinherit
                0x0000a444                vTaskPriorityInherit
                0x0000a99c                vTaskResume
                0x0000ad54                vTaskSwitchContext
                0x0000abbc                vTaskPlaceOnEventListRestricted
                0x0000a35c                vTaskSetTaskNumber
                0x0000ae88                vTaskSuspend
                0x0000a298                uxTaskGetNumberOfTasks
                0x0000a57c                vTaskIncrementTick
                0x0000b2c4                vTaskList
                0x0000a350                uxTaskGetTaskNumber
                0x0000ac58                vTaskDelayUntil
                0x0000a39c                xTaskGetCurrentTaskHandle
                0x0000a85c                xTaskResumeAll
                0x0000b64c                vTaskStartScheduler
                0x0000a33c                vTaskMissedYield
                0x0000a2a8                runTimeStatISREntry
                0x0000abfc                vTaskDelay
                0x0000a3ac                xTaskGetSchedulerState
                0x0000a31c                vTaskSetTimeOutState
 .glue_7        0x0000b6f8        0x0 ./FreeRTOS/src/tasks.o
 .glue_7t       0x0000b6f8        0x0 ./FreeRTOS/src/tasks.o
 .text          0x0000b6f8      0x53c ./FreeRTOS/src/timers.o
                0x0000b814                xTimerCreate
                0x0000b724                xTimerGenericCommand
                0x0000b86c                xTimerCreateTimerTask
                0x0000b6f8                pvTimerGetTimerID
                0x0000b700                xTimerIsTimerActive
 .glue_7        0x0000bc34        0x0 ./FreeRTOS/src/timers.o
 .glue_7t       0x0000bc34        0x0 ./FreeRTOS/src/timers.o
 .text          0x0000bc34       0x4c ./FreeRTOS/mem/heap_3.o
                0x0000bc34                vPortFree
                0x0000bc54                pvPortMalloc
 .glue_7        0x0000bc80        0x0 ./FreeRTOS/mem/heap_3.o
 .glue_7t       0x0000bc80        0x0 ./FreeRTOS/mem/heap_3.o
 .text          0x0000bc80       0x6c ./FreeRTOS/hooks/hooks.o
                0x0000bc98                vApplicationMallocFailedHook
                0x0000bcb8                vApplicationStackOverflowHook
                0x0000bc80                vApplicationIdleHook
 .glue_7        0x0000bcec        0x0 ./FreeRTOS/hooks/hooks.o
 .glue_7t       0x0000bcec        0x0 ./FreeRTOS/hooks/hooks.o
 .text          0x0000bcec      0x110 /cygdrive/c/Users/User/Desktop/Spring2012/CMPE146/CmpE146Package/GNUARM/bin/../lib/gcc/arm-elf/4.3.2/libgcc.a(_udivsi3.o)
                0x0000bcec                __udivsi3
                0x0000bcec                __aeabi_uidiv
                0x0000bde4                __aeabi_uidivmod
 .glue_7        0x0000bdfc        0x0 /cygdrive/c/Users/User/Desktop/Spring2012/CMPE146/CmpE146Package/GNUARM/bin/../lib/gcc/arm-elf/4.3.2/libgcc.a(_udivsi3.o)
 .glue_7t       0x0000bdfc        0x0 /cygdrive/c/Users/User/Desktop/Spring2012/CMPE146/CmpE146Package/GNUARM/bin/../lib/gcc/arm-elf/4.3.2/libgcc.a(_udivsi3.o)
 .text          0x0000bdfc      0x140 /cygdrive/c/Users/User/Desktop/Spring2012/CMPE146/CmpE146Package/GNUARM/bin/../lib/gcc/arm-elf/4.3.2/libgcc.a(_divsi3.o)
                0x0000bdfc                __aeabi_idiv
                0x0000bdfc                __divsi3
                0x0000bf24                __aeabi_idivmod
 .glue_7        0x0000bf3c        0x0 /cygdrive/c/Users/User/Desktop/Spring2012/CMPE146/CmpE146Package/GNUARM/bin/../lib/gcc/arm-elf/4.3.2/libgcc.a(_divsi3.o)
 .glue_7t       0x0000bf3c        0x0 /cygdrive/c/Users/User/Desktop/Spring2012/CMPE146/CmpE146Package/GNUARM/bin/../lib/gcc/arm-elf/4.3.2/libgcc.a(_divsi3.o)
 .text          0x0000bf3c       0xcc /cygdrive/c/Users/User/Desktop/Spring2012/CMPE146/CmpE146Package/GNUARM/bin/../lib/gcc/arm-elf/4.3.2/libgcc.a(_umodsi3.o)
                0x0000bf3c                __umodsi3
 .glue_7        0x0000c008        0x0 /cygdrive/c/Users/User/Desktop/Spring2012/CMPE146/CmpE146Package/GNUARM/bin/../lib/gcc/arm-elf/4.3.2/libgcc.a(_umodsi3.o)
 .glue_7t       0x0000c008        0x0 /cygdrive/c/Users/User/Desktop/Spring2012/CMPE146/CmpE146Package/GNUARM/bin/../lib/gcc/arm-elf/4.3.2/libgcc.a(_umodsi3.o)
 .text          0x0000c008        0x4 /cygdrive/c/Users/User/Desktop/Spring2012/CMPE146/CmpE146Package/GNUARM/bin/../lib/gcc/arm-elf/4.3.2/libgcc.a(_dvmd_tls.o)
                0x0000c008                __aeabi_ldiv0
                0x0000c008                __div0
                0x0000c008                __aeabi_idiv0
 .glue_7        0x0000c00c        0x0 /cygdrive/c/Users/User/Desktop/Spring2012/CMPE146/CmpE146Package/GNUARM/bin/../lib/gcc/arm-elf/4.3.2/libgcc.a(_dvmd_tls.o)
 .glue_7t       0x0000c00c        0x0 /cygdrive/c/Users/User/Desktop/Spring2012/CMPE146/CmpE146Package/GNUARM/bin/../lib/gcc/arm-elf/4.3.2/libgcc.a(_dvmd_tls.o)
 .text          0x0000c00c       0x18 /cygdrive/c/Users/User/Desktop/Spring2012/CMPE146/CmpE146Package/GNUARM/bin/../lib/gcc/arm-elf/4.3.2/../../../../arm-elf/lib/libc.a(lib_a-atoi.o)
                0x0000c00c                _atoi_r
                0x0000c018                atoi
 .glue_7        0x0000c024        0x0 /cygdrive/c/Users/User/Desktop/Spring2012/CMPE146/CmpE146Package/GNUARM/bin/../lib/gcc/arm-elf/4.3.2/../../../../arm-elf/lib/libc.a(lib_a-atoi.o)
 .glue_7t       0x0000c024        0x0 /cygdrive/c/Users/User/Desktop/Spring2012/CMPE146/CmpE146Package/GNUARM/bin/../lib/gcc/arm-elf/4.3.2/../../../../arm-elf/lib/libc.a(lib_a-atoi.o)
 .text          0x0000c024       0x54 /cygdrive/c/Users/User/Desktop/Spring2012/CMPE146/CmpE146Package/GNUARM/bin/../lib/gcc/arm-elf/4.3.2/../../../../arm-elf/lib/libc.a(lib_a-iprintf.o)
                0x0000c024                _iprintf_r
                0x0000c048                iprintf
 .glue_7        0x0000c078        0x0 /cygdrive/c/Users/User/Desktop/Spring2012/CMPE146/CmpE146Package/GNUARM/bin/../lib/gcc/arm-elf/4.3.2/../../../../arm-elf/lib/libc.a(lib_a-iprintf.o)
 .glue_7t       0x0000c078        0x0 /cygdrive/c/Users/User/Desktop/Spring2012/CMPE146/CmpE146Package/GNUARM/bin/../lib/gcc/arm-elf/4.3.2/../../../../arm-elf/lib/libc.a(lib_a-iprintf.o)
 .text          0x0000c078       0x28 /cygdrive/c/Users/User/Desktop/Spring2012/CMPE146/CmpE146Package/GNUARM/bin/../lib/gcc/arm-elf/4.3.2/../../../../arm-elf/lib/libc.a(lib_a-malloc.o)
                0x0000c08c                malloc
                0x0000c078                free
 .glue_7        0x0000c0a0        0x0 /cygdrive/c/Users/User/Desktop/Spring2012/CMPE146/CmpE146Package/GNUARM/bin/../lib/gcc/arm-elf/4.3.2/../../../../arm-elf/lib/libc.a(lib_a-malloc.o)
 .glue_7t       0x0000c0a0        0x0 /cygdrive/c/Users/User/Desktop/Spring2012/CMPE146/CmpE146Package/GNUARM/bin/../lib/gcc/arm-elf/4.3.2/../../../../arm-elf/lib/libc.a(lib_a-malloc.o)
 .text          0x0000c0a0      0x734 /cygdrive/c/Users/User/Desktop/Spring2012/CMPE146/CmpE146Package/GNUARM/bin/../lib/gcc/arm-elf/4.3.2/../../../../arm-elf/lib/libc.a(lib_a-mallocr.o)
                0x0000c0a0                _malloc_r
 .glue_7        0x0000c7d4        0x0 /cygdrive/c/Users/User/Desktop/Spring2012/CMPE146/CmpE146Package/GNUARM/bin/../lib/gcc/arm-elf/4.3.2/../../../../arm-elf/lib/libc.a(lib_a-mallocr.o)
 .glue_7t       0x0000c7d4        0x0 /cygdrive/c/Users/User/Desktop/Spring2012/CMPE146/CmpE146Package/GNUARM/bin/../lib/gcc/arm-elf/4.3.2/../../../../arm-elf/lib/libc.a(lib_a-mallocr.o)
 .text          0x0000c7d4       0xac /cygdrive/c/Users/User/Desktop/Spring2012/CMPE146/CmpE146Package/GNUARM/bin/../lib/gcc/arm-elf/4.3.2/../../../../arm-elf/lib/libc.a(lib_a-memcmp.o)
                0x0000c7d4                memcmp
 .glue_7        0x0000c880        0x0 /cygdrive/c/Users/User/Desktop/Spring2012/CMPE146/CmpE146Package/GNUARM/bin/../lib/gcc/arm-elf/4.3.2/../../../../arm-elf/lib/libc.a(lib_a-memcmp.o)
 .glue_7t       0x0000c880        0x0 /cygdrive/c/Users/User/Desktop/Spring2012/CMPE146/CmpE146Package/GNUARM/bin/../lib/gcc/arm-elf/4.3.2/../../../../arm-elf/lib/libc.a(lib_a-memcmp.o)
 .text          0x0000c880       0xfc /cygdrive/c/Users/User/Desktop/Spring2012/CMPE146/CmpE146Package/GNUARM/bin/../lib/gcc/arm-elf/4.3.2/../../../../arm-elf/lib/libc.a(lib_a-memcpy.o)
                0x0000c880                memcpy
 .glue_7        0x0000c97c        0x0 /cygdrive/c/Users/User/Desktop/Spring2012/CMPE146/CmpE146Package/GNUARM/bin/../lib/gcc/arm-elf/4.3.2/../../../../arm-elf/lib/libc.a(lib_a-memcpy.o)
 .glue_7t       0x0000c97c        0x0 /cygdrive/c/Users/User/Desktop/Spring2012/CMPE146/CmpE146Package/GNUARM/bin/../lib/gcc/arm-elf/4.3.2/../../../../arm-elf/lib/libc.a(lib_a-memcpy.o)
 .text          0x0000c97c       0xd0 /cygdrive/c/Users/User/Desktop/Spring2012/CMPE146/CmpE146Package/GNUARM/bin/../lib/gcc/arm-elf/4.3.2/../../../../arm-elf/lib/libc.a(lib_a-memset.o)
                0x0000c97c                memset
 .glue_7        0x0000ca4c        0x0 /cygdrive/c/Users/User/Desktop/Spring2012/CMPE146/CmpE146Package/GNUARM/bin/../lib/gcc/arm-elf/4.3.2/../../../../arm-elf/lib/libc.a(lib_a-memset.o)
 .glue_7t       0x0000ca4c        0x0 /cygdrive/c/Users/User/Desktop/Spring2012/CMPE146/CmpE146Package/GNUARM/bin/../lib/gcc/arm-elf/4.3.2/../../../../arm-elf/lib/libc.a(lib_a-memset.o)
 .text          0x0000ca4c        0x8 /cygdrive/c/Users/User/Desktop/Spring2012/CMPE146/CmpE146Package/GNUARM/bin/../lib/gcc/arm-elf/4.3.2/../../../../arm-elf/lib/libc.a(lib_a-mlock.o)
                0x0000ca50                __malloc_unlock
                0x0000ca4c                __malloc_lock
 .glue_7        0x0000ca54        0x0 /cygdrive/c/Users/User/Desktop/Spring2012/CMPE146/CmpE146Package/GNUARM/bin/../lib/gcc/arm-elf/4.3.2/../../../../arm-elf/lib/libc.a(lib_a-mlock.o)
 .glue_7t       0x0000ca54        0x0 /cygdrive/c/Users/User/Desktop/Spring2012/CMPE146/CmpE146Package/GNUARM/bin/../lib/gcc/arm-elf/4.3.2/../../../../arm-elf/lib/libc.a(lib_a-mlock.o)
 .text          0x0000ca54       0x1c /cygdrive/c/Users/User/Desktop/Spring2012/CMPE146/CmpE146Package/GNUARM/bin/../lib/gcc/arm-elf/4.3.2/../../../../arm-elf/lib/libc.a(lib_a-realloc.o)
                0x0000ca54                realloc
 .glue_7        0x0000ca70        0x0 /cygdrive/c/Users/User/Desktop/Spring2012/CMPE146/CmpE146Package/GNUARM/bin/../lib/gcc/arm-elf/4.3.2/../../../../arm-elf/lib/libc.a(lib_a-realloc.o)
 .glue_7t       0x0000ca70        0x0 /cygdrive/c/Users/User/Desktop/Spring2012/CMPE146/CmpE146Package/GNUARM/bin/../lib/gcc/arm-elf/4.3.2/../../../../arm-elf/lib/libc.a(lib_a-realloc.o)
 .text          0x0000ca70      0x510 /cygdrive/c/Users/User/Desktop/Spring2012/CMPE146/CmpE146Package/GNUARM/bin/../lib/gcc/arm-elf/4.3.2/../../../../arm-elf/lib/libc.a(lib_a-reallocr.o)
                0x0000ca70                _realloc_r
 .glue_7        0x0000cf80        0x0 /cygdrive/c/Users/User/Desktop/Spring2012/CMPE146/CmpE146Package/GNUARM/bin/../lib/gcc/arm-elf/4.3.2/../../../../arm-elf/lib/libc.a(lib_a-reallocr.o)
 .glue_7t       0x0000cf80        0x0 /cygdrive/c/Users/User/Desktop/Spring2012/CMPE146/CmpE146Package/GNUARM/bin/../lib/gcc/arm-elf/4.3.2/../../../../arm-elf/lib/libc.a(lib_a-reallocr.o)
 .text          0x0000cf80       0xcc /cygdrive/c/Users/User/Desktop/Spring2012/CMPE146/CmpE146Package/GNUARM/bin/../lib/gcc/arm-elf/4.3.2/../../../../arm-elf/lib/libc.a(lib_a-siprintf.o)
                0x0000cfec                _siprintf_r
                0x0000cf80                siprintf
 .glue_7        0x0000d04c        0x0 /cygdrive/c/Users/User/Desktop/Spring2012/CMPE146/CmpE146Package/GNUARM/bin/../lib/gcc/arm-elf/4.3.2/../../../../arm-elf/lib/libc.a(lib_a-siprintf.o)
 .glue_7t       0x0000d04c        0x0 /cygdrive/c/Users/User/Desktop/Spring2012/CMPE146/CmpE146Package/GNUARM/bin/../lib/gcc/arm-elf/4.3.2/../../../../arm-elf/lib/libc.a(lib_a-siprintf.o)
 .text          0x0000d04c       0xe8 /cygdrive/c/Users/User/Desktop/Spring2012/CMPE146/CmpE146Package/GNUARM/bin/../lib/gcc/arm-elf/4.3.2/../../../../arm-elf/lib/libc.a(lib_a-strcmp.o)
                0x0000d04c                strcmp
 .glue_7        0x0000d134        0x0 /cygdrive/c/Users/User/Desktop/Spring2012/CMPE146/CmpE146Package/GNUARM/bin/../lib/gcc/arm-elf/4.3.2/../../../../arm-elf/lib/libc.a(lib_a-strcmp.o)
 .glue_7t       0x0000d134        0x0 /cygdrive/c/Users/User/Desktop/Spring2012/CMPE146/CmpE146Package/GNUARM/bin/../lib/gcc/arm-elf/4.3.2/../../../../arm-elf/lib/libc.a(lib_a-strcmp.o)
 .text          0x0000d134       0xb8 /cygdrive/c/Users/User/Desktop/Spring2012/CMPE146/CmpE146Package/GNUARM/bin/../lib/gcc/arm-elf/4.3.2/../../../../arm-elf/lib/libc.a(lib_a-strcpy.o)
                0x0000d134                strcpy
 .glue_7        0x0000d1ec        0x0 /cygdrive/c/Users/User/Desktop/Spring2012/CMPE146/CmpE146Package/GNUARM/bin/../lib/gcc/arm-elf/4.3.2/../../../../arm-elf/lib/libc.a(lib_a-strcpy.o)
 .glue_7t       0x0000d1ec        0x0 /cygdrive/c/Users/User/Desktop/Spring2012/CMPE146/CmpE146Package/GNUARM/bin/../lib/gcc/arm-elf/4.3.2/../../../../arm-elf/lib/libc.a(lib_a-strcpy.o)
 .text          0x0000d1ec       0x9c /cygdrive/c/Users/User/Desktop/Spring2012/CMPE146/CmpE146Package/GNUARM/bin/../lib/gcc/arm-elf/4.3.2/../../../../arm-elf/lib/libc.a(lib_a-strlen.o)
                0x0000d1ec                strlen
 .glue_7        0x0000d288        0x0 /cygdrive/c/Users/User/Desktop/Spring2012/CMPE146/CmpE146Package/GNUARM/bin/../lib/gcc/arm-elf/4.3.2/../../../../arm-elf/lib/libc.a(lib_a-strlen.o)
 .glue_7t       0x0000d288        0x0 /cygdrive/c/Users/User/Desktop/Spring2012/CMPE146/CmpE146Package/GNUARM/bin/../lib/gcc/arm-elf/4.3.2/../../../../arm-elf/lib/libc.a(lib_a-strlen.o)
 .text          0x0000d288      0x10c /cygdrive/c/Users/User/Desktop/Spring2012/CMPE146/CmpE146Package/GNUARM/bin/../lib/gcc/arm-elf/4.3.2/../../../../arm-elf/lib/libc.a(lib_a-strncpy.o)
                0x0000d288                strncpy
 .glue_7        0x0000d394        0x0 /cygdrive/c/Users/User/Desktop/Spring2012/CMPE146/CmpE146Package/GNUARM/bin/../lib/gcc/arm-elf/4.3.2/../../../../arm-elf/lib/libc.a(lib_a-strncpy.o)
 .glue_7t       0x0000d394        0x0 /cygdrive/c/Users/User/Desktop/Spring2012/CMPE146/CmpE146Package/GNUARM/bin/../lib/gcc/arm-elf/4.3.2/../../../../arm-elf/lib/libc.a(lib_a-strncpy.o)
 .text          0x0000d394       0x5c /cygdrive/c/Users/User/Desktop/Spring2012/CMPE146/CmpE146Package/GNUARM/bin/../lib/gcc/arm-elf/4.3.2/../../../../arm-elf/lib/libc.a(lib_a-strstr.o)
                0x0000d394                strstr
 .glue_7        0x0000d3f0        0x0 /cygdrive/c/Users/User/Desktop/Spring2012/CMPE146/CmpE146Package/GNUARM/bin/../lib/gcc/arm-elf/4.3.2/../../../../arm-elf/lib/libc.a(lib_a-strstr.o)
 .glue_7t       0x0000d3f0        0x0 /cygdrive/c/Users/User/Desktop/Spring2012/CMPE146/CmpE146Package/GNUARM/bin/../lib/gcc/arm-elf/4.3.2/../../../../arm-elf/lib/libc.a(lib_a-strstr.o)
 .text          0x0000d3f0       0x18 /cygdrive/c/Users/User/Desktop/Spring2012/CMPE146/CmpE146Package/GNUARM/bin/../lib/gcc/arm-elf/4.3.2/../../../../arm-elf/lib/libc.a(lib_a-strtok.o)
                0x0000d3f0                strtok
 .glue_7        0x0000d408        0x0 /cygdrive/c/Users/User/Desktop/Spring2012/CMPE146/CmpE146Package/GNUARM/bin/../lib/gcc/arm-elf/4.3.2/../../../../arm-elf/lib/libc.a(lib_a-strtok.o)
 .glue_7t       0x0000d408        0x0 /cygdrive/c/Users/User/Desktop/Spring2012/CMPE146/CmpE146Package/GNUARM/bin/../lib/gcc/arm-elf/4.3.2/../../../../arm-elf/lib/libc.a(lib_a-strtok.o)
 .text          0x0000d408       0xd0 /cygdrive/c/Users/User/Desktop/Spring2012/CMPE146/CmpE146Package/GNUARM/bin/../lib/gcc/arm-elf/4.3.2/../../../../arm-elf/lib/libc.a(lib_a-strtok_r.o)
                0x0000d4d0                strtok_r
                0x0000d408                __strtok_r
 .glue_7        0x0000d4d8        0x0 /cygdrive/c/Users/User/Desktop/Spring2012/CMPE146/CmpE146Package/GNUARM/bin/../lib/gcc/arm-elf/4.3.2/../../../../arm-elf/lib/libc.a(lib_a-strtok_r.o)
 .glue_7t       0x0000d4d8        0x0 /cygdrive/c/Users/User/Desktop/Spring2012/CMPE146/CmpE146Package/GNUARM/bin/../lib/gcc/arm-elf/4.3.2/../../../../arm-elf/lib/libc.a(lib_a-strtok_r.o)
 .text          0x0000d4d8      0x1e0 /cygdrive/c/Users/User/Desktop/Spring2012/CMPE146/CmpE146Package/GNUARM/bin/../lib/gcc/arm-elf/4.3.2/../../../../arm-elf/lib/libc.a(lib_a-strtol.o)
                0x0000d68c                strtol
                0x0000d4d8                _strtol_r
 .glue_7        0x0000d6b8        0x0 /cygdrive/c/Users/User/Desktop/Spring2012/CMPE146/CmpE146Package/GNUARM/bin/../lib/gcc/arm-elf/4.3.2/../../../../arm-elf/lib/libc.a(lib_a-strtol.o)
 .glue_7t       0x0000d6b8        0x0 /cygdrive/c/Users/User/Desktop/Spring2012/CMPE146/CmpE146Package/GNUARM/bin/../lib/gcc/arm-elf/4.3.2/../../../../arm-elf/lib/libc.a(lib_a-strtol.o)
 .text          0x0000d6b8      0xff0 /cygdrive/c/Users/User/Desktop/Spring2012/CMPE146/CmpE146Package/GNUARM/bin/../lib/gcc/arm-elf/4.3.2/../../../../arm-elf/lib/libc.a(lib_a-vfiprintf.o)
                0x0000e67c                vfiprintf
                0x0000d6e8                _vfiprintf_r
 .glue_7        0x0000e6a8        0x0 /cygdrive/c/Users/User/Desktop/Spring2012/CMPE146/CmpE146Package/GNUARM/bin/../lib/gcc/arm-elf/4.3.2/../../../../arm-elf/lib/libc.a(lib_a-vfiprintf.o)
 .glue_7t       0x0000e6a8        0x0 /cygdrive/c/Users/User/Desktop/Spring2012/CMPE146/CmpE146Package/GNUARM/bin/../lib/gcc/arm-elf/4.3.2/../../../../arm-elf/lib/libc.a(lib_a-vfiprintf.o)
 .text          0x0000e6a8      0x144 /cygdrive/c/Users/User/Desktop/Spring2012/CMPE146/CmpE146Package/GNUARM/bin/../lib/gcc/arm-elf/4.3.2/../../../../arm-elf/lib/libc.a(lib_a-wsetup.o)
                0x0000e6a8                __swsetup_r
 .glue_7        0x0000e7ec        0x0 /cygdrive/c/Users/User/Desktop/Spring2012/CMPE146/CmpE146Package/GNUARM/bin/../lib/gcc/arm-elf/4.3.2/../../../../arm-elf/lib/libc.a(lib_a-wsetup.o)
 .glue_7t       0x0000e7ec        0x0 /cygdrive/c/Users/User/Desktop/Spring2012/CMPE146/CmpE146Package/GNUARM/bin/../lib/gcc/arm-elf/4.3.2/../../../../arm-elf/lib/libc.a(lib_a-wsetup.o)
 .text          0x0000e7ec        0x0 /cygdrive/c/Users/User/Desktop/Spring2012/CMPE146/CmpE146Package/GNUARM/bin/../lib/gcc/arm-elf/4.3.2/../../../../arm-elf/lib/libc.a(lib_a-ctype_.o)
 .glue_7        0x0000e7ec        0x0 /cygdrive/c/Users/User/Desktop/Spring2012/CMPE146/CmpE146Package/GNUARM/bin/../lib/gcc/arm-elf/4.3.2/../../../../arm-elf/lib/libc.a(lib_a-ctype_.o)
 .glue_7t       0x0000e7ec        0x0 /cygdrive/c/Users/User/Desktop/Spring2012/CMPE146/CmpE146Package/GNUARM/bin/../lib/gcc/arm-elf/4.3.2/../../../../arm-elf/lib/libc.a(lib_a-ctype_.o)
 .text          0x0000e7ec      0x1dc /cygdrive/c/Users/User/Desktop/Spring2012/CMPE146/CmpE146Package/GNUARM/bin/../lib/gcc/arm-elf/4.3.2/../../../../arm-elf/lib/libc.a(lib_a-fflush.o)
                0x0000e994                fflush
                0x0000e7ec                _fflush_r
 .glue_7        0x0000e9c8        0x0 /cygdrive/c/Users/User/Desktop/Spring2012/CMPE146/CmpE146Package/GNUARM/bin/../lib/gcc/arm-elf/4.3.2/../../../../arm-elf/lib/libc.a(lib_a-fflush.o)
 .glue_7t       0x0000e9c8        0x0 /cygdrive/c/Users/User/Desktop/Spring2012/CMPE146/CmpE146Package/GNUARM/bin/../lib/gcc/arm-elf/4.3.2/../../../../arm-elf/lib/libc.a(lib_a-fflush.o)
 .text          0x0000e9c8      0x2ac /cygdrive/c/Users/User/Desktop/Spring2012/CMPE146/CmpE146Package/GNUARM/bin/../lib/gcc/arm-elf/4.3.2/../../../../arm-elf/lib/libc.a(lib_a-findfp.o)
                0x0000e9c8                __sinit
                0x0000eb58                __sfmoreglue
                0x0000eb40                _cleanup
                0x0000eb34                _cleanup_r
                0x0000eb1c                __fp_lock_all
                0x0000eae4                __sfp_lock_acquire
                0x0000eba0                __sfp
                0x0000eaf0                __sinit_lock_release
                0x0000eb04                __fp_unlock_all
                0x0000eae8                __sfp_lock_release
                0x0000eaec                __sinit_lock_acquire
 .glue_7        0x0000ec74        0x0 /cygdrive/c/Users/User/Desktop/Spring2012/CMPE146/CmpE146Package/GNUARM/bin/../lib/gcc/arm-elf/4.3.2/../../../../arm-elf/lib/libc.a(lib_a-findfp.o)
 .glue_7t       0x0000ec74        0x0 /cygdrive/c/Users/User/Desktop/Spring2012/CMPE146/CmpE146Package/GNUARM/bin/../lib/gcc/arm-elf/4.3.2/../../../../arm-elf/lib/libc.a(lib_a-findfp.o)
 .text          0x0000ec74      0x370 /cygdrive/c/Users/User/Desktop/Spring2012/CMPE146/CmpE146Package/GNUARM/bin/../lib/gcc/arm-elf/4.3.2/../../../../arm-elf/lib/libc.a(lib_a-freer.o)
                0x0000ed6c                _free_r
                0x0000ec74                _malloc_trim_r
 .glue_7        0x0000efe4        0x0 /cygdrive/c/Users/User/Desktop/Spring2012/CMPE146/CmpE146Package/GNUARM/bin/../lib/gcc/arm-elf/4.3.2/../../../../arm-elf/lib/libc.a(lib_a-freer.o)
 .glue_7t       0x0000efe4        0x0 /cygdrive/c/Users/User/Desktop/Spring2012/CMPE146/CmpE146Package/GNUARM/bin/../lib/gcc/arm-elf/4.3.2/../../../../arm-elf/lib/libc.a(lib_a-freer.o)
 .text          0x0000efe4      0x46c /cygdrive/c/Users/User/Desktop/Spring2012/CMPE146/CmpE146Package/GNUARM/bin/../lib/gcc/arm-elf/4.3.2/../../../../arm-elf/lib/libc.a(lib_a-fvwrite.o)
                0x0000efe4                __sfvwrite_r
 .glue_7        0x0000f450        0x0 /cygdrive/c/Users/User/Desktop/Spring2012/CMPE146/CmpE146Package/GNUARM/bin/../lib/gcc/arm-elf/4.3.2/../../../../arm-elf/lib/libc.a(lib_a-fvwrite.o)
 .glue_7t       0x0000f450        0x0 /cygdrive/c/Users/User/Desktop/Spring2012/CMPE146/CmpE146Package/GNUARM/bin/../lib/gcc/arm-elf/4.3.2/../../../../arm-elf/lib/libc.a(lib_a-fvwrite.o)
 .text          0x0000f450      0x10c /cygdrive/c/Users/User/Desktop/Spring2012/CMPE146/CmpE146Package/GNUARM/bin/../lib/gcc/arm-elf/4.3.2/../../../../arm-elf/lib/libc.a(lib_a-fwalk.o)
                0x0000f4d8                _fwalk
                0x0000f450                _fwalk_reent
 .glue_7        0x0000f55c        0x0 /cygdrive/c/Users/User/Desktop/Spring2012/CMPE146/CmpE146Package/GNUARM/bin/../lib/gcc/arm-elf/4.3.2/../../../../arm-elf/lib/libc.a(lib_a-fwalk.o)
 .glue_7t       0x0000f55c        0x0 /cygdrive/c/Users/User/Desktop/Spring2012/CMPE146/CmpE146Package/GNUARM/bin/../lib/gcc/arm-elf/4.3.2/../../../../arm-elf/lib/libc.a(lib_a-fwalk.o)
 .text          0x0000f55c        0x0 /cygdrive/c/Users/User/Desktop/Spring2012/CMPE146/CmpE146Package/GNUARM/bin/../lib/gcc/arm-elf/4.3.2/../../../../arm-elf/lib/libc.a(lib_a-impure.o)
 .glue_7        0x0000f55c        0x0 /cygdrive/c/Users/User/Desktop/Spring2012/CMPE146/CmpE146Package/GNUARM/bin/../lib/gcc/arm-elf/4.3.2/../../../../arm-elf/lib/libc.a(lib_a-impure.o)
 .glue_7t       0x0000f55c        0x0 /cygdrive/c/Users/User/Desktop/Spring2012/CMPE146/CmpE146Package/GNUARM/bin/../lib/gcc/arm-elf/4.3.2/../../../../arm-elf/lib/libc.a(lib_a-impure.o)
 .text          0x0000f55c      0x164 /cygdrive/c/Users/User/Desktop/Spring2012/CMPE146/CmpE146Package/GNUARM/bin/../lib/gcc/arm-elf/4.3.2/../../../../arm-elf/lib/libc.a(lib_a-makebuf.o)
                0x0000f55c                __smakebuf_r
 .glue_7        0x0000f6c0        0x0 /cygdrive/c/Users/User/Desktop/Spring2012/CMPE146/CmpE146Package/GNUARM/bin/../lib/gcc/arm-elf/4.3.2/../../../../arm-elf/lib/libc.a(lib_a-makebuf.o)
 .glue_7t       0x0000f6c0        0x0 /cygdrive/c/Users/User/Desktop/Spring2012/CMPE146/CmpE146Package/GNUARM/bin/../lib/gcc/arm-elf/4.3.2/../../../../arm-elf/lib/libc.a(lib_a-makebuf.o)
 .text          0x0000f6c0      0x118 /cygdrive/c/Users/User/Desktop/Spring2012/CMPE146/CmpE146Package/GNUARM/bin/../lib/gcc/arm-elf/4.3.2/../../../../arm-elf/lib/libc.a(lib_a-memchr.o)
                0x0000f6c0                memchr
 .glue_7        0x0000f7d8        0x0 /cygdrive/c/Users/User/Desktop/Spring2012/CMPE146/CmpE146Package/GNUARM/bin/../lib/gcc/arm-elf/4.3.2/../../../../arm-elf/lib/libc.a(lib_a-memchr.o)
 .glue_7t       0x0000f7d8        0x0 /cygdrive/c/Users/User/Desktop/Spring2012/CMPE146/CmpE146Package/GNUARM/bin/../lib/gcc/arm-elf/4.3.2/../../../../arm-elf/lib/libc.a(lib_a-memchr.o)
 .text          0x0000f7d8      0x144 /cygdrive/c/Users/User/Desktop/Spring2012/CMPE146/CmpE146Package/GNUARM/bin/../lib/gcc/arm-elf/4.3.2/../../../../arm-elf/lib/libc.a(lib_a-memmove.o)
                0x0000f7d8                memmove
 .glue_7        0x0000f91c        0x0 /cygdrive/c/Users/User/Desktop/Spring2012/CMPE146/CmpE146Package/GNUARM/bin/../lib/gcc/arm-elf/4.3.2/../../../../arm-elf/lib/libc.a(lib_a-memmove.o)
 .glue_7t       0x0000f91c        0x0 /cygdrive/c/Users/User/Desktop/Spring2012/CMPE146/CmpE146Package/GNUARM/bin/../lib/gcc/arm-elf/4.3.2/../../../../arm-elf/lib/libc.a(lib_a-memmove.o)
 .text          0x0000f91c       0xc0 /cygdrive/c/Users/User/Desktop/Spring2012/CMPE146/CmpE146Package/GNUARM/bin/../lib/gcc/arm-elf/4.3.2/../../../../arm-elf/lib/libc.a(lib_a-stdio.o)
                0x0000f924                __sseek
                0x0000f9ac                __sread
                0x0000f91c                __sclose
                0x0000f958                __swrite
 .glue_7        0x0000f9dc        0x0 /cygdrive/c/Users/User/Desktop/Spring2012/CMPE146/CmpE146Package/GNUARM/bin/../lib/gcc/arm-elf/4.3.2/../../../../arm-elf/lib/libc.a(lib_a-stdio.o)
 .glue_7t       0x0000f9dc        0x0 /cygdrive/c/Users/User/Desktop/Spring2012/CMPE146/CmpE146Package/GNUARM/bin/../lib/gcc/arm-elf/4.3.2/../../../../arm-elf/lib/libc.a(lib_a-stdio.o)
 .text          0x0000f9dc      0x8ec /cygdrive/c/Users/User/Desktop/Spring2012/CMPE146/CmpE146Package/GNUARM/bin/../lib/gcc/arm-elf/4.3.2/../../../../arm-elf/lib/libc.a(lib_a-syscalls.o)
                0x0000fb04                _getpid
                0x0000f9dc                initialise_monitor_handles
                0x0000fed4                isatty
                0x00010298                _fstat
                0x0000fde4                _open
                0x0000fe04                _sbrk
                0x0000fb14                _raise
                0x0000fb5c                _times
                0x0001024c                _stat
                0x0001015c                _lseek
                0x0000fb0c                _link
                0x0000ff84                _swiwrite
                0x0000fbd8                _rename
                0x00010068                _swilseek
                0x0000ff0c                _swiclose
                0x0000fd04                _swiopen
                0x0000fcc0                _unlink
                0x0000ffc0                _write
                0x0000fa90                _kill
                0x0000fb18                _gettimeofday
                0x000101a8                _read
                0x0000fae4                _exit
                0x0000fc30                _system
                0x0001016c                _swiread
                0x0000ff74                _close
 .glue_7        0x000102c8        0x0 /cygdrive/c/Users/User/Desktop/Spring2012/CMPE146/CmpE146Package/GNUARM/bin/../lib/gcc/arm-elf/4.3.2/../../../../arm-elf/lib/libc.a(lib_a-syscalls.o)
 .glue_7t       0x000102c8        0x0 /cygdrive/c/Users/User/Desktop/Spring2012/CMPE146/CmpE146Package/GNUARM/bin/../lib/gcc/arm-elf/4.3.2/../../../../arm-elf/lib/libc.a(lib_a-syscalls.o)
 .text          0x000102c8       0x10 /cygdrive/c/Users/User/Desktop/Spring2012/CMPE146/CmpE146Package/GNUARM/bin/../lib/gcc/arm-elf/4.3.2/../../../../arm-elf/lib/libc.a(lib_a-errno.o)
                0x000102c8                __errno
 .glue_7        0x000102d8        0x0 /cygdrive/c/Users/User/Desktop/Spring2012/CMPE146/CmpE146Package/GNUARM/bin/../lib/gcc/arm-elf/4.3.2/../../../../arm-elf/lib/libc.a(lib_a-errno.o)
 .glue_7t       0x000102d8        0x0 /cygdrive/c/Users/User/Desktop/Spring2012/CMPE146/CmpE146Package/GNUARM/bin/../lib/gcc/arm-elf/4.3.2/../../../../arm-elf/lib/libc.a(lib_a-errno.o)
 .text          0x000102d8      0x118 /cygdrive/c/Users/User/Desktop/Spring2012/CMPE146/CmpE146Package/GNUARM/bin/../lib/gcc/arm-elf/4.3.2/../../../../arm-elf/lib/libc.a(lib_a-fclose.o)
                0x000102d8                _fclose_r
                0x000103dc                fclose
 .glue_7        0x000103f0        0x0 /cygdrive/c/Users/User/Desktop/Spring2012/CMPE146/CmpE146Package/GNUARM/bin/../lib/gcc/arm-elf/4.3.2/../../../../arm-elf/lib/libc.a(lib_a-fclose.o)
 .glue_7t       0x000103f0        0x0 /cygdrive/c/Users/User/Desktop/Spring2012/CMPE146/CmpE146Package/GNUARM/bin/../lib/gcc/arm-elf/4.3.2/../../../../arm-elf/lib/libc.a(lib_a-fclose.o)
                0x000103f0                __text_end__ = (__text_start__ + SIZEOF (.text))
                0x000103f0                __dtors_load_start__ = (__text_end__ ALIGN 0x4)

.vfp11_veneer   0x00000000        0x0
 .vfp11_veneer  0x00000000        0x0 ./main.o
 .vfp11_veneer  0x00000000        0x0 ./utils/src/rprintf.o
 .vfp11_veneer  0x00000000        0x0 ./utils/src/timer.o
 .vfp11_veneer  0x00000000        0x0 ./fat/diskio.o
 .vfp11_veneer  0x00000000        0x0 ./fat/ff.o
 .vfp11_veneer  0x00000000        0x0 ./fat/rtc.o
 .vfp11_veneer  0x00000000        0x0 ./fat/option/ccsbcs.o
 .vfp11_veneer  0x00000000        0x0 ./fat/option/reentrant.o
 .vfp11_veneer  0x00000000        0x0 ./drivers/i2c.o
 .vfp11_veneer  0x00000000        0x0 ./drivers/pcm1774.o
 .vfp11_veneer  0x00000000        0x0 ./drivers/ssp_spi.o
 .vfp11_veneer  0x00000000        0x0 ./drivers/sta013.o
 .vfp11_veneer  0x00000000        0x0 ./drivers/uart0.o
 .vfp11_veneer  0x00000000        0x0 ./drivers/uart1.o
 .vfp11_veneer  0x00000000        0x0 ./drivers/watchdog.o
 .vfp11_veneer  0x00000000        0x0 ./WIFI/wifi.o
 .vfp11_veneer  0x00000000        0x0 ./System/cppmem.o
 .vfp11_veneer  0x00000000        0x0 ./System/cpu.o
 .vfp11_veneer  0x00000000        0x0 ./System/syscalls.o
 .vfp11_veneer  0x00000000        0x0 ./System/startup/Arm7CStartup.o
 .vfp11_veneer  0x00000000        0x0 ./System/startup/Lpc2000ExceptionVectors.o
 .vfp11_veneer  0x00000000        0x0 ./System/startup/exceptionHandlers.o
 .vfp11_veneer  0x00000000        0x0 ./MP3/mp3.o
 .vfp11_veneer  0x00000000        0x0 ./General/userInterface.o
 .vfp11_veneer  0x00000000        0x0 ./FreeRTOS/src/croutine.o
 .vfp11_veneer  0x00000000        0x0 ./FreeRTOS/src/list.o
 .vfp11_veneer  0x00000000        0x0 ./FreeRTOS/src/port.o
 .vfp11_veneer  0x00000000        0x0 ./FreeRTOS/src/portISR.o
 .vfp11_veneer  0x00000000        0x0 ./FreeRTOS/src/queue.o
 .vfp11_veneer  0x00000000        0x0 ./FreeRTOS/src/tasks.o
 .vfp11_veneer  0x00000000        0x0 ./FreeRTOS/src/timers.o
 .vfp11_veneer  0x00000000        0x0 ./FreeRTOS/mem/heap_3.o
 .vfp11_veneer  0x00000000        0x0 ./FreeRTOS/hooks/hooks.o
 .vfp11_veneer  0x00000000        0x0 /cygdrive/c/Users/User/Desktop/Spring2012/CMPE146/CmpE146Package/GNUARM/bin/../lib/gcc/arm-elf/4.3.2/libgcc.a(_udivsi3.o)
 .vfp11_veneer  0x00000000        0x0 /cygdrive/c/Users/User/Desktop/Spring2012/CMPE146/CmpE146Package/GNUARM/bin/../lib/gcc/arm-elf/4.3.2/libgcc.a(_divsi3.o)
 .vfp11_veneer  0x00000000        0x0 /cygdrive/c/Users/User/Desktop/Spring2012/CMPE146/CmpE146Package/GNUARM/bin/../lib/gcc/arm-elf/4.3.2/libgcc.a(_umodsi3.o)
 .vfp11_veneer  0x00000000        0x0 /cygdrive/c/Users/User/Desktop/Spring2012/CMPE146/CmpE146Package/GNUARM/bin/../lib/gcc/arm-elf/4.3.2/libgcc.a(_dvmd_tls.o)
 .vfp11_veneer  0x00000000        0x0 /cygdrive/c/Users/User/Desktop/Spring2012/CMPE146/CmpE146Package/GNUARM/bin/../lib/gcc/arm-elf/4.3.2/../../../../arm-elf/lib/libc.a(lib_a-atoi.o)
 .vfp11_veneer  0x00000000        0x0 /cygdrive/c/Users/User/Desktop/Spring2012/CMPE146/CmpE146Package/GNUARM/bin/../lib/gcc/arm-elf/4.3.2/../../../../arm-elf/lib/libc.a(lib_a-iprintf.o)
 .vfp11_veneer  0x00000000        0x0 /cygdrive/c/Users/User/Desktop/Spring2012/CMPE146/CmpE146Package/GNUARM/bin/../lib/gcc/arm-elf/4.3.2/../../../../arm-elf/lib/libc.a(lib_a-malloc.o)
 .vfp11_veneer  0x00000000        0x0 /cygdrive/c/Users/User/Desktop/Spring2012/CMPE146/CmpE146Package/GNUARM/bin/../lib/gcc/arm-elf/4.3.2/../../../../arm-elf/lib/libc.a(lib_a-mallocr.o)
 .vfp11_veneer  0x00000000        0x0 /cygdrive/c/Users/User/Desktop/Spring2012/CMPE146/CmpE146Package/GNUARM/bin/../lib/gcc/arm-elf/4.3.2/../../../../arm-elf/lib/libc.a(lib_a-memcmp.o)
 .vfp11_veneer  0x00000000        0x0 /cygdrive/c/Users/User/Desktop/Spring2012/CMPE146/CmpE146Package/GNUARM/bin/../lib/gcc/arm-elf/4.3.2/../../../../arm-elf/lib/libc.a(lib_a-memcpy.o)
 .vfp11_veneer  0x00000000        0x0 /cygdrive/c/Users/User/Desktop/Spring2012/CMPE146/CmpE146Package/GNUARM/bin/../lib/gcc/arm-elf/4.3.2/../../../../arm-elf/lib/libc.a(lib_a-memset.o)
 .vfp11_veneer  0x00000000        0x0 /cygdrive/c/Users/User/Desktop/Spring2012/CMPE146/CmpE146Package/GNUARM/bin/../lib/gcc/arm-elf/4.3.2/../../../../arm-elf/lib/libc.a(lib_a-mlock.o)
 .vfp11_veneer  0x00000000        0x0 /cygdrive/c/Users/User/Desktop/Spring2012/CMPE146/CmpE146Package/GNUARM/bin/../lib/gcc/arm-elf/4.3.2/../../../../arm-elf/lib/libc.a(lib_a-realloc.o)
 .vfp11_veneer  0x00000000        0x0 /cygdrive/c/Users/User/Desktop/Spring2012/CMPE146/CmpE146Package/GNUARM/bin/../lib/gcc/arm-elf/4.3.2/../../../../arm-elf/lib/libc.a(lib_a-reallocr.o)
 .vfp11_veneer  0x00000000        0x0 /cygdrive/c/Users/User/Desktop/Spring2012/CMPE146/CmpE146Package/GNUARM/bin/../lib/gcc/arm-elf/4.3.2/../../../../arm-elf/lib/libc.a(lib_a-siprintf.o)
 .vfp11_veneer  0x00000000        0x0 /cygdrive/c/Users/User/Desktop/Spring2012/CMPE146/CmpE146Package/GNUARM/bin/../lib/gcc/arm-elf/4.3.2/../../../../arm-elf/lib/libc.a(lib_a-strcmp.o)
 .vfp11_veneer  0x00000000        0x0 /cygdrive/c/Users/User/Desktop/Spring2012/CMPE146/CmpE146Package/GNUARM/bin/../lib/gcc/arm-elf/4.3.2/../../../../arm-elf/lib/libc.a(lib_a-strcpy.o)
 .vfp11_veneer  0x00000000        0x0 /cygdrive/c/Users/User/Desktop/Spring2012/CMPE146/CmpE146Package/GNUARM/bin/../lib/gcc/arm-elf/4.3.2/../../../../arm-elf/lib/libc.a(lib_a-strlen.o)
 .vfp11_veneer  0x00000000        0x0 /cygdrive/c/Users/User/Desktop/Spring2012/CMPE146/CmpE146Package/GNUARM/bin/../lib/gcc/arm-elf/4.3.2/../../../../arm-elf/lib/libc.a(lib_a-strncpy.o)
 .vfp11_veneer  0x00000000        0x0 /cygdrive/c/Users/User/Desktop/Spring2012/CMPE146/CmpE146Package/GNUARM/bin/../lib/gcc/arm-elf/4.3.2/../../../../arm-elf/lib/libc.a(lib_a-strstr.o)
 .vfp11_veneer  0x00000000        0x0 /cygdrive/c/Users/User/Desktop/Spring2012/CMPE146/CmpE146Package/GNUARM/bin/../lib/gcc/arm-elf/4.3.2/../../../../arm-elf/lib/libc.a(lib_a-strtok.o)
 .vfp11_veneer  0x00000000        0x0 /cygdrive/c/Users/User/Desktop/Spring2012/CMPE146/CmpE146Package/GNUARM/bin/../lib/gcc/arm-elf/4.3.2/../../../../arm-elf/lib/libc.a(lib_a-strtok_r.o)
 .vfp11_veneer  0x00000000        0x0 /cygdrive/c/Users/User/Desktop/Spring2012/CMPE146/CmpE146Package/GNUARM/bin/../lib/gcc/arm-elf/4.3.2/../../../../arm-elf/lib/libc.a(lib_a-strtol.o)
 .vfp11_veneer  0x00000000        0x0 /cygdrive/c/Users/User/Desktop/Spring2012/CMPE146/CmpE146Package/GNUARM/bin/../lib/gcc/arm-elf/4.3.2/../../../../arm-elf/lib/libc.a(lib_a-vfiprintf.o)
 .vfp11_veneer  0x00000000        0x0 /cygdrive/c/Users/User/Desktop/Spring2012/CMPE146/CmpE146Package/GNUARM/bin/../lib/gcc/arm-elf/4.3.2/../../../../arm-elf/lib/libc.a(lib_a-wsetup.o)
 .vfp11_veneer  0x00000000        0x0 /cygdrive/c/Users/User/Desktop/Spring2012/CMPE146/CmpE146Package/GNUARM/bin/../lib/gcc/arm-elf/4.3.2/../../../../arm-elf/lib/libc.a(lib_a-ctype_.o)
 .vfp11_veneer  0x00000000        0x0 /cygdrive/c/Users/User/Desktop/Spring2012/CMPE146/CmpE146Package/GNUARM/bin/../lib/gcc/arm-elf/4.3.2/../../../../arm-elf/lib/libc.a(lib_a-fflush.o)
 .vfp11_veneer  0x00000000        0x0 /cygdrive/c/Users/User/Desktop/Spring2012/CMPE146/CmpE146Package/GNUARM/bin/../lib/gcc/arm-elf/4.3.2/../../../../arm-elf/lib/libc.a(lib_a-findfp.o)
 .vfp11_veneer  0x00000000        0x0 /cygdrive/c/Users/User/Desktop/Spring2012/CMPE146/CmpE146Package/GNUARM/bin/../lib/gcc/arm-elf/4.3.2/../../../../arm-elf/lib/libc.a(lib_a-freer.o)
 .vfp11_veneer  0x00000000        0x0 /cygdrive/c/Users/User/Desktop/Spring2012/CMPE146/CmpE146Package/GNUARM/bin/../lib/gcc/arm-elf/4.3.2/../../../../arm-elf/lib/libc.a(lib_a-fvwrite.o)
 .vfp11_veneer  0x00000000        0x0 /cygdrive/c/Users/User/Desktop/Spring2012/CMPE146/CmpE146Package/GNUARM/bin/../lib/gcc/arm-elf/4.3.2/../../../../arm-elf/lib/libc.a(lib_a-fwalk.o)
 .vfp11_veneer  0x00000000        0x0 /cygdrive/c/Users/User/Desktop/Spring2012/CMPE146/CmpE146Package/GNUARM/bin/../lib/gcc/arm-elf/4.3.2/../../../../arm-elf/lib/libc.a(lib_a-impure.o)
 .vfp11_veneer  0x00000000        0x0 /cygdrive/c/Users/User/Desktop/Spring2012/CMPE146/CmpE146Package/GNUARM/bin/../lib/gcc/arm-elf/4.3.2/../../../../arm-elf/lib/libc.a(lib_a-makebuf.o)
 .vfp11_veneer  0x00000000        0x0 /cygdrive/c/Users/User/Desktop/Spring2012/CMPE146/CmpE146Package/GNUARM/bin/../lib/gcc/arm-elf/4.3.2/../../../../arm-elf/lib/libc.a(lib_a-memchr.o)
 .vfp11_veneer  0x00000000        0x0 /cygdrive/c/Users/User/Desktop/Spring2012/CMPE146/CmpE146Package/GNUARM/bin/../lib/gcc/arm-elf/4.3.2/../../../../arm-elf/lib/libc.a(lib_a-memmove.o)
 .vfp11_veneer  0x00000000        0x0 /cygdrive/c/Users/User/Desktop/Spring2012/CMPE146/CmpE146Package/GNUARM/bin/../lib/gcc/arm-elf/4.3.2/../../../../arm-elf/lib/libc.a(lib_a-stdio.o)
 .vfp11_veneer  0x00000000        0x0 /cygdrive/c/Users/User/Desktop/Spring2012/CMPE146/CmpE146Package/GNUARM/bin/../lib/gcc/arm-elf/4.3.2/../../../../arm-elf/lib/libc.a(lib_a-syscalls.o)
 .vfp11_veneer  0x00000000        0x0 /cygdrive/c/Users/User/Desktop/Spring2012/CMPE146/CmpE146Package/GNUARM/bin/../lib/gcc/arm-elf/4.3.2/../../../../arm-elf/lib/libc.a(lib_a-errno.o)
 .vfp11_veneer  0x00000000        0x0 /cygdrive/c/Users/User/Desktop/Spring2012/CMPE146/CmpE146Package/GNUARM/bin/../lib/gcc/arm-elf/4.3.2/../../../../arm-elf/lib/libc.a(lib_a-fclose.o)

.v4_bx          0x00000000        0x0
 .v4_bx         0x00000000        0x0 ./main.o
 .v4_bx         0x00000000        0x0 ./utils/src/rprintf.o
 .v4_bx         0x00000000        0x0 ./utils/src/timer.o
 .v4_bx         0x00000000        0x0 ./fat/diskio.o
 .v4_bx         0x00000000        0x0 ./fat/ff.o
 .v4_bx         0x00000000        0x0 ./fat/rtc.o
 .v4_bx         0x00000000        0x0 ./fat/option/ccsbcs.o
 .v4_bx         0x00000000        0x0 ./fat/option/reentrant.o
 .v4_bx         0x00000000        0x0 ./drivers/i2c.o
 .v4_bx         0x00000000        0x0 ./drivers/pcm1774.o
 .v4_bx         0x00000000        0x0 ./drivers/ssp_spi.o
 .v4_bx         0x00000000        0x0 ./drivers/sta013.o
 .v4_bx         0x00000000        0x0 ./drivers/uart0.o
 .v4_bx         0x00000000        0x0 ./drivers/uart1.o
 .v4_bx         0x00000000        0x0 ./drivers/watchdog.o
 .v4_bx         0x00000000        0x0 ./WIFI/wifi.o
 .v4_bx         0x00000000        0x0 ./System/cppmem.o
 .v4_bx         0x00000000        0x0 ./System/cpu.o
 .v4_bx         0x00000000        0x0 ./System/syscalls.o
 .v4_bx         0x00000000        0x0 ./System/startup/Arm7CStartup.o
 .v4_bx         0x00000000        0x0 ./System/startup/Lpc2000ExceptionVectors.o
 .v4_bx         0x00000000        0x0 ./System/startup/exceptionHandlers.o
 .v4_bx         0x00000000        0x0 ./MP3/mp3.o
 .v4_bx         0x00000000        0x0 ./General/userInterface.o
 .v4_bx         0x00000000        0x0 ./FreeRTOS/src/croutine.o
 .v4_bx         0x00000000        0x0 ./FreeRTOS/src/list.o
 .v4_bx         0x00000000        0x0 ./FreeRTOS/src/port.o
 .v4_bx         0x00000000        0x0 ./FreeRTOS/src/portISR.o
 .v4_bx         0x00000000        0x0 ./FreeRTOS/src/queue.o
 .v4_bx         0x00000000        0x0 ./FreeRTOS/src/tasks.o
 .v4_bx         0x00000000        0x0 ./FreeRTOS/src/timers.o
 .v4_bx         0x00000000        0x0 ./FreeRTOS/mem/heap_3.o
 .v4_bx         0x00000000        0x0 ./FreeRTOS/hooks/hooks.o
 .v4_bx         0x00000000        0x0 /cygdrive/c/Users/User/Desktop/Spring2012/CMPE146/CmpE146Package/GNUARM/bin/../lib/gcc/arm-elf/4.3.2/libgcc.a(_udivsi3.o)
 .v4_bx         0x00000000        0x0 /cygdrive/c/Users/User/Desktop/Spring2012/CMPE146/CmpE146Package/GNUARM/bin/../lib/gcc/arm-elf/4.3.2/libgcc.a(_divsi3.o)
 .v4_bx         0x00000000        0x0 /cygdrive/c/Users/User/Desktop/Spring2012/CMPE146/CmpE146Package/GNUARM/bin/../lib/gcc/arm-elf/4.3.2/libgcc.a(_umodsi3.o)
 .v4_bx         0x00000000        0x0 /cygdrive/c/Users/User/Desktop/Spring2012/CMPE146/CmpE146Package/GNUARM/bin/../lib/gcc/arm-elf/4.3.2/libgcc.a(_dvmd_tls.o)
 .v4_bx         0x00000000        0x0 /cygdrive/c/Users/User/Desktop/Spring2012/CMPE146/CmpE146Package/GNUARM/bin/../lib/gcc/arm-elf/4.3.2/../../../../arm-elf/lib/libc.a(lib_a-atoi.o)
 .v4_bx         0x00000000        0x0 /cygdrive/c/Users/User/Desktop/Spring2012/CMPE146/CmpE146Package/GNUARM/bin/../lib/gcc/arm-elf/4.3.2/../../../../arm-elf/lib/libc.a(lib_a-iprintf.o)
 .v4_bx         0x00000000        0x0 /cygdrive/c/Users/User/Desktop/Spring2012/CMPE146/CmpE146Package/GNUARM/bin/../lib/gcc/arm-elf/4.3.2/../../../../arm-elf/lib/libc.a(lib_a-malloc.o)
 .v4_bx         0x00000000        0x0 /cygdrive/c/Users/User/Desktop/Spring2012/CMPE146/CmpE146Package/GNUARM/bin/../lib/gcc/arm-elf/4.3.2/../../../../arm-elf/lib/libc.a(lib_a-mallocr.o)
 .v4_bx         0x00000000        0x0 /cygdrive/c/Users/User/Desktop/Spring2012/CMPE146/CmpE146Package/GNUARM/bin/../lib/gcc/arm-elf/4.3.2/../../../../arm-elf/lib/libc.a(lib_a-memcmp.o)
 .v4_bx         0x00000000        0x0 /cygdrive/c/Users/User/Desktop/Spring2012/CMPE146/CmpE146Package/GNUARM/bin/../lib/gcc/arm-elf/4.3.2/../../../../arm-elf/lib/libc.a(lib_a-memcpy.o)
 .v4_bx         0x00000000        0x0 /cygdrive/c/Users/User/Desktop/Spring2012/CMPE146/CmpE146Package/GNUARM/bin/../lib/gcc/arm-elf/4.3.2/../../../../arm-elf/lib/libc.a(lib_a-memset.o)
 .v4_bx         0x00000000        0x0 /cygdrive/c/Users/User/Desktop/Spring2012/CMPE146/CmpE146Package/GNUARM/bin/../lib/gcc/arm-elf/4.3.2/../../../../arm-elf/lib/libc.a(lib_a-mlock.o)
 .v4_bx         0x00000000        0x0 /cygdrive/c/Users/User/Desktop/Spring2012/CMPE146/CmpE146Package/GNUARM/bin/../lib/gcc/arm-elf/4.3.2/../../../../arm-elf/lib/libc.a(lib_a-realloc.o)
 .v4_bx         0x00000000        0x0 /cygdrive/c/Users/User/Desktop/Spring2012/CMPE146/CmpE146Package/GNUARM/bin/../lib/gcc/arm-elf/4.3.2/../../../../arm-elf/lib/libc.a(lib_a-reallocr.o)
 .v4_bx         0x00000000        0x0 /cygdrive/c/Users/User/Desktop/Spring2012/CMPE146/CmpE146Package/GNUARM/bin/../lib/gcc/arm-elf/4.3.2/../../../../arm-elf/lib/libc.a(lib_a-siprintf.o)
 .v4_bx         0x00000000        0x0 /cygdrive/c/Users/User/Desktop/Spring2012/CMPE146/CmpE146Package/GNUARM/bin/../lib/gcc/arm-elf/4.3.2/../../../../arm-elf/lib/libc.a(lib_a-strcmp.o)
 .v4_bx         0x00000000        0x0 /cygdrive/c/Users/User/Desktop/Spring2012/CMPE146/CmpE146Package/GNUARM/bin/../lib/gcc/arm-elf/4.3.2/../../../../arm-elf/lib/libc.a(lib_a-strcpy.o)
 .v4_bx         0x00000000        0x0 /cygdrive/c/Users/User/Desktop/Spring2012/CMPE146/CmpE146Package/GNUARM/bin/../lib/gcc/arm-elf/4.3.2/../../../../arm-elf/lib/libc.a(lib_a-strlen.o)
 .v4_bx         0x00000000        0x0 /cygdrive/c/Users/User/Desktop/Spring2012/CMPE146/CmpE146Package/GNUARM/bin/../lib/gcc/arm-elf/4.3.2/../../../../arm-elf/lib/libc.a(lib_a-strncpy.o)
 .v4_bx         0x00000000        0x0 /cygdrive/c/Users/User/Desktop/Spring2012/CMPE146/CmpE146Package/GNUARM/bin/../lib/gcc/arm-elf/4.3.2/../../../../arm-elf/lib/libc.a(lib_a-strstr.o)
 .v4_bx         0x00000000        0x0 /cygdrive/c/Users/User/Desktop/Spring2012/CMPE146/CmpE146Package/GNUARM/bin/../lib/gcc/arm-elf/4.3.2/../../../../arm-elf/lib/libc.a(lib_a-strtok.o)
 .v4_bx         0x00000000        0x0 /cygdrive/c/Users/User/Desktop/Spring2012/CMPE146/CmpE146Package/GNUARM/bin/../lib/gcc/arm-elf/4.3.2/../../../../arm-elf/lib/libc.a(lib_a-strtok_r.o)
 .v4_bx         0x00000000        0x0 /cygdrive/c/Users/User/Desktop/Spring2012/CMPE146/CmpE146Package/GNUARM/bin/../lib/gcc/arm-elf/4.3.2/../../../../arm-elf/lib/libc.a(lib_a-strtol.o)
 .v4_bx         0x00000000        0x0 /cygdrive/c/Users/User/Desktop/Spring2012/CMPE146/CmpE146Package/GNUARM/bin/../lib/gcc/arm-elf/4.3.2/../../../../arm-elf/lib/libc.a(lib_a-vfiprintf.o)
 .v4_bx         0x00000000        0x0 /cygdrive/c/Users/User/Desktop/Spring2012/CMPE146/CmpE146Package/GNUARM/bin/../lib/gcc/arm-elf/4.3.2/../../../../arm-elf/lib/libc.a(lib_a-wsetup.o)
 .v4_bx         0x00000000        0x0 /cygdrive/c/Users/User/Desktop/Spring2012/CMPE146/CmpE146Package/GNUARM/bin/../lib/gcc/arm-elf/4.3.2/../../../../arm-elf/lib/libc.a(lib_a-ctype_.o)
 .v4_bx         0x00000000        0x0 /cygdrive/c/Users/User/Desktop/Spring2012/CMPE146/CmpE146Package/GNUARM/bin/../lib/gcc/arm-elf/4.3.2/../../../../arm-elf/lib/libc.a(lib_a-fflush.o)
 .v4_bx         0x00000000        0x0 /cygdrive/c/Users/User/Desktop/Spring2012/CMPE146/CmpE146Package/GNUARM/bin/../lib/gcc/arm-elf/4.3.2/../../../../arm-elf/lib/libc.a(lib_a-findfp.o)
 .v4_bx         0x00000000        0x0 /cygdrive/c/Users/User/Desktop/Spring2012/CMPE146/CmpE146Package/GNUARM/bin/../lib/gcc/arm-elf/4.3.2/../../../../arm-elf/lib/libc.a(lib_a-freer.o)
 .v4_bx         0x00000000        0x0 /cygdrive/c/Users/User/Desktop/Spring2012/CMPE146/CmpE146Package/GNUARM/bin/../lib/gcc/arm-elf/4.3.2/../../../../arm-elf/lib/libc.a(lib_a-fvwrite.o)
 .v4_bx         0x00000000        0x0 /cygdrive/c/Users/User/Desktop/Spring2012/CMPE146/CmpE146Package/GNUARM/bin/../lib/gcc/arm-elf/4.3.2/../../../../arm-elf/lib/libc.a(lib_a-fwalk.o)
 .v4_bx         0x00000000        0x0 /cygdrive/c/Users/User/Desktop/Spring2012/CMPE146/CmpE146Package/GNUARM/bin/../lib/gcc/arm-elf/4.3.2/../../../../arm-elf/lib/libc.a(lib_a-impure.o)
 .v4_bx         0x00000000        0x0 /cygdrive/c/Users/User/Desktop/Spring2012/CMPE146/CmpE146Package/GNUARM/bin/../lib/gcc/arm-elf/4.3.2/../../../../arm-elf/lib/libc.a(lib_a-makebuf.o)
 .v4_bx         0x00000000        0x0 /cygdrive/c/Users/User/Desktop/Spring2012/CMPE146/CmpE146Package/GNUARM/bin/../lib/gcc/arm-elf/4.3.2/../../../../arm-elf/lib/libc.a(lib_a-memchr.o)
 .v4_bx         0x00000000        0x0 /cygdrive/c/Users/User/Desktop/Spring2012/CMPE146/CmpE146Package/GNUARM/bin/../lib/gcc/arm-elf/4.3.2/../../../../arm-elf/lib/libc.a(lib_a-memmove.o)
 .v4_bx         0x00000000        0x0 /cygdrive/c/Users/User/Desktop/Spring2012/CMPE146/CmpE146Package/GNUARM/bin/../lib/gcc/arm-elf/4.3.2/../../../../arm-elf/lib/libc.a(lib_a-stdio.o)
 .v4_bx         0x00000000        0x0 /cygdrive/c/Users/User/Desktop/Spring2012/CMPE146/CmpE146Package/GNUARM/bin/../lib/gcc/arm-elf/4.3.2/../../../../arm-elf/lib/libc.a(lib_a-syscalls.o)
 .v4_bx         0x00000000        0x0 /cygdrive/c/Users/User/Desktop/Spring2012/CMPE146/CmpE146Package/GNUARM/bin/../lib/gcc/arm-elf/4.3.2/../../../../arm-elf/lib/libc.a(lib_a-errno.o)
 .v4_bx         0x00000000        0x0 /cygdrive/c/Users/User/Desktop/Spring2012/CMPE146/CmpE146Package/GNUARM/bin/../lib/gcc/arm-elf/4.3.2/../../../../arm-elf/lib/libc.a(lib_a-fclose.o)

.dtors          0x000103f0        0x0
                0x000103f0                __dtors_start__ = .
 *(SORT(.dtors.*))
 *(.dtors)
                0x000103f0                __dtors_end__ = (__dtors_start__ + SIZEOF (.dtors))
                0x000103f0                __ctors_load_start__ = (__dtors_end__ ALIGN 0x4)

.ctors          0x000103f0        0x0
                0x000103f0                __ctors_start__ = .
 *(SORT(.ctors.*))
 *(.ctors)
                0x000103f0                __ctors_end__ = (__ctors_start__ + SIZEOF (.ctors))
                0x000103f0                __rodata_load_start__ = (__ctors_end__ ALIGN 0x4)

.rodata         0x000103f0     0x2234
                0x000103f0                __rodata_start__ = .
 *(.rodata .rodata.* .gnu.linkonce.r.*)
 .rodata.str1.1
                0x000103f0       0xe0 ./main.o
                                 0xe4 (size before relaxing)
 .rodata.str1.1
                0x000104d0       0x10 ./fat/ff.o
 .rodata        0x000104e0       0x8d ./fat/ff.o
 *fill*         0x0001056d        0x1 00
 .rodata        0x0001056e      0x4c0 ./fat/option/ccsbcs.o
 .rodata        0x00010a2e       0x19 ./drivers/pcm1774.o
 .rodata        0x00010a47      0xfe0 ./drivers/sta013.o
                0x00010a77                STA013_UpdateData
                0x00010a47                MP3_Bitrates
                0x00010a67                MP3_SamplingFrequencies
 .rodata.str1.1
                0x00011a27      0x13d ./WIFI/wifi.o
                                0x16c (size before relaxing)
 .rodata        0x00011b64       0x7e ./WIFI/wifi.o
 .rodata.str1.1
                0x00011be2       0x9d ./System/cpu.o
                                 0xc8 (size before relaxing)
 .rodata.str1.1
                0x00011c7f       0x14 ./System/syscalls.o
 .rodata.str1.1
                0x00011c93       0xd6 ./System/startup/exceptionHandlers.o
 .rodata.str1.1
                0x00011d69      0x195 ./MP3/mp3.o
                                0x1ba (size before relaxing)
 .rodata.str1.1
                0x00011efe      0x483 ./General/userInterface.o
                                0x530 (size before relaxing)
 .rodata.str1.1
                0x00012381       0x80 ./FreeRTOS/src/tasks.o
 .rodata        0x00012401       0x14 ./FreeRTOS/src/tasks.o
 .rodata.str1.1
                0x00012415        0x8 ./FreeRTOS/src/timers.o
 .rodata.str1.1
                0x0001241d       0x8d ./FreeRTOS/hooks/hooks.o
 *fill*         0x000124aa        0x2 00
 .rodata.str1.4
                0x000124ac       0x4a /cygdrive/c/Users/User/Desktop/Spring2012/CMPE146/CmpE146Package/GNUARM/bin/../lib/gcc/arm-elf/4.3.2/../../../../arm-elf/lib/libc.a(lib_a-vfiprintf.o)
                                 0x4c (size before relaxing)
 .rodata        0x000124f6       0x20 /cygdrive/c/Users/User/Desktop/Spring2012/CMPE146/CmpE146Package/GNUARM/bin/../lib/gcc/arm-elf/4.3.2/../../../../arm-elf/lib/libc.a(lib_a-vfiprintf.o)
 .rodata        0x00012516      0x101 /cygdrive/c/Users/User/Desktop/Spring2012/CMPE146/CmpE146Package/GNUARM/bin/../lib/gcc/arm-elf/4.3.2/../../../../arm-elf/lib/libc.a(lib_a-ctype_.o)
                0x00012516                _ctype_
 *fill*         0x00012617        0x1 00
 .rodata        0x00012618        0x4 /cygdrive/c/Users/User/Desktop/Spring2012/CMPE146/CmpE146Package/GNUARM/bin/../lib/gcc/arm-elf/4.3.2/../../../../arm-elf/lib/libc.a(lib_a-impure.o)
                0x00012618                _global_impure_ptr
 .rodata.str1.4
                0x0001261c        0x2 /cygdrive/c/Users/User/Desktop/Spring2012/CMPE146/CmpE146Package/GNUARM/bin/../lib/gcc/arm-elf/4.3.2/../../../../arm-elf/lib/libc.a(lib_a-impure.o)
                                  0x4 (size before relaxing)
 *fill*         0x0001261e        0x2 00
 .rodata.str1.4
                0x00012620        0x4 /cygdrive/c/Users/User/Desktop/Spring2012/CMPE146/CmpE146Package/GNUARM/bin/../lib/gcc/arm-elf/4.3.2/../../../../arm-elf/lib/libc.a(lib_a-syscalls.o)
                0x00012624                __rodata_end__ = (__rodata_start__ + SIZEOF (.rodata))
                0x00012624                __symbol_table_start__ = (__rodata_end__ ALIGN 0x4)

.symbol_table   0x00012624        0x0
                0x00012624                __symbol_table_start__ = .
 *(.symbol_table)
                0x00012624                __symbol_table_end__ = (__symbol_table_start__ + SIZEOF (.symbol_table))
                0x00012624                __fast_load_start__ = (__symbol_table_end__ ALIGN 0x4)

.fast           0x4000003c        0x0 load address 0x00012624
                0x4000003c                __fast_start__ = .
 *(.fast .fast.*)
                0x4000003c                __fast_end__ = (__fast_start__ + SIZEOF (.fast))
                0x00012624                __fast_load_end__ = (__fast_load_start__ + SIZEOF (.fast))

.fast_run       0x4000003c        0x0
                0x4000003c                __fast_run_start__ = .
                0x4000003c                . = ((__fast_run_start__ + SIZEOF (.fast)) MAX .)
                0x4000003c                __fast_run_end__ = (__fast_run_start__ + SIZEOF (.fast_run))
                0x00012624                __data_load_start__ = ((__fast_load_start__ + SIZEOF (.fast)) ALIGN 0x4)

.data           0x4000003c      0x848 load address 0x00012624
                0x4000003c                __data_start__ = .
 *(.data .data.* .gnu.linkonce.d.*)
 .data          0x4000003c        0x0 ./main.o
 .data          0x4000003c        0x0 ./utils/src/rprintf.o
 .data          0x4000003c        0x4 ./utils/src/timer.o
 .data          0x40000040        0x1 ./fat/diskio.o
                0x40000040                Stat
 .data          0x40000041        0x0 ./fat/ff.o
 .data          0x40000041        0x0 ./fat/rtc.o
 .data          0x40000041        0x0 ./fat/option/ccsbcs.o
 .data          0x40000041        0x0 ./fat/option/reentrant.o
 .data          0x40000041        0x0 ./drivers/i2c.o
 .data          0x40000041        0x0 ./drivers/pcm1774.o
 .data          0x40000041        0x0 ./drivers/ssp_spi.o
 .data          0x40000041        0x0 ./drivers/sta013.o
 .data          0x40000041        0x0 ./drivers/uart0.o
 .data          0x40000041        0x0 ./drivers/uart1.o
 .data          0x40000041        0x0 ./drivers/watchdog.o
 .data          0x40000041        0x0 ./WIFI/wifi.o
 .data          0x40000041        0x0 ./System/cppmem.o
 .data          0x40000041        0x0 ./System/cpu.o
 .data          0x40000041        0x0 ./System/syscalls.o
 .data          0x40000041        0x0 ./System/startup/Arm7CStartup.o
 .data          0x40000041        0x0 ./System/startup/Lpc2000ExceptionVectors.o
 .data          0x40000041        0x0 ./System/startup/exceptionHandlers.o
 *fill*         0x40000041        0x3 00
 .data          0x40000044       0x20 ./MP3/mp3.o
                0x40000044                lookup_table
 .data          0x40000064        0x0 ./General/userInterface.o
 .data          0x40000064        0x0 ./FreeRTOS/src/croutine.o
 .data          0x40000064        0x0 ./FreeRTOS/src/list.o
 .data          0x40000064        0x0 ./FreeRTOS/src/port.o
 .data          0x40000064        0x4 ./FreeRTOS/src/portISR.o
                0x40000064                ulCriticalNesting
 .data          0x40000068        0x0 ./FreeRTOS/src/queue.o
 .data          0x40000068        0x4 ./FreeRTOS/src/tasks.o
 .data          0x4000006c        0x0 ./FreeRTOS/src/timers.o
 .data          0x4000006c        0x0 ./FreeRTOS/mem/heap_3.o
 .data          0x4000006c        0x0 ./FreeRTOS/hooks/hooks.o
 .data          0x4000006c        0x0 /cygdrive/c/Users/User/Desktop/Spring2012/CMPE146/CmpE146Package/GNUARM/bin/../lib/gcc/arm-elf/4.3.2/libgcc.a(_udivsi3.o)
 .data          0x4000006c        0x0 /cygdrive/c/Users/User/Desktop/Spring2012/CMPE146/CmpE146Package/GNUARM/bin/../lib/gcc/arm-elf/4.3.2/libgcc.a(_divsi3.o)
 .data          0x4000006c        0x0 /cygdrive/c/Users/User/Desktop/Spring2012/CMPE146/CmpE146Package/GNUARM/bin/../lib/gcc/arm-elf/4.3.2/libgcc.a(_umodsi3.o)
 .data          0x4000006c        0x0 /cygdrive/c/Users/User/Desktop/Spring2012/CMPE146/CmpE146Package/GNUARM/bin/../lib/gcc/arm-elf/4.3.2/libgcc.a(_dvmd_tls.o)
 .data          0x4000006c        0x0 /cygdrive/c/Users/User/Desktop/Spring2012/CMPE146/CmpE146Package/GNUARM/bin/../lib/gcc/arm-elf/4.3.2/../../../../arm-elf/lib/libc.a(lib_a-atoi.o)
 .data          0x4000006c        0x0 /cygdrive/c/Users/User/Desktop/Spring2012/CMPE146/CmpE146Package/GNUARM/bin/../lib/gcc/arm-elf/4.3.2/../../../../arm-elf/lib/libc.a(lib_a-iprintf.o)
 .data          0x4000006c        0x0 /cygdrive/c/Users/User/Desktop/Spring2012/CMPE146/CmpE146Package/GNUARM/bin/../lib/gcc/arm-elf/4.3.2/../../../../arm-elf/lib/libc.a(lib_a-malloc.o)
 .data          0x4000006c      0x410 /cygdrive/c/Users/User/Desktop/Spring2012/CMPE146/CmpE146Package/GNUARM/bin/../lib/gcc/arm-elf/4.3.2/../../../../arm-elf/lib/libc.a(lib_a-mallocr.o)
                0x40000478                __malloc_sbrk_base
                0x4000006c                __malloc_av_
                0x40000474                __malloc_trim_threshold
 .data          0x4000047c        0x0 /cygdrive/c/Users/User/Desktop/Spring2012/CMPE146/CmpE146Package/GNUARM/bin/../lib/gcc/arm-elf/4.3.2/../../../../arm-elf/lib/libc.a(lib_a-memcmp.o)
 .data          0x4000047c        0x0 /cygdrive/c/Users/User/Desktop/Spring2012/CMPE146/CmpE146Package/GNUARM/bin/../lib/gcc/arm-elf/4.3.2/../../../../arm-elf/lib/libc.a(lib_a-memcpy.o)
 .data          0x4000047c        0x0 /cygdrive/c/Users/User/Desktop/Spring2012/CMPE146/CmpE146Package/GNUARM/bin/../lib/gcc/arm-elf/4.3.2/../../../../arm-elf/lib/libc.a(lib_a-memset.o)
 .data          0x4000047c        0x0 /cygdrive/c/Users/User/Desktop/Spring2012/CMPE146/CmpE146Package/GNUARM/bin/../lib/gcc/arm-elf/4.3.2/../../../../arm-elf/lib/libc.a(lib_a-mlock.o)
 .data          0x4000047c        0x0 /cygdrive/c/Users/User/Desktop/Spring2012/CMPE146/CmpE146Package/GNUARM/bin/../lib/gcc/arm-elf/4.3.2/../../../../arm-elf/lib/libc.a(lib_a-realloc.o)
 .data          0x4000047c        0x0 /cygdrive/c/Users/User/Desktop/Spring2012/CMPE146/CmpE146Package/GNUARM/bin/../lib/gcc/arm-elf/4.3.2/../../../../arm-elf/lib/libc.a(lib_a-reallocr.o)
 .data          0x4000047c        0x0 /cygdrive/c/Users/User/Desktop/Spring2012/CMPE146/CmpE146Package/GNUARM/bin/../lib/gcc/arm-elf/4.3.2/../../../../arm-elf/lib/libc.a(lib_a-siprintf.o)
 .data          0x4000047c        0x0 /cygdrive/c/Users/User/Desktop/Spring2012/CMPE146/CmpE146Package/GNUARM/bin/../lib/gcc/arm-elf/4.3.2/../../../../arm-elf/lib/libc.a(lib_a-strcmp.o)
 .data          0x4000047c        0x0 /cygdrive/c/Users/User/Desktop/Spring2012/CMPE146/CmpE146Package/GNUARM/bin/../lib/gcc/arm-elf/4.3.2/../../../../arm-elf/lib/libc.a(lib_a-strcpy.o)
 .data          0x4000047c        0x0 /cygdrive/c/Users/User/Desktop/Spring2012/CMPE146/CmpE146Package/GNUARM/bin/../lib/gcc/arm-elf/4.3.2/../../../../arm-elf/lib/libc.a(lib_a-strlen.o)
 .data          0x4000047c        0x0 /cygdrive/c/Users/User/Desktop/Spring2012/CMPE146/CmpE146Package/GNUARM/bin/../lib/gcc/arm-elf/4.3.2/../../../../arm-elf/lib/libc.a(lib_a-strncpy.o)
 .data          0x4000047c        0x0 /cygdrive/c/Users/User/Desktop/Spring2012/CMPE146/CmpE146Package/GNUARM/bin/../lib/gcc/arm-elf/4.3.2/../../../../arm-elf/lib/libc.a(lib_a-strstr.o)
 .data          0x4000047c        0x0 /cygdrive/c/Users/User/Desktop/Spring2012/CMPE146/CmpE146Package/GNUARM/bin/../lib/gcc/arm-elf/4.3.2/../../../../arm-elf/lib/libc.a(lib_a-strtok.o)
 .data          0x4000047c        0x0 /cygdrive/c/Users/User/Desktop/Spring2012/CMPE146/CmpE146Package/GNUARM/bin/../lib/gcc/arm-elf/4.3.2/../../../../arm-elf/lib/libc.a(lib_a-strtok_r.o)
 .data          0x4000047c        0x0 /cygdrive/c/Users/User/Desktop/Spring2012/CMPE146/CmpE146Package/GNUARM/bin/../lib/gcc/arm-elf/4.3.2/../../../../arm-elf/lib/libc.a(lib_a-strtol.o)
 .data          0x4000047c        0x0 /cygdrive/c/Users/User/Desktop/Spring2012/CMPE146/CmpE146Package/GNUARM/bin/../lib/gcc/arm-elf/4.3.2/../../../../arm-elf/lib/libc.a(lib_a-vfiprintf.o)
 .data          0x4000047c        0x0 /cygdrive/c/Users/User/Desktop/Spring2012/CMPE146/CmpE146Package/GNUARM/bin/../lib/gcc/arm-elf/4.3.2/../../../../arm-elf/lib/libc.a(lib_a-wsetup.o)
 .data          0x4000047c        0x4 /cygdrive/c/Users/User/Desktop/Spring2012/CMPE146/CmpE146Package/GNUARM/bin/../lib/gcc/arm-elf/4.3.2/../../../../arm-elf/lib/libc.a(lib_a-ctype_.o)
                0x4000047c                __ctype_ptr
 .data          0x40000480        0x0 /cygdrive/c/Users/User/Desktop/Spring2012/CMPE146/CmpE146Package/GNUARM/bin/../lib/gcc/arm-elf/4.3.2/../../../../arm-elf/lib/libc.a(lib_a-fflush.o)
 .data          0x40000480        0x0 /cygdrive/c/Users/User/Desktop/Spring2012/CMPE146/CmpE146Package/GNUARM/bin/../lib/gcc/arm-elf/4.3.2/../../../../arm-elf/lib/libc.a(lib_a-findfp.o)
 .data          0x40000480        0x0 /cygdrive/c/Users/User/Desktop/Spring2012/CMPE146/CmpE146Package/GNUARM/bin/../lib/gcc/arm-elf/4.3.2/../../../../arm-elf/lib/libc.a(lib_a-freer.o)
 .data          0x40000480        0x0 /cygdrive/c/Users/User/Desktop/Spring2012/CMPE146/CmpE146Package/GNUARM/bin/../lib/gcc/arm-elf/4.3.2/../../../../arm-elf/lib/libc.a(lib_a-fvwrite.o)
 .data          0x40000480        0x0 /cygdrive/c/Users/User/Desktop/Spring2012/CMPE146/CmpE146Package/GNUARM/bin/../lib/gcc/arm-elf/4.3.2/../../../../arm-elf/lib/libc.a(lib_a-fwalk.o)
 .data          0x40000480      0x404 /cygdrive/c/Users/User/Desktop/Spring2012/CMPE146/CmpE146Package/GNUARM/bin/../lib/gcc/arm-elf/4.3.2/../../../../arm-elf/lib/libc.a(lib_a-impure.o)
                0x40000480                _impure_ptr
 .data          0x40000884        0x0 /cygdrive/c/Users/User/Desktop/Spring2012/CMPE146/CmpE146Package/GNUARM/bin/../lib/gcc/arm-elf/4.3.2/../../../../arm-elf/lib/libc.a(lib_a-makebuf.o)
 .data          0x40000884        0x0 /cygdrive/c/Users/User/Desktop/Spring2012/CMPE146/CmpE146Package/GNUARM/bin/../lib/gcc/arm-elf/4.3.2/../../../../arm-elf/lib/libc.a(lib_a-memchr.o)
 .data          0x40000884        0x0 /cygdrive/c/Users/User/Desktop/Spring2012/CMPE146/CmpE146Package/GNUARM/bin/../lib/gcc/arm-elf/4.3.2/../../../../arm-elf/lib/libc.a(lib_a-memmove.o)
 .data          0x40000884        0x0 /cygdrive/c/Users/User/Desktop/Spring2012/CMPE146/CmpE146Package/GNUARM/bin/../lib/gcc/arm-elf/4.3.2/../../../../arm-elf/lib/libc.a(lib_a-stdio.o)
 .data          0x40000884        0x0 /cygdrive/c/Users/User/Desktop/Spring2012/CMPE146/CmpE146Package/GNUARM/bin/../lib/gcc/arm-elf/4.3.2/../../../../arm-elf/lib/libc.a(lib_a-syscalls.o)
 .data          0x40000884        0x0 /cygdrive/c/Users/User/Desktop/Spring2012/CMPE146/CmpE146Package/GNUARM/bin/../lib/gcc/arm-elf/4.3.2/../../../../arm-elf/lib/libc.a(lib_a-errno.o)
 .data          0x40000884        0x0 /cygdrive/c/Users/User/Desktop/Spring2012/CMPE146/CmpE146Package/GNUARM/bin/../lib/gcc/arm-elf/4.3.2/../../../../arm-elf/lib/libc.a(lib_a-fclose.o)
                0x40000884                __data_end__ = (__data_start__ + SIZEOF (.data))
                0x00012e6c                __data_load_end__ = (__data_load_start__ + SIZEOF (.data))

.data_run       0x4000003c      0x848
                0x4000003c                __data_run_start__ = .
                0x40000884                . = ((__data_run_start__ + SIZEOF (.data)) MAX .)
 *fill*         0x4000003c      0x848 00
                0x40000884                __data_run_end__ = (__data_run_start__ + SIZEOF (.data_run))
                0x40000884                __bss_load_start__ = (__data_run_end__ ALIGN 0x4)

.bss            0x40000884      0x525 load address 0x00012e6c
                0x40000884                __bss_start__ = .
 *(.bss .bss.* .gnu.linkonce.b.*)
 .bss           0x40000884        0x0 ./main.o
 .bss           0x40000884        0x4 ./utils/src/rprintf.o
 .bss           0x40000888        0x0 ./utils/src/timer.o
 .bss           0x40000888        0x1 ./fat/diskio.o
 *fill*         0x40000889        0x3 00
 .bss           0x4000088c        0x8 ./fat/ff.o
 .bss           0x40000894        0x0 ./fat/rtc.o
 .bss           0x40000894        0x0 ./fat/option/ccsbcs.o
 .bss           0x40000894        0x0 ./fat/option/reentrant.o
 .bss           0x40000894       0x14 ./drivers/i2c.o
 .bss           0x400008a8        0x0 ./drivers/pcm1774.o
 .bss           0x400008a8        0x0 ./drivers/ssp_spi.o
 .bss           0x400008a8        0x0 ./drivers/sta013.o
 .bss           0x400008a8        0xc ./drivers/uart0.o
 .bss           0x400008b4        0xc ./drivers/uart1.o
 .bss           0x400008c0        0x0 ./drivers/watchdog.o
 .bss           0x400008c0        0x0 ./WIFI/wifi.o
 .bss           0x400008c0        0x0 ./System/cppmem.o
 .bss           0x400008c0        0x0 ./System/cpu.o
 .bss           0x400008c0        0x4 ./System/syscalls.o
 .bss           0x400008c4        0x0 ./System/startup/Arm7CStartup.o
 .bss           0x400008c4        0x0 ./System/startup/Lpc2000ExceptionVectors.o
 .bss           0x400008c4        0x0 ./System/startup/exceptionHandlers.o
 .bss           0x400008c4      0x2d8 ./MP3/mp3.o
                0x400008c4                lastFileIndex
                0x40000b98                nowPlaying
                0x400008c8                songArray
 .bss           0x40000b9c        0x0 ./General/userInterface.o
 .bss           0x40000b9c        0x0 ./FreeRTOS/src/croutine.o
 .bss           0x40000b9c        0x0 ./FreeRTOS/src/list.o
 .bss           0x40000b9c        0x0 ./FreeRTOS/src/port.o
 .bss           0x40000b9c        0x0 ./FreeRTOS/src/portISR.o
 .bss           0x40000b9c        0x0 ./FreeRTOS/src/queue.o
 .bss           0x40000b9c       0xdc ./FreeRTOS/src/tasks.o
                0x40000b9c                pxCurrentTCB
                0x40000ba0                ulISROverhead
 .bss           0x40000c78       0x38 ./FreeRTOS/src/timers.o
 .bss           0x40000cb0        0x0 ./FreeRTOS/mem/heap_3.o
 .bss           0x40000cb0        0x0 ./FreeRTOS/hooks/hooks.o
 .bss           0x40000cb0        0x0 /cygdrive/c/Users/User/Desktop/Spring2012/CMPE146/CmpE146Package/GNUARM/bin/../lib/gcc/arm-elf/4.3.2/libgcc.a(_udivsi3.o)
 .bss           0x40000cb0        0x0 /cygdrive/c/Users/User/Desktop/Spring2012/CMPE146/CmpE146Package/GNUARM/bin/../lib/gcc/arm-elf/4.3.2/libgcc.a(_divsi3.o)
 .bss           0x40000cb0        0x0 /cygdrive/c/Users/User/Desktop/Spring2012/CMPE146/CmpE146Package/GNUARM/bin/../lib/gcc/arm-elf/4.3.2/libgcc.a(_umodsi3.o)
 .bss           0x40000cb0        0x0 /cygdrive/c/Users/User/Desktop/Spring2012/CMPE146/CmpE146Package/GNUARM/bin/../lib/gcc/arm-elf/4.3.2/libgcc.a(_dvmd_tls.o)
 .bss           0x40000cb0        0x0 /cygdrive/c/Users/User/Desktop/Spring2012/CMPE146/CmpE146Package/GNUARM/bin/../lib/gcc/arm-elf/4.3.2/../../../../arm-elf/lib/libc.a(lib_a-atoi.o)
 .bss           0x40000cb0        0x0 /cygdrive/c/Users/User/Desktop/Spring2012/CMPE146/CmpE146Package/GNUARM/bin/../lib/gcc/arm-elf/4.3.2/../../../../arm-elf/lib/libc.a(lib_a-iprintf.o)
 .bss           0x40000cb0        0x0 /cygdrive/c/Users/User/Desktop/Spring2012/CMPE146/CmpE146Package/GNUARM/bin/../lib/gcc/arm-elf/4.3.2/../../../../arm-elf/lib/libc.a(lib_a-malloc.o)
 .bss           0x40000cb0       0x34 /cygdrive/c/Users/User/Desktop/Spring2012/CMPE146/CmpE146Package/GNUARM/bin/../lib/gcc/arm-elf/4.3.2/../../../../arm-elf/lib/libc.a(lib_a-mallocr.o)
                0x40000cb0                __malloc_top_pad
                0x40000cb4                __malloc_max_sbrked_mem
                0x40000cbc                __malloc_current_mallinfo
                0x40000cb8                __malloc_max_total_mem
 .bss           0x40000ce4        0x0 /cygdrive/c/Users/User/Desktop/Spring2012/CMPE146/CmpE146Package/GNUARM/bin/../lib/gcc/arm-elf/4.3.2/../../../../arm-elf/lib/libc.a(lib_a-memcmp.o)
 .bss           0x40000ce4        0x0 /cygdrive/c/Users/User/Desktop/Spring2012/CMPE146/CmpE146Package/GNUARM/bin/../lib/gcc/arm-elf/4.3.2/../../../../arm-elf/lib/libc.a(lib_a-memcpy.o)
 .bss           0x40000ce4        0x0 /cygdrive/c/Users/User/Desktop/Spring2012/CMPE146/CmpE146Package/GNUARM/bin/../lib/gcc/arm-elf/4.3.2/../../../../arm-elf/lib/libc.a(lib_a-memset.o)
 .bss           0x40000ce4        0x0 /cygdrive/c/Users/User/Desktop/Spring2012/CMPE146/CmpE146Package/GNUARM/bin/../lib/gcc/arm-elf/4.3.2/../../../../arm-elf/lib/libc.a(lib_a-mlock.o)
 .bss           0x40000ce4        0x0 /cygdrive/c/Users/User/Desktop/Spring2012/CMPE146/CmpE146Package/GNUARM/bin/../lib/gcc/arm-elf/4.3.2/../../../../arm-elf/lib/libc.a(lib_a-realloc.o)
 .bss           0x40000ce4        0x0 /cygdrive/c/Users/User/Desktop/Spring2012/CMPE146/CmpE146Package/GNUARM/bin/../lib/gcc/arm-elf/4.3.2/../../../../arm-elf/lib/libc.a(lib_a-reallocr.o)
 .bss           0x40000ce4        0x0 /cygdrive/c/Users/User/Desktop/Spring2012/CMPE146/CmpE146Package/GNUARM/bin/../lib/gcc/arm-elf/4.3.2/../../../../arm-elf/lib/libc.a(lib_a-siprintf.o)
 .bss           0x40000ce4        0x0 /cygdrive/c/Users/User/Desktop/Spring2012/CMPE146/CmpE146Package/GNUARM/bin/../lib/gcc/arm-elf/4.3.2/../../../../arm-elf/lib/libc.a(lib_a-strcmp.o)
 .bss           0x40000ce4        0x0 /cygdrive/c/Users/User/Desktop/Spring2012/CMPE146/CmpE146Package/GNUARM/bin/../lib/gcc/arm-elf/4.3.2/../../../../arm-elf/lib/libc.a(lib_a-strcpy.o)
 .bss           0x40000ce4        0x0 /cygdrive/c/Users/User/Desktop/Spring2012/CMPE146/CmpE146Package/GNUARM/bin/../lib/gcc/arm-elf/4.3.2/../../../../arm-elf/lib/libc.a(lib_a-strlen.o)
 .bss           0x40000ce4        0x0 /cygdrive/c/Users/User/Desktop/Spring2012/CMPE146/CmpE146Package/GNUARM/bin/../lib/gcc/arm-elf/4.3.2/../../../../arm-elf/lib/libc.a(lib_a-strncpy.o)
 .bss           0x40000ce4        0x0 /cygdrive/c/Users/User/Desktop/Spring2012/CMPE146/CmpE146Package/GNUARM/bin/../lib/gcc/arm-elf/4.3.2/../../../../arm-elf/lib/libc.a(lib_a-strstr.o)
 .bss           0x40000ce4        0x0 /cygdrive/c/Users/User/Desktop/Spring2012/CMPE146/CmpE146Package/GNUARM/bin/../lib/gcc/arm-elf/4.3.2/../../../../arm-elf/lib/libc.a(lib_a-strtok.o)
 .bss           0x40000ce4        0x0 /cygdrive/c/Users/User/Desktop/Spring2012/CMPE146/CmpE146Package/GNUARM/bin/../lib/gcc/arm-elf/4.3.2/../../../../arm-elf/lib/libc.a(lib_a-strtok_r.o)
 .bss           0x40000ce4        0x0 /cygdrive/c/Users/User/Desktop/Spring2012/CMPE146/CmpE146Package/GNUARM/bin/../lib/gcc/arm-elf/4.3.2/../../../../arm-elf/lib/libc.a(lib_a-strtol.o)
 .bss           0x40000ce4        0x0 /cygdrive/c/Users/User/Desktop/Spring2012/CMPE146/CmpE146Package/GNUARM/bin/../lib/gcc/arm-elf/4.3.2/../../../../arm-elf/lib/libc.a(lib_a-vfiprintf.o)
 .bss           0x40000ce4        0x0 /cygdrive/c/Users/User/Desktop/Spring2012/CMPE146/CmpE146Package/GNUARM/bin/../lib/gcc/arm-elf/4.3.2/../../../../arm-elf/lib/libc.a(lib_a-wsetup.o)
 .bss           0x40000ce4        0x0 /cygdrive/c/Users/User/Desktop/Spring2012/CMPE146/CmpE146Package/GNUARM/bin/../lib/gcc/arm-elf/4.3.2/../../../../arm-elf/lib/libc.a(lib_a-ctype_.o)
 .bss           0x40000ce4        0x0 /cygdrive/c/Users/User/Desktop/Spring2012/CMPE146/CmpE146Package/GNUARM/bin/../lib/gcc/arm-elf/4.3.2/../../../../arm-elf/lib/libc.a(lib_a-fflush.o)
 .bss           0x40000ce4        0x0 /cygdrive/c/Users/User/Desktop/Spring2012/CMPE146/CmpE146Package/GNUARM/bin/../lib/gcc/arm-elf/4.3.2/../../../../arm-elf/lib/libc.a(lib_a-findfp.o)
 .bss           0x40000ce4        0x0 /cygdrive/c/Users/User/Desktop/Spring2012/CMPE146/CmpE146Package/GNUARM/bin/../lib/gcc/arm-elf/4.3.2/../../../../arm-elf/lib/libc.a(lib_a-freer.o)
 .bss           0x40000ce4        0x0 /cygdrive/c/Users/User/Desktop/Spring2012/CMPE146/CmpE146Package/GNUARM/bin/../lib/gcc/arm-elf/4.3.2/../../../../arm-elf/lib/libc.a(lib_a-fvwrite.o)
 .bss           0x40000ce4        0x0 /cygdrive/c/Users/User/Desktop/Spring2012/CMPE146/CmpE146Package/GNUARM/bin/../lib/gcc/arm-elf/4.3.2/../../../../arm-elf/lib/libc.a(lib_a-fwalk.o)