Archive member included because of file (symbol)

/cygdrive/c/Users/User/Desktop/Spring2012/CMPE146/CmpE146Package/GNUARM/bin/../lib/gcc/arm-elf/4.3.2/libgcc.a(_udivsi3.o)
                              ./utils/src/rprintf.o (__udivsi3)
/cygdrive/c/Users/User/Desktop/Spring2012/CMPE146/CmpE146Package/GNUARM/bin/../lib/gcc/arm-elf/4.3.2/libgcc.a(_divsi3.o)
                              ./fat/ff.o (__divsi3)
/cygdrive/c/Users/User/Desktop/Spring2012/CMPE146/CmpE146Package/GNUARM/bin/../lib/gcc/arm-elf/4.3.2/libgcc.a(_umodsi3.o)
                              ./utils/src/rprintf.o (__umodsi3)
/cygdrive/c/Users/User/Desktop/Spring2012/CMPE146/CmpE146Package/GNUARM/bin/../lib/gcc/arm-elf/4.3.2/libgcc.a(_dvmd_tls.o)
                              /cygdrive/c/Users/User/Desktop/Spring2012/CMPE146/CmpE146Package/GNUARM/bin/../lib/gcc/arm-elf/4.3.2/libgcc.a(_udivsi3.o) (__div0)
/cygdrive/c/Users/User/Desktop/Spring2012/CMPE146/CmpE146Package/GNUARM/bin/../lib/gcc/arm-elf/4.3.2/../../../../arm-elf/lib/libc.a(lib_a-atoi.o)
                              ./General/userInterface.o (atoi)
/cygdrive/c/Users/User/Desktop/Spring2012/CMPE146/CmpE146Package/GNUARM/bin/../lib/gcc/arm-elf/4.3.2/../../../../arm-elf/lib/libc.a(lib_a-iprintf.o)
                              ./General/userInterface.o (iprintf)
/cygdrive/c/Users/User/Desktop/Spring2012/CMPE146/CmpE146Package/GNUARM/bin/../lib/gcc/arm-elf/4.3.2/../../../../arm-elf/lib/libc.a(lib_a-malloc.o)
                              ./System/cppmem.o (free)
/cygdrive/c/Users/User/Desktop/Spring2012/CMPE146/CmpE146Package/GNUARM/bin/../lib/gcc/arm-elf/4.3.2/../../../../arm-elf/lib/libc.a(lib_a-mallocr.o)
                              /cygdrive/c/Users/User/Desktop/Spring2012/CMPE146/CmpE146Package/GNUARM/bin/../lib/gcc/arm-elf/4.3.2/../../../../arm-elf/lib/libc.a(lib_a-malloc.o) (_malloc_r)
/cygdrive/c/Users/User/Desktop/Spring2012/CMPE146/CmpE146Package/GNUARM/bin/../lib/gcc/arm-elf/4.3.2/../../../../arm-elf/lib/libc.a(lib_a-memcmp.o)
                              ./FreeRTOS/src/tasks.o (memcmp)
/cygdrive/c/Users/User/Desktop/Spring2012/CMPE146/CmpE146Package/GNUARM/bin/../lib/gcc/arm-elf/4.3.2/../../../../arm-elf/lib/libc.a(lib_a-memcpy.o)
                              ./drivers/i2c.o (memcpy)
/cygdrive/c/Users/User/Desktop/Spring2012/CMPE146/CmpE146Package/GNUARM/bin/../lib/gcc/arm-elf/4.3.2/../../../../arm-elf/lib/libc.a(lib_a-memset.o)
                              ./WIFI/wifi.o (memset)
/cygdrive/c/Users/User/Desktop/Spring2012/CMPE146/CmpE146Package/GNUARM/bin/../lib/gcc/arm-elf/4.3.2/../../../../arm-elf/lib/libc.a(lib_a-mlock.o)
                              /cygdrive/c/Users/User/Desktop/Spring2012/CMPE146/CmpE146Package/GNUARM/bin/../lib/gcc/arm-elf/4.3.2/../../../../arm-elf/lib/libc.a(lib_a-mallocr.o) (__malloc_lock)
/cygdrive/c/Users/User/Desktop/Spring2012/CMPE146/CmpE146Package/GNUARM/bin/../lib/gcc/arm-elf/4.3.2/../../../../arm-elf/lib/libc.a(lib_a-realloc.o)
                              ./WIFI/wifi.o (realloc)
/cygdrive/c/Users/User/Desktop/Spring2012/CMPE146/CmpE146Package/GNUARM/bin/../lib/gcc/arm-elf/4.3.2/../../../../arm-elf/lib/libc.a(lib_a-reallocr.o)
                              /cygdrive/c/Users/User/Desktop/Spring2012/CMPE146/CmpE146Package/GNUARM/bin/../lib/gcc/arm-elf/4.3.2/../../../../arm-elf/lib/libc.a(lib_a-realloc.o) (_realloc_r)
/cygdrive/c/Users/User/Desktop/Spring2012/CMPE146/CmpE146Package/GNUARM/bin/../lib/gcc/arm-elf/4.3.2/../../../../arm-elf/lib/libc.a(lib_a-siprintf.o)
                              ./FreeRTOS/src/tasks.o (siprintf)
/cygdrive/c/Users/User/Desktop/Spring2012/CMPE146/CmpE146Package/GNUARM/bin/../lib/gcc/arm-elf/4.3.2/../../../../arm-elf/lib/libc.a(lib_a-strcmp.o)
                              ./MP3/mp3.o (strcmp)
/cygdrive/c/Users/User/Desktop/Spring2012/CMPE146/CmpE146Package/GNUARM/bin/../lib/gcc/arm-elf/4.3.2/../../../../arm-elf/lib/libc.a(lib_a-strcpy.o)
                              ./FreeRTOS/src/tasks.o (strcpy)
/cygdrive/c/Users/User/Desktop/Spring2012/CMPE146/CmpE146Package/GNUARM/bin/../lib/gcc/arm-elf/4.3.2/../../../../arm-elf/lib/libc.a(lib_a-strlen.o)
                              ./FreeRTOS/src/tasks.o (strlen)
/cygdrive/c/Users/User/Desktop/Spring2012/CMPE146/CmpE146Package/GNUARM/bin/../lib/gcc/arm-elf/4.3.2/../../../../arm-elf/lib/libc.a(lib_a-strncpy.o)
                              ./WIFI/wifi.o (strncpy)
/cygdrive/c/Users/User/Desktop/Spring2012/CMPE146/CmpE146Package/GNUARM/bin/../lib/gcc/arm-elf/4.3.2/../../../../arm-elf/lib/libc.a(lib_a-strstr.o)
                              ./WIFI/wifi.o (strstr)
/cygdrive/c/Users/User/Desktop/Spring2012/CMPE146/CmpE146Package/GNUARM/bin/../lib/gcc/arm-elf/4.3.2/../../../../arm-elf/lib/libc.a(lib_a-strtok.o)
                              ./WIFI/wifi.o (strtok)
/cygdrive/c/Users/User/Desktop/Spring2012/CMPE146/CmpE146Package/GNUARM/bin/../lib/gcc/arm-elf/4.3.2/../../../../arm-elf/lib/libc.a(lib_a-strtok_r.o)
[...]
Memory Configuration

Name             Origin             Length             Attributes
FLASH_BOOT       0x00000000         0x00001000         xr
FLASH_APP        0x00001000         0x0007c000         xr
SRAM             0x40000000         0x00008000         xw
USB_DMA_RAM      0x7fd00000         0x00002000         xw
*default*        0x00000000         0xffffffff

Linker script and memory map

LOAD ./main.o
LOAD ./utils/src/rprintf.o
LOAD ./utils/src/timer.o
LOAD ./fat/diskio.o
LOAD ./fat/ff.o
LOAD ./fat/rtc.o
LOAD ./fat/option/ccsbcs.o
LOAD ./fat/option/reentrant.o
LOAD ./drivers/i2c.o
LOAD ./drivers/pcm1774.o
LOAD ./drivers/ssp_spi.o
LOAD ./drivers/sta013.o
LOAD ./drivers/uart0.o
LOAD ./drivers/uart1.o
LOAD ./drivers/watchdog.o
LOAD ./WIFI/wifi.o
LOAD ./System/cppmem.o
LOAD ./System/cpu.o
LOAD ./System/syscalls.o
LOAD ./System/startup/Arm7CStartup.o
LOAD ./System/startup/Lpc2000ExceptionVectors.o
LOAD ./System/startup/exceptionHandlers.o
LOAD ./MP3/mp3.o
LOAD ./General/userInterface.o
LOAD ./FreeRTOS/src/croutine.o
LOAD ./FreeRTOS/src/list.o
LOAD ./FreeRTOS/src/port.o
LOAD ./FreeRTOS/src/portISR.o
LOAD ./FreeRTOS/src/queue.o
LOAD ./FreeRTOS/src/tasks.o
LOAD ./FreeRTOS/src/timers.o
LOAD ./FreeRTOS/mem/heap_3.o
LOAD ./FreeRTOS/hooks/hooks.o
LOAD /cygdrive/c/Users/User/Desktop/Spring2012/CMPE146/CmpE146Package/GNUARM/bin/../lib/gcc/arm-elf/4.3.2/../../../../arm-elf/lib/libstdc++.a
LOAD /cygdrive/c/Users/User/Desktop/Spring2012/CMPE146/CmpE146Package/GNUARM/bin/../lib/gcc/arm-elf/4.3.2/../../../../arm-elf/lib/libm.a
START GROUP
LOAD /cygdrive/c/Users/User/Desktop/Spring2012/CMPE146/CmpE146Package/GNUARM/bin/../lib/gcc/arm-elf/4.3.2/libgcc.a
LOAD /cygdrive/c/Users/User/Desktop/Spring2012/CMPE146/CmpE146Package/GNUARM/bin/../lib/gcc/arm-elf/4.3.2/../../../../arm-elf/lib/libc.a
END GROUP
                0x00001000                __FLASH_segment_start__ = 0x1000
                0x40000000                __SRAM_segment_start__ = 0x40000000
                0x00000000                __STACKSIZE_SYS__ = 0x0
                0x00000000                __STACKSIZE_USER__ = 0x0
                0x00000200                __STACKSIZE_IRQ__ = 0x200
                0x00000040                __STACKSIZE_FIQ__ = 0x40
                0x00000200                __STACKSIZE_SVC__ = 0x200
                0x00000000                __STACKSIZE_ABT__ = 0x0
                0x00000000                __STACKSIZE_UND__ = 0x0
                0x00000000                __HEAPSIZE__ = 0x0
                0x0000003c                __EXCEPTION_VECTORS_SIZE__ = 0x3c
                0x40000000                __lpc2000ExceptionVectors_ram_load_start__ = __SRAM_segment_start__

.lpc2000ExceptionVectors_ram
                0x40000000       0x3c
                0x40000000                __lpc2000ExceptionVectors_ram_start__ = .
 *(.lpc2000ExceptionVectors_ram)
                0x4000003c                . = ((__lpc2000ExceptionVectors_ram_start__ + __EXCEPTION_VECTORS_SIZE__) MAX .)
 *fill*         0x40000000       0x3c 00
                0x4000003c                __lpc2000ExceptionVectors_ram_end__ = (__lpc2000ExceptionVectors_ram_start__ + SIZEOF (.lpc2000ExceptionVectors_ram))
                0x00001000                __lpc2000ExceptionVectors_load_start__ = __FLASH_segment_start__

.lpc2000ExceptionVectors
                0x00001000       0x38
                0x00001000                __lpc2000ExceptionVectors_start__ = .
 *(.lpc2000ExceptionVectors .lpc2000ExceptionVectors.*)
 .lpc2000ExceptionVectors
                0x00001000       0x38 ./System/startup/Lpc2000ExceptionVectors.o
                0x00001038                __lpc2000ExceptionVectors_end__ = (__lpc2000ExceptionVectors_start__ + SIZEOF (.lpc2000ExceptionVectors))
                0x00001038                __init_start__ = (__lpc2000ExceptionVectors_end__ ALIGN 0x4)

.init           0x00001038      0x1fc
                0x00001038                __init_start__ = .
 *(.init .init.*)
 *fill*         0x00001038        0x8 00
 .init          0x00001040      0x1b0 ./System/startup/Arm7CStartup.o
                0x00001040                Arm7StartupStart
 .init          0x000011f0       0x44 ./System/startup/Lpc2000ExceptionVectors.o
                0x00001228                _Lpc2000ExceptionVectorsFIQHandler
                0x0000121c                _Lpc2000ExceptionVectorsSoftwareIntHandler
                0x00001224                _Lpc2000ExceptionVectorsAbortDataHandler
                0x00001218                _Lpc2000ExceptionVectorsUndefinedHandler
                0x00001220                _Lpc2000ExceptionVectorsAbortPrefetchHandler
                0x00001234                __init_end__ = (__init_start__ + SIZEOF (.init))
                0x00001234                __text_load_start__ = (__init_end__ ALIGN 0x4)

.text           0x00001234     0xf0cc
                0x00001234                __text_start__ = .
 *(.text .text.* .glue_7t .glue_7 .gnu.linkonce.t.* .gcc_except_table)
 .text          0x00001234      0x1a4 ./main.o
                0x000013d4                _Z14FatFsDiskTimerPv
                0x00001234                main
 .glue_7        0x000013d8        0x0 ./main.o
 .glue_7t       0x000013d8        0x0 ./main.o
 .text          0x000013d8      0x264 ./utils/src/rprintf.o
                0x000013d8                rprintf_devopen
                0x00001428                rprintf
 .glue_7        0x0000163c        0x0 ./utils/src/rprintf.o
 .glue_7t       0x0000163c        0x0 ./utils/src/rprintf.o
 .text          0x0000163c      0x294 ./utils/src/timer.o
                0x00001750                _ZN5Timer12resetFromISREv
                0x000017e0                _ZN5Timer9isRunningEv
                0x00001898                _ZN5TimerC2EPFvPvEm9TimerType
                0x00001860                _ZN5TimerC1EPFvPvEm9TimerType
                0x000016dc                _ZN5Timer19changePeriodFromISREm
                0x00001798                _ZN5Timer12startFromISREv
                0x000017f8                _ZN5Timer5resetEv
                0x00001664                _ZN5Timer4stopEv
                0x0000163c                _ZN5Timer12changePeriodEm
                0x0000168c                _ZN5TimerD1Ev
                0x000016b4                _ZN5TimerD2Ev
                0x0000182c                _ZN5Timer5startEv
                0x00001718                _ZN5Timer11stopFromISREv
 .glue_7        0x000018d0        0x0 ./utils/src/timer.o
 .glue_7t       0x000018d0        0x0 ./utils/src/timer.o
 .text          0x000018d0      0xcc4 ./fat/diskio.o
                0x00001aa8                wait_ready
                0x00002398                disk_initialize
                0x00001964                disk_status
                0x00002008                disk_ioctl
                0x00001cbc                getSDCardInfo
                0x00001bb8                xmit_datablock
                0x000018d0                diskio_initializeSPIMutex
                0x00001a04                rcvr_datablock
                0x00001980                disk_timerproc
                0x00001948                chk_power
                0x00001fd8                power_off
                0x00001c78                get_spi
                0x00001ae4                send_cmd
                0x00001dd0                disk_write
                0x000018e0                initialize_SdCardSignals
                0x00001c38                release_spi
                0x00001ee8                disk_read
                0x00001944                power_on
 .glue_7        0x00002594        0x0 ./fat/diskio.o
 .glue_7t       0x00002594        0x0 ./fat/diskio.o
 .text          0x00002594     0x3514 ./fat/ff.o
                0x00002fec                get_fat
                0x00004274                f_rename
                0x00004784                f_truncate
                0x000025b8                gen_numname
                0x0000462c                f_unlink
                0x000057d8                f_close
                0x00005190                f_read
                0x00004a80                f_readdir
                0x00004578                f_chmod
                0x000056f0                f_sync
                0x00005a34                f_mount
                0x00004b3c                f_opendir
                0x00002e64                put_fat
                0x00004c08                f_lseek
                0x000049f8                f_stat
                0x00002594                clust2sect
                0x000044bc                f_utime
                0x00004e5c                f_write
                0x000057f0                f_open
                0x000053fc                f_mkdir
                0x00004888                f_getfree
 .glue_7        0x00005aa8        0x0 ./fat/ff.o
 .glue_7t       0x00005aa8        0x0 ./fat/ff.o
 .text          0x00005aa8      0x15c ./fat/rtc.o
                0x00005ad0                rtc_gettime
                0x00005aa8                initialize_RTC
                0x00005bb4                get_fattime
                0x00005b50                rtc_settime
 .glue_7        0x00005c04        0x0 ./fat/rtc.o
 .glue_7t       0x00005c04        0x0 ./fat/rtc.o
 .text          0x00005c04       0xb4 ./fat/option/ccsbcs.o
                0x00005c78                ff_wtoupper
                0x00005c04                ff_convert
 .glue_7        0x00005cb8        0x0 ./fat/option/ccsbcs.o
 .glue_7t       0x00005cb8        0x0 ./fat/option/ccsbcs.o
 .text          0x00005cb8       0x60 ./fat/option/reentrant.o
                0x00005cb8                ff_del_syncobj
                0x00005cf8                ff_cre_syncobj
                0x00005cc0                ff_rel_grant
                0x00005cd0                ff_req_grant
 .glue_7        0x00005d18        0x0 ./fat/option/reentrant.o
 .glue_7t       0x00005d18        0x0 ./fat/option/reentrant.o
 .text          0x00005d18      0x738 ./drivers/i2c.o
                0x00006228                initialize_I2C0
                0x00006120                i2cWriteDeviceRegister
                0x00005d18                i2cStateMachine
                0x00006180                i2cReadDeviceRegister
                0x000060b4                i2cKickOffTransfer
 .glue_7        0x00006450        0x0 ./drivers/i2c.o
 .glue_7t       0x00006450        0x0 ./drivers/i2c.o
 .text          0x00006450      0x748 ./drivers/pcm1774.o
                0x00006550                pcm1774_bassBoost
                0x0000649c                pcm1774_sendByte
                0x000068c8                pcm1774_LineOutputConfiguration
                0x00006a4c                pcm1774_ConnectDigitalOutputs
                0x00006450                pcm1774_readByte
                0x000068b8                pcm1774_PowerUpVcom
                0x000069ec                pcm1774_DigitalInterfaceSelection
                0x00006a1c                pcm1774_DigitalDeEmphasisFilter
                0x00006980                pcm1774_PowerUpMixer
                0x00006878                pcm1774_setShortCircuitProtectionRight
                0x000067ac                pcm1774_redirectAnalogInputToLeftOutput
                0x00006970                pcm1774_PowerUpAnalogBiasControl
                0x00006afc                pcm1774_3dSoundEffect
                0x00006770                pcm1774_redirectAnalogInputToRightOutput
                0x0000647c                pcm1774_readShortCircuitStatusLeft
                0x000065a0                pcm1774_DigitalVolume
                0x00006630                initialize_pcm1774
                0x000064b0                pcm1774_trebleBoost
                0x00006b40                pcm1774_Reset
                0x00006500                pcm1774_middleBoost
                0x000069bc                pcm1774_DigitalGainControl
                0x0000684c                pcm1774_PowerUpGainAmplifierAnalog
                0x00006724                pcm1774_bitMask
                0x00006918                pcm1774_PowerUpAnalog
                0x00006944                pcm1774_PowerUpDAC
                0x00006820                pcm1774_selectAnalogInput
                0x00006898                pcm1774_setShortCircuitProtectionLeft
                0x000065e8                pcm1774_OutputVolume
                0x000069ac                pcm1774_DigitalOversamplingControl
                0x000067e8                pcm1774_gainAmplifierAnalogInput
                0x0000645c                pcm1774_readShortCircuitStatusRight
                0x00006a78                pcm1774_LoadDefaultDigitalConfiguration
 .glue_7        0x00006b98        0x0 ./drivers/pcm1774.o
 .glue_7t       0x00006b98        0x0 ./drivers/pcm1774.o
 .text          0x00006b98       0x88 ./drivers/ssp_spi.o
                0x00006b98                initialize_SSPSPI
                0x00006c0c                setSSPSPI_Divider
                0x00006bdc                rxTxByteSSPSPI
 .glue_7        0x00006c20        0x0 ./drivers/ssp_spi.o
 .glue_7t       0x00006c20        0x0 ./drivers/ssp_spi.o
 .text          0x00006c20      0x558 ./drivers/sta013.o
                0x00007028                sta013GetAverageBitrate
                0x00006d58                sta013SetVolume
                0x00006e2c                sta013StopDecoder
                0x00006ddc                sta013ResumeDecoder
                0x00006e04                sta013PauseDecoder
                0x00006fd0                sta013DownloadUpdate
                0x00006e64                sta013StartDecoder
                0x0000701c                sta013ReadReg
                0x000070d4                initialize_sta013
                0x00007044                sta013GetMP3Info
                0x00006c20                sta013HWReset
                0x00006c94                sta013WriteReg
                0x00006ca8                sta013SetTone
 .glue_7        0x00007178        0x0 ./drivers/sta013.o
 .glue_7t       0x00007178        0x0 ./drivers/sta013.o
 .text          0x00007178      0x468 ./drivers/uart0.o
                0x000071d4                uart0GetChar
                0x000071ac                uart0PutCharPolling
                0x000072b8                uart0Init
                0x00007178                uart0Deinit
                0x00007400                uart0ISR
                0x00007204                uart0PutChar
 .glue_7        0x000075e0        0x0 ./drivers/uart0.o
 .glue_7t       0x000075e0        0x0 ./drivers/uart0.o
 .text          0x000075e0      0x424 ./drivers/uart1.o
                0x000075e0                uart1PutCharPolling
                0x00007824                uart1ISR
                0x000076dc                uart1Init
                0x00007608                uart1GetChar
                0x00007628                uart1PutChar
 .glue_7        0x00007a04        0x0 ./drivers/uart1.o
 .glue_7t       0x00007a04        0x0 ./drivers/uart1.o
 .text          0x00007a04       0xd4 ./drivers/watchdog.o
                0x00007a34                watchdog_Start
                0x00007a04                watchdog_Reset
                0x00007a1c                watchdog_Feed
                0x00007a7c                watchdogDelayUs
                0x00007a5c                watchdog_Stop
 .glue_7        0x00007ad8        0x0 ./drivers/watchdog.o
 .glue_7t       0x00007ad8        0x0 ./drivers/watchdog.o
 .text          0x00007ad8      0x6f4 ./WIFI/wifi.o
                0x00007c90                _Z21wifiReceiveFromServerv
                0x00007d5c                _Z22wifiCloseTCPConnectionv
                0x00007b38                _Z25wifiGetDeviceIDFromModulev
                0x00007ad8                _Z23wifiReceiveExpectedDataPci
                0x00007e6c                _Z12wifiJoinSSIDv
                0x00007c24                _Z28wifiIncomingConnectionStatusv
                0x00007ef4                _Z17wifiSetWlanPhrasev
                0x00007cf0                _Z24wifiSendDeviceIDToServerv
                0x0000809c                _Z24wifiSentPlayListToServerv
                0x00007f68                _Z19wifiExitCommandModev
                0x00007b0c                _Z14wifiSendStringPKc
                0x00007fdc                _Z20wifiEnterCommandModev
                0x00007b7c                _Z23parsePlayListFromServerPc
                0x00007de4                _Z21wifiOpenTCPConnectionv
                0x00008044                _Z9wifiBeginv
 .text._ZN12SongNameTypeaSEPc
                0x000081cc       0x2c ./WIFI/wifi.o
                0x000081cc                _ZN12SongNameTypeaSEPc
 .text._ZN6VECTORI12SongNameTypeE9push_backERKS0_
                0x000081f8       0x68 ./WIFI/wifi.o
                0x000081f8                _ZN6VECTORI12SongNameTypeE9push_backERKS0_
 .glue_7        0x00008260        0x0 ./WIFI/wifi.o
 .glue_7t       0x00008260        0x0 ./WIFI/wifi.o
 .text          0x00008260       0x10 ./System/cppmem.o
                0x0000826c                _Znwm
                0x00008264                _ZdlPv
                0x00008260                _ZdaPv
                0x00008268                _Znam
 .glue_7        0x00008270        0x0 ./System/cppmem.o
 .glue_7t       0x00008270        0x0 ./System/cppmem.o
 .text          0x00008270      0x170 ./System/cpu.o
                0x00008310                cpuPrintMemoryInfo
                0x00008270                cpuSetupHardware
 .glue_7        0x000083e0        0x0 ./System/cpu.o
 .glue_7t       0x000083e0        0x0 ./System/cpu.o
 .text          0x000083e0       0xfc ./System/syscalls.o
                0x000083e8                _lseek_r
                0x000084ac                _kill_r
                0x000083f0                _fstat_r
                0x000084c4                _getpid_r
                0x00008400                _sbrk_r
                0x0000846c                _read_r
                0x000083e0                _close_r
                0x00008430                _write_r
 .glue_7        0x000084dc        0x0 ./System/syscalls.o
 .glue_7t       0x000084dc        0x0 ./System/syscalls.o
 .text          0x000084dc        0x0 ./System/startup/Arm7CStartup.o
 .glue_7        0x000084dc        0x0 ./System/startup/Arm7CStartup.o
 .glue_7t       0x000084dc        0x0 ./System/startup/Arm7CStartup.o
 .text          0x000084dc        0x0 ./System/startup/Lpc2000ExceptionVectors.o
 .glue_7        0x000084dc        0x0 ./System/startup/Lpc2000ExceptionVectors.o
 .glue_7t       0x000084dc        0x0 ./System/startup/Lpc2000ExceptionVectors.o
 .text          0x000084dc       0x9c ./System/startup/exceptionHandlers.o
                0x00008548                Exception_PrefetchAbort
                0x00008560                Exception_UndefinedAddress
                0x00008518                Exception_FIQHandler
                0x00008530                Exception_DataAbort
                0x000084dc                printExceptionInfo
 .glue_7        0x00008578        0x0 ./System/startup/exceptionHandlers.o
 .glue_7t       0x00008578        0x0 ./System/startup/exceptionHandlers.o
 .text          0x00008578      0x608 ./MP3/mp3.o
                0x00008718                mp3_controls
                0x000086d8                _Z6lookupPc
                0x00008578                mp3Task
 .glue_7        0x00008b80        0x0 ./MP3/mp3.o
 .glue_7t       0x00008b80        0x0 ./MP3/mp3.o
 .text          0x00008b80      0x96c ./General/userInterface.o
                0x00008c24                _Z9printLinev
                0x00008c30                _Z11getUartLinePc
                0x00008b80                _Z12getUart1LinePc
                0x00008cd4                _Z6uartUIPv
 .glue_7        0x000094ec        0x0 ./General/userInterface.o
 .glue_7t       0x000094ec        0x0 ./General/userInterface.o
 .text          0x000094ec        0x0 ./FreeRTOS/src/croutine.o
 .glue_7        0x000094ec        0x0 ./FreeRTOS/src/croutine.o
 .glue_7t       0x000094ec        0x0 ./FreeRTOS/src/croutine.o
 .text          0x000094ec       0xf4 ./FreeRTOS/src/list.o
                0x0000951c                vListInsertEnd
                0x000095a4                vListRemove
                0x00009510                vListInitialiseItem
                0x000094ec                vListInitialise
                0x00009550                vListInsert
 .glue_7        0x000095e0        0x0 ./FreeRTOS/src/list.o
 .glue_7t       0x000095e0        0x0 ./FreeRTOS/src/list.o
 .text          0x000095e0      0x1c0 ./FreeRTOS/src/port.o
                0x00009734                xPortStartScheduler
                0x00009730                vPortEndScheduler
                0x000095e0                pxPortInitialiseStack
 .glue_7        0x000097a0        0x0 ./FreeRTOS/src/port.o
 .glue_7t       0x000097a0        0x0 ./FreeRTOS/src/port.o
 .text          0x000097a0      0x228 ./FreeRTOS/src/portISR.o
                0x00009890                vTickISR
                0x0000997c                vPortExitCritical
                0x000097ec                vPortYieldProcessor
                0x000097a0                vPortISRStartFirstTask
                0x00009950                vPortEnterCritical
 .glue_7        0x000099c8        0x0 ./FreeRTOS/src/portISR.o
 .glue_7t       0x000099c8        0x0 ./FreeRTOS/src/portISR.o
 .text          0x000099c8      0x77c ./FreeRTOS/src/queue.o
                0x00009ad0                vQueueWaitForMessageRestricted
                0x00009e68                xQueueGenericSendFromISR
                0x00009b24                vQueueDelete
                0x00009ed8                xQueueGenericSend
                0x000099d0                ucQueueGetQueueNumber
                0x000099e0                ucQueueGetQueueType
                0x00009b40                xQueueReceiveFromISR
                0x0000a09c                xQueueGenericCreate
                0x000099d8                vQueueSetQueueNumber
                0x000099f8                xQueueIsQueueFullFromISR
                0x00009a10                uxQueueMessagesWaiting
                0x00009be8                xQueueGenericReceive
                0x000099c8                uxQueueMessagesWaitingFromISR
                0x000099e8                xQueueIsQueueEmptyFromISR
                0x0000a020                xQueueCreateMutex
 .glue_7        0x0000a144        0x0 ./FreeRTOS/src/queue.o
 .glue_7t       0x0000a144        0x0 ./FreeRTOS/src/queue.o
 .text          0x0000a144     0x14c4 ./FreeRTOS/src/tasks.o
                0x0000af68                vTaskGetRunTimeStats
                0x0000a968                vTaskPrioritySet
                0x0000b2b0                vTaskEndScheduler
                0x0000ac04                vTaskPlaceOnEventList
                0x0000b2e4                xTaskGenericCreate
                0x0000a144                xTaskIsTaskSuspended
                0x0000a278                uxTaskGetStackHighWaterMark
                0x0000a5e8                xTaskResumeFromISR
                0x0000a1f4                runTimeStatISRExit
                0x0000a74c                xTaskGetTickCount
                0x0000a3f4                xTaskRemoveFromEventList
                0x0000a6b0                xTaskCheckForTimeOut
                0x0000a180                vTaskSuspendAll
                0x0000a198                xTaskGetTickCountFromISR
                0x0000a2ec                vTaskPriorityDisinherit
                0x0000a354                vTaskPriorityInherit
                0x0000a8ac                vTaskResume
                0x0000ac64                vTaskSwitchContext
                0x0000aacc                vTaskPlaceOnEventListRestricted
                0x0000a26c                vTaskSetTaskNumber
                0x0000ad98                vTaskSuspend
                0x0000a1a8                uxTaskGetNumberOfTasks
                0x0000a48c                vTaskIncrementTick
                0x0000b1d4                vTaskList
                0x0000a260                uxTaskGetTaskNumber
                0x0000ab68                vTaskDelayUntil
                0x0000a2ac                xTaskGetCurrentTaskHandle
                0x0000a76c                xTaskResumeAll
                0x0000b55c                vTaskStartScheduler
                0x0000a24c                vTaskMissedYield
                0x0000a1b8                runTimeStatISREntry
                0x0000ab0c                vTaskDelay
                0x0000a2bc                xTaskGetSchedulerState
                0x0000a22c                vTaskSetTimeOutState
 .glue_7        0x0000b608        0x0 ./FreeRTOS/src/tasks.o
 .glue_7t       0x0000b608        0x0 ./FreeRTOS/src/tasks.o
 .text          0x0000b608      0x53c ./FreeRTOS/src/timers.o
                0x0000b724                xTimerCreate
                0x0000b634                xTimerGenericCommand
                0x0000b77c                xTimerCreateTimerTask
                0x0000b608                pvTimerGetTimerID
                0x0000b610                xTimerIsTimerActive
 .glue_7        0x0000bb44        0x0 ./FreeRTOS/src/timers.o
 .glue_7t       0x0000bb44        0x0 ./FreeRTOS/src/timers.o
 .text          0x0000bb44       0x4c ./FreeRTOS/mem/heap_3.o
                0x0000bb44                vPortFree
                0x0000bb64                pvPortMalloc
 .glue_7        0x0000bb90        0x0 ./FreeRTOS/mem/heap_3.o
 .glue_7t       0x0000bb90        0x0 ./FreeRTOS/mem/heap_3.o
 .text          0x0000bb90       0x6c ./FreeRTOS/hooks/hooks.o
                0x0000bba8                vApplicationMallocFailedHook
                0x0000bbc8                vApplicationStackOverflowHook
                0x0000bb90                vApplicationIdleHook
 .glue_7        0x0000bbfc        0x0 ./FreeRTOS/hooks/hooks.o
 .glue_7t       0x0000bbfc        0x0 ./FreeRTOS/hooks/hooks.o
 .text          0x0000bbfc      0x110 /cygdrive/c/Users/User/Desktop/Spring2012/CMPE146/CmpE146Package/GNUARM/bin/../lib/gcc/arm-elf/4.3.2/libgcc.a(_udivsi3.o)
                0x0000bbfc                __udivsi3
                0x0000bbfc                __aeabi_uidiv
                0x0000bcf4                __aeabi_uidivmod
 .glue_7        0x0000bd0c        0x0 /cygdrive/c/Users/User/Desktop/Spring2012/CMPE146/CmpE146Package/GNUARM/bin/../lib/gcc/arm-elf/4.3.2/libgcc.a(_udivsi3.o)
 .glue_7t       0x0000bd0c        0x0 /cygdrive/c/Users/User/Desktop/Spring2012/CMPE146/CmpE146Package/GNUARM/bin/../lib/gcc/arm-elf/4.3.2/libgcc.a(_udivsi3.o)
 .text          0x0000bd0c      0x140 /cygdrive/c/Users/User/Desktop/Spring2012/CMPE146/CmpE146Package/GNUARM/bin/../lib/gcc/arm-elf/4.3.2/libgcc.a(_divsi3.o)
                0x0000bd0c                __aeabi_idiv
                0x0000bd0c                __divsi3
                0x0000be34                __aeabi_idivmod
 .glue_7        0x0000be4c        0x0 /cygdrive/c/Users/User/Desktop/Spring2012/CMPE146/CmpE146Package/GNUARM/bin/../lib/gcc/arm-elf/4.3.2/libgcc.a(_divsi3.o)
 .glue_7t       0x0000be4c        0x0 /cygdrive/c/Users/User/Desktop/Spring2012/CMPE146/CmpE146Package/GNUARM/bin/../lib/gcc/arm-elf/4.3.2/libgcc.a(_divsi3.o)
 .text          0x0000be4c       0xcc /cygdrive/c/Users/User/Desktop/Spring2012/CMPE146/CmpE146Package/GNUARM/bin/../lib/gcc/arm-elf/4.3.2/libgcc.a(_umodsi3.o)
                0x0000be4c                __umodsi3
 .glue_7        0x0000bf18        0x0 /cygdrive/c/Users/User/Desktop/Spring2012/CMPE146/CmpE146Package/GNUARM/bin/../lib/gcc/arm-elf/4.3.2/libgcc.a(_umodsi3.o)
 .glue_7t       0x0000bf18        0x0 /cygdrive/c/Users/User/Desktop/Spring2012/CMPE146/CmpE146Package/GNUARM/bin/../lib/gcc/arm-elf/4.3.2/libgcc.a(_umodsi3.o)
 .text          0x0000bf18        0x4 /cygdrive/c/Users/User/Desktop/Spring2012/CMPE146/CmpE146Package/GNUARM/bin/../lib/gcc/arm-elf/4.3.2/libgcc.a(_dvmd_tls.o)
                0x0000bf18                __aeabi_ldiv0
                0x0000bf18                __div0
                0x0000bf18                __aeabi_idiv0
 .glue_7        0x0000bf1c        0x0 /cygdrive/c/Users/User/Desktop/Spring2012/CMPE146/CmpE146Package/GNUARM/bin/../lib/gcc/arm-elf/4.3.2/libgcc.a(_dvmd_tls.o)
 .glue_7t       0x0000bf1c        0x0 /cygdrive/c/Users/User/Desktop/Spring2012/CMPE146/CmpE146Package/GNUARM/bin/../lib/gcc/arm-elf/4.3.2/libgcc.a(_dvmd_tls.o)
 .text          0x0000bf1c       0x18 /cygdrive/c/Users/User/Desktop/Spring2012/CMPE146/CmpE146Package/GNUARM/bin/../lib/gcc/arm-elf/4.3.2/../../../../arm-elf/lib/libc.a(lib_a-atoi.o)
                0x0000bf1c                _atoi_r
                0x0000bf28                atoi
 .glue_7        0x0000bf34        0x0 /cygdrive/c/Users/User/Desktop/Spring2012/CMPE146/CmpE146Package/GNUARM/bin/../lib/gcc/arm-elf/4.3.2/../../../../arm-elf/lib/libc.a(lib_a-atoi.o)
 .glue_7t       0x0000bf34        0x0 /cygdrive/c/Users/User/Desktop/Spring2012/CMPE146/CmpE146Package/GNUARM/bin/../lib/gcc/arm-elf/4.3.2/../../../../arm-elf/lib/libc.a(lib_a-atoi.o)
 .text          0x0000bf34       0x54 /cygdrive/c/Users/User/Desktop/Spring2012/CMPE146/CmpE146Package/GNUARM/bin/../lib/gcc/arm-elf/4.3.2/../../../../arm-elf/lib/libc.a(lib_a-iprintf.o)
                0x0000bf34                _iprintf_r
                0x0000bf58                iprintf
 .glue_7        0x0000bf88        0x0 /cygdrive/c/Users/User/Desktop/Spring2012/CMPE146/CmpE146Package/GNUARM/bin/../lib/gcc/arm-elf/4.3.2/../../../../arm-elf/lib/libc.a(lib_a-iprintf.o)
 .glue_7t       0x0000bf88        0x0 /cygdrive/c/Users/User/Desktop/Spring2012/CMPE146/CmpE146Package/GNUARM/bin/../lib/gcc/arm-elf/4.3.2/../../../../arm-elf/lib/libc.a(lib_a-iprintf.o)
 .text          0x0000bf88       0x28 /cygdrive/c/Users/User/Desktop/Spring2012/CMPE146/CmpE146Package/GNUARM/bin/../lib/gcc/arm-elf/4.3.2/../../../../arm-elf/lib/libc.a(lib_a-malloc.o)
                0x0000bf9c                malloc
                0x0000bf88                free
 .glue_7        0x0000bfb0        0x0 /cygdrive/c/Users/User/Desktop/Spring2012/CMPE146/CmpE146Package/GNUARM/bin/../lib/gcc/arm-elf/4.3.2/../../../../arm-elf/lib/libc.a(lib_a-malloc.o)
 .glue_7t       0x0000bfb0        0x0 /cygdrive/c/Users/User/Desktop/Spring2012/CMPE146/CmpE146Package/GNUARM/bin/../lib/gcc/arm-elf/4.3.2/../../../../arm-elf/lib/libc.a(lib_a-malloc.o)
 .text          0x0000bfb0      0x734 /cygdrive/c/Users/User/Desktop/Spring2012/CMPE146/CmpE146Package/GNUARM/bin/../lib/gcc/arm-elf/4.3.2/../../../../arm-elf/lib/libc.a(lib_a-mallocr.o)
                0x0000bfb0                _malloc_r
 .glue_7        0x0000c6e4        0x0 /cygdrive/c/Users/User/Desktop/Spring2012/CMPE146/CmpE146Package/GNUARM/bin/../lib/gcc/arm-elf/4.3.2/../../../../arm-elf/lib/libc.a(lib_a-mallocr.o)
 .glue_7t       0x0000c6e4        0x0 /cygdrive/c/Users/User/Desktop/Spring2012/CMPE146/CmpE146Package/GNUARM/bin/../lib/gcc/arm-elf/4.3.2/../../../../arm-elf/lib/libc.a(lib_a-mallocr.o)
 .text          0x0000c6e4       0xac /cygdrive/c/Users/User/Desktop/Spring2012/CMPE146/CmpE146Package/GNUARM/bin/../lib/gcc/arm-elf/4.3.2/../../../../arm-elf/lib/libc.a(lib_a-memcmp.o)
                0x0000c6e4                memcmp
 .glue_7        0x0000c790        0x0 /cygdrive/c/Users/User/Desktop/Spring2012/CMPE146/CmpE146Package/GNUARM/bin/../lib/gcc/arm-elf/4.3.2/../../../../arm-elf/lib/libc.a(lib_a-memcmp.o)
 .glue_7t       0x0000c790        0x0 /cygdrive/c/Users/User/Desktop/Spring2012/CMPE146/CmpE146Package/GNUARM/bin/../lib/gcc/arm-elf/4.3.2/../../../../arm-elf/lib/libc.a(lib_a-memcmp.o)
 .text          0x0000c790       0xfc /cygdrive/c/Users/User/Desktop/Spring2012/CMPE146/CmpE146Package/GNUARM/bin/../lib/gcc/arm-elf/4.3.2/../../../../arm-elf/lib/libc.a(lib_a-memcpy.o)
                0x0000c790                memcpy
 .glue_7        0x0000c88c        0x0 /cygdrive/c/Users/User/Desktop/Spring2012/CMPE146/CmpE146Package/GNUARM/bin/../lib/gcc/arm-elf/4.3.2/../../../../arm-elf/lib/libc.a(lib_a-memcpy.o)
 .glue_7t       0x0000c88c        0x0 /cygdrive/c/Users/User/Desktop/Spring2012/CMPE146/CmpE146Package/GNUARM/bin/../lib/gcc/arm-elf/4.3.2/../../../../arm-elf/lib/libc.a(lib_a-memcpy.o)
 .text          0x0000c88c       0xd0 /cygdrive/c/Users/User/Desktop/Spring2012/CMPE146/CmpE146Package/GNUARM/bin/../lib/gcc/arm-elf/4.3.2/../../../../arm-elf/lib/libc.a(lib_a-memset.o)
                0x0000c88c                memset
 .glue_7        0x0000c95c        0x0 /cygdrive/c/Users/User/Desktop/Spring2012/CMPE146/CmpE146Package/GNUARM/bin/../lib/gcc/arm-elf/4.3.2/../../../../arm-elf/lib/libc.a(lib_a-memset.o)
 .glue_7t       0x0000c95c        0x0 /cygdrive/c/Users/User/Desktop/Spring2012/CMPE146/CmpE146Package/GNUARM/bin/../lib/gcc/arm-elf/4.3.2/../../../../arm-elf/lib/libc.a(lib_a-memset.o)
 .text          0x0000c95c        0x8 /cygdrive/c/Users/User/Desktop/Spring2012/CMPE146/CmpE146Package/GNUARM/bin/../lib/gcc/arm-elf/4.3.2/../../../../arm-elf/lib/libc.a(lib_a-mlock.o)
                0x0000c960                __malloc_unlock
                0x0000c95c                __malloc_lock
 .glue_7        0x0000c964        0x0 /cygdrive/c/Users/User/Desktop/Spring2012/CMPE146/CmpE146Package/GNUARM/bin/../lib/gcc/arm-elf/4.3.2/../../../../arm-elf/lib/libc.a(lib_a-mlock.o)
 .glue_7t       0x0000c964        0x0 /cygdrive/c/Users/User/Desktop/Spring2012/CMPE146/CmpE146Package/GNUARM/bin/../lib/gcc/arm-elf/4.3.2/../../../../arm-elf/lib/libc.a(lib_a-mlock.o)
 .text          0x0000c964       0x1c /cygdrive/c/Users/User/Desktop/Spring2012/CMPE146/CmpE146Package/GNUARM/bin/../lib/gcc/arm-elf/4.3.2/../../../../arm-elf/lib/libc.a(lib_a-realloc.o)
                0x0000c964                realloc
 .glue_7        0x0000c980        0x0 /cygdrive/c/Users/User/Desktop/Spring2012/CMPE146/CmpE146Package/GNUARM/bin/../lib/gcc/arm-elf/4.3.2/../../../../arm-elf/lib/libc.a(lib_a-realloc.o)
 .glue_7t       0x0000c980        0x0 /cygdrive/c/Users/User/Desktop/Spring2012/CMPE146/CmpE146Package/GNUARM/bin/../lib/gcc/arm-elf/4.3.2/../../../../arm-elf/lib/libc.a(lib_a-realloc.o)
 .text          0x0000c980      0x510 /cygdrive/c/Users/User/Desktop/Spring2012/CMPE146/CmpE146Package/GNUARM/bin/../lib/gcc/arm-elf/4.3.2/../../../../arm-elf/lib/libc.a(lib_a-reallocr.o)
                0x0000c980                _realloc_r
 .glue_7        0x0000ce90        0x0 /cygdrive/c/Users/User/Desktop/Spring2012/CMPE146/CmpE146Package/GNUARM/bin/../lib/gcc/arm-elf/4.3.2/../../../../arm-elf/lib/libc.a(lib_a-reallocr.o)
 .glue_7t       0x0000ce90        0x0 /cygdrive/c/Users/User/Desktop/Spring2012/CMPE146/CmpE146Package/GNUARM/bin/../lib/gcc/arm-elf/4.3.2/../../../../arm-elf/lib/libc.a(lib_a-reallocr.o)
 .text          0x0000ce90       0xcc /cygdrive/c/Users/User/Desktop/Spring2012/CMPE146/CmpE146Package/GNUARM/bin/../lib/gcc/arm-elf/4.3.2/../../../../arm-elf/lib/libc.a(lib_a-siprintf.o)
                0x0000cefc                _siprintf_r
                0x0000ce90                siprintf
 .glue_7        0x0000cf5c        0x0 /cygdrive/c/Users/User/Desktop/Spring2012/CMPE146/CmpE146Package/GNUARM/bin/../lib/gcc/arm-elf/4.3.2/../../../../arm-elf/lib/libc.a(lib_a-siprintf.o)
 .glue_7t       0x0000cf5c        0x0 /cygdrive/c/Users/User/Desktop/Spring2012/CMPE146/CmpE146Package/GNUARM/bin/../lib/gcc/arm-elf/4.3.2/../../../../arm-elf/lib/libc.a(lib_a-siprintf.o)
 .text          0x0000cf5c       0xe8 /cygdrive/c/Users/User/Desktop/Spring2012/CMPE146/CmpE146Package/GNUARM/bin/../lib/gcc/arm-elf/4.3.2/../../../../arm-elf/lib/libc.a(lib_a-strcmp.o)
                0x0000cf5c                strcmp
 .glue_7        0x0000d044        0x0 /cygdrive/c/Users/User/Desktop/Spring2012/CMPE146/CmpE146Package/GNUARM/bin/../lib/gcc/arm-elf/4.3.2/../../../../arm-elf/lib/libc.a(lib_a-strcmp.o)
 .glue_7t       0x0000d044        0x0 /cygdrive/c/Users/User/Desktop/Spring2012/CMPE146/CmpE146Package/GNUARM/bin/../lib/gcc/arm-elf/4.3.2/../../../../arm-elf/lib/libc.a(lib_a-strcmp.o)
 .text          0x0000d044       0xb8 /cygdrive/c/Users/User/Desktop/Spring2012/CMPE146/CmpE146Package/GNUARM/bin/../lib/gcc/arm-elf/4.3.2/../../../../arm-elf/lib/libc.a(lib_a-strcpy.o)
                0x0000d044                strcpy
 .glue_7        0x0000d0fc        0x0 /cygdrive/c/Users/User/Desktop/Spring2012/CMPE146/CmpE146Package/GNUARM/bin/../lib/gcc/arm-elf/4.3.2/../../../../arm-elf/lib/libc.a(lib_a-strcpy.o)
 .glue_7t       0x0000d0fc        0x0 /cygdrive/c/Users/User/Desktop/Spring2012/CMPE146/CmpE146Package/GNUARM/bin/../lib/gcc/arm-elf/4.3.2/../../../../arm-elf/lib/libc.a(lib_a-strcpy.o)
 .text          0x0000d0fc       0x9c /cygdrive/c/Users/User/Desktop/Spring2012/CMPE146/CmpE146Package/GNUARM/bin/../lib/gcc/arm-elf/4.3.2/../../../../arm-elf/lib/libc.a(lib_a-strlen.o)
                0x0000d0fc                strlen
 .glue_7        0x0000d198        0x0 /cygdrive/c/Users/User/Desktop/Spring2012/CMPE146/CmpE146Package/GNUARM/bin/../lib/gcc/arm-elf/4.3.2/../../../../arm-elf/lib/libc.a(lib_a-strlen.o)
 .glue_7t       0x0000d198        0x0 /cygdrive/c/Users/User/Desktop/Spring2012/CMPE146/CmpE146Package/GNUARM/bin/../lib/gcc/arm-elf/4.3.2/../../../../arm-elf/lib/libc.a(lib_a-strlen.o)
 .text          0x0000d198      0x10c /cygdrive/c/Users/User/Desktop/Spring2012/CMPE146/CmpE146Package/GNUARM/bin/../lib/gcc/arm-elf/4.3.2/../../../../arm-elf/lib/libc.a(lib_a-strncpy.o)
                0x0000d198                strncpy
 .glue_7        0x0000d2a4        0x0 /cygdrive/c/Users/User/Desktop/Spring2012/CMPE146/CmpE146Package/GNUARM/bin/../lib/gcc/arm-elf/4.3.2/../../../../arm-elf/lib/libc.a(lib_a-strncpy.o)
 .glue_7t       0x0000d2a4        0x0 /cygdrive/c/Users/User/Desktop/Spring2012/CMPE146/CmpE146Package/GNUARM/bin/../lib/gcc/arm-elf/4.3.2/../../../../arm-elf/lib/libc.a(lib_a-strncpy.o)
 .text          0x0000d2a4       0x5c /cygdrive/c/Users/User/Desktop/Spring2012/CMPE146/CmpE146Package/GNUARM/bin/../lib/gcc/arm-elf/4.3.2/../../../../arm-elf/lib/libc.a(lib_a-strstr.o)
                0x0000d2a4                strstr
 .glue_7        0x0000d300        0x0 /cygdrive/c/Users/User/Desktop/Spring2012/CMPE146/CmpE146Package/GNUARM/bin/../lib/gcc/arm-elf/4.3.2/../../../../arm-elf/lib/libc.a(lib_a-strstr.o)
 .glue_7t       0x0000d300        0x0 /cygdrive/c/Users/User/Desktop/Spring2012/CMPE146/CmpE146Package/GNUARM/bin/../lib/gcc/arm-elf/4.3.2/../../../../arm-elf/lib/libc.a(lib_a-strstr.o)
 .text          0x0000d300       0x18 /cygdrive/c/Users/User/Desktop/Spring2012/CMPE146/CmpE146Package/GNUARM/bin/../lib/gcc/arm-elf/4.3.2/../../../../arm-elf/lib/libc.a(lib_a-strtok.o)
                0x0000d300                strtok
 .glue_7        0x0000d318        0x0 /cygdrive/c/Users/User/Desktop/Spring2012/CMPE146/CmpE146Package/GNUARM/bin/../lib/gcc/arm-elf/4.3.2/../../../../arm-elf/lib/libc.a(lib_a-strtok.o)
 .glue_7t       0x0000d318        0x0 /cygdrive/c/Users/User/Desktop/Spring2012/CMPE146/CmpE146Package/GNUARM/bin/../lib/gcc/arm-elf/4.3.2/../../../../arm-elf/lib/libc.a(lib_a-strtok.o)
 .text          0x0000d318       0xd0 /cygdrive/c/Users/User/Desktop/Spring2012/CMPE146/CmpE146Package/GNUARM/bin/../lib/gcc/arm-elf/4.3.2/../../../../arm-elf/lib/libc.a(lib_a-strtok_r.o)
                0x0000d3e0                strtok_r
                0x0000d318                __strtok_r
 .glue_7        0x0000d3e8        0x0 /cygdrive/c/Users/User/Desktop/Spring2012/CMPE146/CmpE146Package/GNUARM/bin/../lib/gcc/arm-elf/4.3.2/../../../../arm-elf/lib/libc.a(lib_a-strtok_r.o)
 .glue_7t       0x0000d3e8        0x0 /cygdrive/c/Users/User/Desktop/Spring2012/CMPE146/CmpE146Package/GNUARM/bin/../lib/gcc/arm-elf/4.3.2/../../../../arm-elf/lib/libc.a(lib_a-strtok_r.o)
 .text          0x0000d3e8      0x1e0 /cygdrive/c/Users/User/Desktop/Spring2012/CMPE146/CmpE146Package/GNUARM/bin/../lib/gcc/arm-elf/4.3.2/../../../../arm-elf/lib/libc.a(lib_a-strtol.o)
                0x0000d59c                strtol
                0x0000d3e8                _strtol_r
 .glue_7        0x0000d5c8        0x0 /cygdrive/c/Users/User/Desktop/Spring2012/CMPE146/CmpE146Package/GNUARM/bin/../lib/gcc/arm-elf/4.3.2/../../../../arm-elf/lib/libc.a(lib_a-strtol.o)
 .glue_7t       0x0000d5c8        0x0 /cygdrive/c/Users/User/Desktop/Spring2012/CMPE146/CmpE146Package/GNUARM/bin/../lib/gcc/arm-elf/4.3.2/../../../../arm-elf/lib/libc.a(lib_a-strtol.o)
 .text          0x0000d5c8      0xff0 /cygdrive/c/Users/User/Desktop/Spring2012/CMPE146/CmpE146Package/GNUARM/bin/../lib/gcc/arm-elf/4.3.2/../../../../arm-elf/lib/libc.a(lib_a-vfiprintf.o)
                0x0000e58c                vfiprintf
                0x0000d5f8                _vfiprintf_r
 .glue_7        0x0000e5b8        0x0 /cygdrive/c/Users/User/Desktop/Spring2012/CMPE146/CmpE146Package/GNUARM/bin/../lib/gcc/arm-elf/4.3.2/../../../../arm-elf/lib/libc.a(lib_a-vfiprintf.o)
 .glue_7t       0x0000e5b8        0x0 /cygdrive/c/Users/User/Desktop/Spring2012/CMPE146/CmpE146Package/GNUARM/bin/../lib/gcc/arm-elf/4.3.2/../../../../arm-elf/lib/libc.a(lib_a-vfiprintf.o)
 .text          0x0000e5b8      0x144 /cygdrive/c/Users/User/Desktop/Spring2012/CMPE146/CmpE146Package/GNUARM/bin/../lib/gcc/arm-elf/4.3.2/../../../../arm-elf/lib/libc.a(lib_a-wsetup.o)
                0x0000e5b8                __swsetup_r
 .glue_7        0x0000e6fc        0x0 /cygdrive/c/Users/User/Desktop/Spring2012/CMPE146/CmpE146Package/GNUARM/bin/../lib/gcc/arm-elf/4.3.2/../../../../arm-elf/lib/libc.a(lib_a-wsetup.o)
 .glue_7t       0x0000e6fc        0x0 /cygdrive/c/Users/User/Desktop/Spring2012/CMPE146/CmpE146Package/GNUARM/bin/../lib/gcc/arm-elf/4.3.2/../../../../arm-elf/lib/libc.a(lib_a-wsetup.o)
 .text          0x0000e6fc        0x0 /cygdrive/c/Users/User/Desktop/Spring2012/CMPE146/CmpE146Package/GNUARM/bin/../lib/gcc/arm-elf/4.3.2/../../../../arm-elf/lib/libc.a(lib_a-ctype_.o)
 .glue_7        0x0000e6fc        0x0 /cygdrive/c/Users/User/Desktop/Spring2012/CMPE146/CmpE146Package/GNUARM/bin/../lib/gcc/arm-elf/4.3.2/../../../../arm-elf/lib/libc.a(lib_a-ctype_.o)
 .glue_7t       0x0000e6fc        0x0 /cygdrive/c/Users/User/Desktop/Spring2012/CMPE146/CmpE146Package/GNUARM/bin/../lib/gcc/arm-elf/4.3.2/../../../../arm-elf/lib/libc.a(lib_a-ctype_.o)
 .text          0x0000e6fc      0x1dc /cygdrive/c/Users/User/Desktop/Spring2012/CMPE146/CmpE146Package/GNUARM/bin/../lib/gcc/arm-elf/4.3.2/../../../../arm-elf/lib/libc.a(lib_a-fflush.o)
                0x0000e8a4                fflush
                0x0000e6fc                _fflush_r
 .glue_7        0x0000e8d8        0x0 /cygdrive/c/Users/User/Desktop/Spring2012/CMPE146/CmpE146Package/GNUARM/bin/../lib/gcc/arm-elf/4.3.2/../../../../arm-elf/lib/libc.a(lib_a-fflush.o)
 .glue_7t       0x0000e8d8        0x0 /cygdrive/c/Users/User/Desktop/Spring2012/CMPE146/CmpE146Package/GNUARM/bin/../lib/gcc/arm-elf/4.3.2/../../../../arm-elf/lib/libc.a(lib_a-fflush.o)
 .text          0x0000e8d8      0x2ac /cygdrive/c/Users/User/Desktop/Spring2012/CMPE146/CmpE146Package/GNUARM/bin/../lib/gcc/arm-elf/4.3.2/../../../../arm-elf/lib/libc.a(lib_a-findfp.o)
                0x0000e8d8                __sinit
                0x0000ea68                __sfmoreglue
                0x0000ea50                _cleanup
                0x0000ea44                _cleanup_r
                0x0000ea2c                __fp_lock_all
                0x0000e9f4                __sfp_lock_acquire
                0x0000eab0                __sfp
                0x0000ea00                __sinit_lock_release
                0x0000ea14                __fp_unlock_all
                0x0000e9f8                __sfp_lock_release
                0x0000e9fc                __sinit_lock_acquire
 .glue_7        0x0000eb84        0x0 /cygdrive/c/Users/User/Desktop/Spring2012/CMPE146/CmpE146Package/GNUARM/bin/../lib/gcc/arm-elf/4.3.2/../../../../arm-elf/lib/libc.a(lib_a-findfp.o)
 .glue_7t       0x0000eb84        0x0 /cygdrive/c/Users/User/Desktop/Spring2012/CMPE146/CmpE146Package/GNUARM/bin/../lib/gcc/arm-elf/4.3.2/../../../../arm-elf/lib/libc.a(lib_a-findfp.o)
 .text          0x0000eb84      0x370 /cygdrive/c/Users/User/Desktop/Spring2012/CMPE146/CmpE146Package/GNUARM/bin/../lib/gcc/arm-elf/4.3.2/../../../../arm-elf/lib/libc.a(lib_a-freer.o)
                0x0000ec7c                _free_r
                0x0000eb84                _malloc_trim_r
 .glue_7        0x0000eef4        0x0 /cygdrive/c/Users/User/Desktop/Spring2012/CMPE146/CmpE146Package/GNUARM/bin/../lib/gcc/arm-elf/4.3.2/../../../../arm-elf/lib/libc.a(lib_a-freer.o)
 .glue_7t       0x0000eef4        0x0 /cygdrive/c/Users/User/Desktop/Spring2012/CMPE146/CmpE146Package/GNUARM/bin/../lib/gcc/arm-elf/4.3.2/../../../../arm-elf/lib/libc.a(lib_a-freer.o)
 .text          0x0000eef4      0x46c /cygdrive/c/Users/User/Desktop/Spring2012/CMPE146/CmpE146Package/GNUARM/bin/../lib/gcc/arm-elf/4.3.2/../../../../arm-elf/lib/libc.a(lib_a-fvwrite.o)
                0x0000eef4                __sfvwrite_r
 .glue_7        0x0000f360        0x0 /cygdrive/c/Users/User/Desktop/Spring2012/CMPE146/CmpE146Package/GNUARM/bin/../lib/gcc/arm-elf/4.3.2/../../../../arm-elf/lib/libc.a(lib_a-fvwrite.o)
 .glue_7t       0x0000f360        0x0 /cygdrive/c/Users/User/Desktop/Spring2012/CMPE146/CmpE146Package/GNUARM/bin/../lib/gcc/arm-elf/4.3.2/../../../../arm-elf/lib/libc.a(lib_a-fvwrite.o)
 .text          0x0000f360      0x10c /cygdrive/c/Users/User/Desktop/Spring2012/CMPE146/CmpE146Package/GNUARM/bin/../lib/gcc/arm-elf/4.3.2/../../../../arm-elf/lib/libc.a(lib_a-fwalk.o)
                0x0000f3e8                _fwalk
                0x0000f360                _fwalk_reent
 .glue_7        0x0000f46c        0x0 /cygdrive/c/Users/User/Desktop/Spring2012/CMPE146/CmpE146Package/GNUARM/bin/../lib/gcc/arm-elf/4.3.2/../../../../arm-elf/lib/libc.a(lib_a-fwalk.o)
 .glue_7t       0x0000f46c        0x0 /cygdrive/c/Users/User/Desktop/Spring2012/CMPE146/CmpE146Package/GNUARM/bin/../lib/gcc/arm-elf/4.3.2/../../../../arm-elf/lib/libc.a(lib_a-fwalk.o)
 .text          0x0000f46c        0x0 /cygdrive/c/Users/User/Desktop/Spring2012/CMPE146/CmpE146Package/GNUARM/bin/../lib/gcc/arm-elf/4.3.2/../../../../arm-elf/lib/libc.a(lib_a-impure.o)
 .glue_7        0x0000f46c        0x0 /cygdrive/c/Users/User/Desktop/Spring2012/CMPE146/CmpE146Package/GNUARM/bin/../lib/gcc/arm-elf/4.3.2/../../../../arm-elf/lib/libc.a(lib_a-impure.o)
 .glue_7t       0x0000f46c        0x0 /cygdrive/c/Users/User/Desktop/Spring2012/CMPE146/CmpE146Package/GNUARM/bin/../lib/gcc/arm-elf/4.3.2/../../../../arm-elf/lib/libc.a(lib_a-impure.o)
 .text          0x0000f46c      0x164 /cygdrive/c/Users/User/Desktop/Spring2012/CMPE146/CmpE146Package/GNUARM/bin/../lib/gcc/arm-elf/4.3.2/../../../../arm-elf/lib/libc.a(lib_a-makebuf.o)
                0x0000f46c                __smakebuf_r
 .glue_7        0x0000f5d0        0x0 /cygdrive/c/Users/User/Desktop/Spring2012/CMPE146/CmpE146Package/GNUARM/bin/../lib/gcc/arm-elf/4.3.2/../../../../arm-elf/lib/libc.a(lib_a-makebuf.o)
 .glue_7t       0x0000f5d0        0x0 /cygdrive/c/Users/User/Desktop/Spring2012/CMPE146/CmpE146Package/GNUARM/bin/../lib/gcc/arm-elf/4.3.2/../../../../arm-elf/lib/libc.a(lib_a-makebuf.o)
 .text          0x0000f5d0      0x118 /cygdrive/c/Users/User/Desktop/Spring2012/CMPE146/CmpE146Package/GNUARM/bin/../lib/gcc/arm-elf/4.3.2/../../../../arm-elf/lib/libc.a(lib_a-memchr.o)
                0x0000f5d0                memchr
 .glue_7        0x0000f6e8        0x0 /cygdrive/c/Users/User/Desktop/Spring2012/CMPE146/CmpE146Package/GNUARM/bin/../lib/gcc/arm-elf/4.3.2/../../../../arm-elf/lib/libc.a(lib_a-memchr.o)
 .glue_7t       0x0000f6e8        0x0 /cygdrive/c/Users/User/Desktop/Spring2012/CMPE146/CmpE146Package/GNUARM/bin/../lib/gcc/arm-elf/4.3.2/../../../../arm-elf/lib/libc.a(lib_a-memchr.o)
 .text          0x0000f6e8      0x144 /cygdrive/c/Users/User/Desktop/Spring2012/CMPE146/CmpE146Package/GNUARM/bin/../lib/gcc/arm-elf/4.3.2/../../../../arm-elf/lib/libc.a(lib_a-memmove.o)
                0x0000f6e8                memmove
 .glue_7        0x0000f82c        0x0 /cygdrive/c/Users/User/Desktop/Spring2012/CMPE146/CmpE146Package/GNUARM/bin/../lib/gcc/arm-elf/4.3.2/../../../../arm-elf/lib/libc.a(lib_a-memmove.o)
 .glue_7t       0x0000f82c        0x0 /cygdrive/c/Users/User/Desktop/Spring2012/CMPE146/CmpE146Package/GNUARM/bin/../lib/gcc/arm-elf/4.3.2/../../../../arm-elf/lib/libc.a(lib_a-memmove.o)
 .text          0x0000f82c       0xc0 /cygdrive/c/Users/User/Desktop/Spring2012/CMPE146/CmpE146Package/GNUARM/bin/../lib/gcc/arm-elf/4.3.2/../../../../arm-elf/lib/libc.a(lib_a-stdio.o)
                0x0000f834                __sseek
                0x0000f8bc                __sread
                0x0000f82c                __sclose
                0x0000f868                __swrite
 .glue_7        0x0000f8ec        0x0 /cygdrive/c/Users/User/Desktop/Spring2012/CMPE146/CmpE146Package/GNUARM/bin/../lib/gcc/arm-elf/4.3.2/../../../../arm-elf/lib/libc.a(lib_a-stdio.o)
 .glue_7t       0x0000f8ec        0x0 /cygdrive/c/Users/User/Desktop/Spring2012/CMPE146/CmpE146Package/GNUARM/bin/../lib/gcc/arm-elf/4.3.2/../../../../arm-elf/lib/libc.a(lib_a-stdio.o)
 .text          0x0000f8ec      0x8ec /cygdrive/c/Users/User/Desktop/Spring2012/CMPE146/CmpE146Package/GNUARM/bin/../lib/gcc/arm-elf/4.3.2/../../../../arm-elf/lib/libc.a(lib_a-syscalls.o)
                0x0000fa14                _getpid
                0x0000f8ec                initialise_monitor_handles
                0x0000fde4                isatty
                0x000101a8                _fstat
                0x0000fcf4                _open
                0x0000fd14                _sbrk
                0x0000fa24                _raise
                0x0000fa6c                _times
                0x0001015c                _stat
                0x0001006c                _lseek
                0x0000fa1c                _link
                0x0000fe94                _swiwrite
                0x0000fae8                _rename
                0x0000ff78                _swilseek
                0x0000fe1c                _swiclose
                0x0000fc14                _swiopen
                0x0000fbd0                _unlink
                0x0000fed0                _write
                0x0000f9a0                _kill
                0x0000fa28                _gettimeofday
                0x000100b8                _read
                0x0000f9f4                _exit
                0x0000fb40                _system
                0x0001007c                _swiread
                0x0000fe84                _close
 .glue_7        0x000101d8        0x0 /cygdrive/c/Users/User/Desktop/Spring2012/CMPE146/CmpE146Package/GNUARM/bin/../lib/gcc/arm-elf/4.3.2/../../../../arm-elf/lib/libc.a(lib_a-syscalls.o)
 .glue_7t       0x000101d8        0x0 /cygdrive/c/Users/User/Desktop/Spring2012/CMPE146/CmpE146Package/GNUARM/bin/../lib/gcc/arm-elf/4.3.2/../../../../arm-elf/lib/libc.a(lib_a-syscalls.o)
 .text          0x000101d8       0x10 /cygdrive/c/Users/User/Desktop/Spring2012/CMPE146/CmpE146Package/GNUARM/bin/../lib/gcc/arm-elf/4.3.2/../../../../arm-elf/lib/libc.a(lib_a-errno.o)
                0x000101d8                __errno
 .glue_7        0x000101e8        0x0 /cygdrive/c/Users/User/Desktop/Spring2012/CMPE146/CmpE146Package/GNUARM/bin/../lib/gcc/arm-elf/4.3.2/../../../../arm-elf/lib/libc.a(lib_a-errno.o)
 .glue_7t       0x000101e8        0x0 /cygdrive/c/Users/User/Desktop/Spring2012/CMPE146/CmpE146Package/GNUARM/bin/../lib/gcc/arm-elf/4.3.2/../../../../arm-elf/lib/libc.a(lib_a-errno.o)
 .text          0x000101e8      0x118 /cygdrive/c/Users/User/Desktop/Spring2012/CMPE146/CmpE146Package/GNUARM/bin/../lib/gcc/arm-elf/4.3.2/../../../../arm-elf/lib/libc.a(lib_a-fclose.o)
                0x000101e8                _fclose_r
                0x000102ec                fclose
 .glue_7        0x00010300        0x0 /cygdrive/c/Users/User/Desktop/Spring2012/CMPE146/CmpE146Package/GNUARM/bin/../lib/gcc/arm-elf/4.3.2/../../../../arm-elf/lib/libc.a(lib_a-fclose.o)
 .glue_7t       0x00010300        0x0 /cygdrive/c/Users/User/Desktop/Spring2012/CMPE146/CmpE146Package/GNUARM/bin/../lib/gcc/arm-elf/4.3.2/../../../../arm-elf/lib/libc.a(lib_a-fclose.o)
                0x00010300                __text_end__ = (__text_start__ + SIZEOF (.text))
                0x00010300                __dtors_load_start__ = (__text_end__ ALIGN 0x4)

.vfp11_veneer   0x00000000        0x0
 .vfp11_veneer  0x00000000        0x0 ./main.o
 .vfp11_veneer  0x00000000        0x0 ./utils/src/rprintf.o
 .vfp11_veneer  0x00000000        0x0 ./utils/src/timer.o
 .vfp11_veneer  0x00000000        0x0 ./fat/diskio.o
 .vfp11_veneer  0x00000000        0x0 ./fat/ff.o
 .vfp11_veneer  0x00000000        0x0 ./fat/rtc.o
 .vfp11_veneer  0x00000000        0x0 ./fat/option/ccsbcs.o
 .vfp11_veneer  0x00000000        0x0 ./fat/option/reentrant.o
 .vfp11_veneer  0x00000000        0x0 ./drivers/i2c.o
 .vfp11_veneer  0x00000000        0x0 ./drivers/pcm1774.o
 .vfp11_veneer  0x00000000        0x0 ./drivers/ssp_spi.o
 .vfp11_veneer  0x00000000        0x0 ./drivers/sta013.o
 .vfp11_veneer  0x00000000        0x0 ./drivers/uart0.o
 .vfp11_veneer  0x00000000        0x0 ./drivers/uart1.o
 .vfp11_veneer  0x00000000        0x0 ./drivers/watchdog.o
 .vfp11_veneer  0x00000000        0x0 ./WIFI/wifi.o
 .vfp11_veneer  0x00000000        0x0 ./System/cppmem.o
 .vfp11_veneer  0x00000000        0x0 ./System/cpu.o
 .vfp11_veneer  0x00000000        0x0 ./System/syscalls.o
 .vfp11_veneer  0x00000000        0x0 ./System/startup/Arm7CStartup.o
 .vfp11_veneer  0x00000000        0x0 ./System/startup/Lpc2000ExceptionVectors.o
 .vfp11_veneer  0x00000000        0x0 ./System/startup/exceptionHandlers.o
 .vfp11_veneer  0x00000000        0x0 ./MP3/mp3.o
 .vfp11_veneer  0x00000000        0x0 ./General/userInterface.o
 .vfp11_veneer  0x00000000        0x0 ./FreeRTOS/src/croutine.o
 .vfp11_veneer  0x00000000        0x0 ./FreeRTOS/src/list.o
 .vfp11_veneer  0x00000000        0x0 ./FreeRTOS/src/port.o
 .vfp11_veneer  0x00000000        0x0 ./FreeRTOS/src/portISR.o
 .vfp11_veneer  0x00000000        0x0 ./FreeRTOS/src/queue.o
 .vfp11_veneer  0x00000000        0x0 ./FreeRTOS/src/tasks.o
 .vfp11_veneer  0x00000000        0x0 ./FreeRTOS/src/timers.o
 .vfp11_veneer  0x00000000        0x0 ./FreeRTOS/mem/heap_3.o
 .vfp11_veneer  0x00000000        0x0 ./FreeRTOS/hooks/hooks.o
 .vfp11_veneer  0x00000000        0x0 /cygdrive/c/Users/User/Desktop/Spring2012/CMPE146/CmpE146Package/GNUARM/bin/../lib/gcc/arm-elf/4.3.2/libgcc.a(_udivsi3.o)
 .vfp11_veneer  0x00000000        0x0 /cygdrive/c/Users/User/Desktop/Spring2012/CMPE146/CmpE146Package/GNUARM/bin/../lib/gcc/arm-elf/4.3.2/libgcc.a(_divsi3.o)
 .vfp11_veneer  0x00000000        0x0 /cygdrive/c/Users/User/Desktop/Spring2012/CMPE146/CmpE146Package/GNUARM/bin/../lib/gcc/arm-elf/4.3.2/libgcc.a(_umodsi3.o)
 .vfp11_veneer  0x00000000        0x0 /cygdrive/c/Users/User/Desktop/Spring2012/CMPE146/CmpE146Package/GNUARM/bin/../lib/gcc/arm-elf/4.3.2/libgcc.a(_dvmd_tls.o)
 .vfp11_veneer  0x00000000        0x0 /cygdrive/c/Users/User/Desktop/Spring2012/CMPE146/CmpE146Package/GNUARM/bin/../lib/gcc/arm-elf/4.3.2/../../../../arm-elf/lib/libc.a(lib_a-atoi.o)
 .vfp11_veneer  0x00000000        0x0 /cygdrive/c/Users/User/Desktop/Spring2012/CMPE146/CmpE146Package/GNUARM/bin/../lib/gcc/arm-elf/4.3.2/../../../../arm-elf/lib/libc.a(lib_a-iprintf.o)
 .vfp11_veneer  0x00000000        0x0 /cygdrive/c/Users/User/Desktop/Spring2012/CMPE146/CmpE146Package/GNUARM/bin/../lib/gcc/arm-elf/4.3.2/../../../../arm-elf/lib/libc.a(lib_a-malloc.o)
 .vfp11_veneer  0x00000000        0x0 /cygdrive/c/Users/User/Desktop/Spring2012/CMPE146/CmpE146Package/GNUARM/bin/../lib/gcc/arm-elf/4.3.2/../../../../arm-elf/lib/libc.a(lib_a-mallocr.o)
 .vfp11_veneer  0x00000000        0x0 /cygdrive/c/Users/User/Desktop/Spring2012/CMPE146/CmpE146Package/GNUARM/bin/../lib/gcc/arm-elf/4.3.2/../../../../arm-elf/lib/libc.a(lib_a-memcmp.o)
 .vfp11_veneer  0x00000000        0x0 /cygdrive/c/Users/User/Desktop/Spring2012/CMPE146/CmpE146Package/GNUARM/bin/../lib/gcc/arm-elf/4.3.2/../../../../arm-elf/lib/libc.a(lib_a-memcpy.o)
 .vfp11_veneer  0x00000000        0x0 /cygdrive/c/Users/User/Desktop/Spring2012/CMPE146/CmpE146Package/GNUARM/bin/../lib/gcc/arm-elf/4.3.2/../../../../arm-elf/lib/libc.a(lib_a-memset.o)
 .vfp11_veneer  0x00000000        0x0 /cygdrive/c/Users/User/Desktop/Spring2012/CMPE146/CmpE146Package/GNUARM/bin/../lib/gcc/arm-elf/4.3.2/../../../../arm-elf/lib/libc.a(lib_a-mlock.o)
 .vfp11_veneer  0x00000000        0x0 /cygdrive/c/Users/User/Desktop/Spring2012/CMPE146/CmpE146Package/GNUARM/bin/../lib/gcc/arm-elf/4.3.2/../../../../arm-elf/lib/libc.a(lib_a-realloc.o)
 .vfp11_veneer  0x00000000        0x0 /cygdrive/c/Users/User/Desktop/Spring2012/CMPE146/CmpE146Package/GNUARM/bin/../lib/gcc/arm-elf/4.3.2/../../../../arm-elf/lib/libc.a(lib_a-reallocr.o)
 .vfp11_veneer  0x00000000        0x0 /cygdrive/c/Users/User/Desktop/Spring2012/CMPE146/CmpE146Package/GNUARM/bin/../lib/gcc/arm-elf/4.3.2/../../../../arm-elf/lib/libc.a(lib_a-siprintf.o)
 .vfp11_veneer  0x00000000        0x0 /cygdrive/c/Users/User/Desktop/Spring2012/CMPE146/CmpE146Package/GNUARM/bin/../lib/gcc/arm-elf/4.3.2/../../../../arm-elf/lib/libc.a(lib_a-strcmp.o)
 .vfp11_veneer  0x00000000        0x0 /cygdrive/c/Users/User/Desktop/Spring2012/CMPE146/CmpE146Package/GNUARM/bin/../lib/gcc/arm-elf/4.3.2/../../../../arm-elf/lib/libc.a(lib_a-strcpy.o)
 .vfp11_veneer  0x00000000        0x0 /cygdrive/c/Users/User/Desktop/Spring2012/CMPE146/CmpE146Package/GNUARM/bin/../lib/gcc/arm-elf/4.3.2/../../../../arm-elf/lib/libc.a(lib_a-strlen.o)
 .vfp11_veneer  0x00000000        0x0 /cygdrive/c/Users/User/Desktop/Spring2012/CMPE146/CmpE146Package/GNUARM/bin/../lib/gcc/arm-elf/4.3.2/../../../../arm-elf/lib/libc.a(lib_a-strncpy.o)
 .vfp11_veneer  0x00000000        0x0 /cygdrive/c/Users/User/Desktop/Spring2012/CMPE146/CmpE146Package/GNUARM/bin/../lib/gcc/arm-elf/4.3.2/../../../../arm-elf/lib/libc.a(lib_a-strstr.o)
 .vfp11_veneer  0x00000000        0x0 /cygdrive/c/Users/User/Desktop/Spring2012/CMPE146/CmpE146Package/GNUARM/bin/../lib/gcc/arm-elf/4.3.2/../../../../arm-elf/lib/libc.a(lib_a-strtok.o)
 .vfp11_veneer  0x00000000        0x0 /cygdrive/c/Users/User/Desktop/Spring2012/CMPE146/CmpE146Package/GNUARM/bin/../lib/gcc/arm-elf/4.3.2/../../../../arm-elf/lib/libc.a(lib_a-strtok_r.o)
 .vfp11_veneer  0x00000000        0x0 /cygdrive/c/Users/User/Desktop/Spring2012/CMPE146/CmpE146Package/GNUARM/bin/../lib/gcc/arm-elf/4.3.2/../../../../arm-elf/lib/libc.a(lib_a-strtol.o)
 .vfp11_veneer  0x00000000        0x0 /cygdrive/c/Users/User/Desktop/Spring2012/CMPE146/CmpE146Package/GNUARM/bin/../lib/gcc/arm-elf/4.3.2/../../../../arm-elf/lib/libc.a(lib_a-vfiprintf.o)
 .vfp11_veneer  0x00000000        0x0 /cygdrive/c/Users/User/Desktop/Spring2012/CMPE146/CmpE146Package/GNUARM/bin/../lib/gcc/arm-elf/4.3.2/../../../../arm-elf/lib/libc.a(lib_a-wsetup.o)
 .vfp11_veneer  0x00000000        0x0 /cygdrive/c/Users/User/Desktop/Spring2012/CMPE146/CmpE146Package/GNUARM/bin/../lib/gcc/arm-elf/4.3.2/../../../../arm-elf/lib/libc.a(lib_a-ctype_.o)
 .vfp11_veneer  0x00000000        0x0 /cygdrive/c/Users/User/Desktop/Spring2012/CMPE146/CmpE146Package/GNUARM/bin/../lib/gcc/arm-elf/4.3.2/../../../../arm-elf/lib/libc.a(lib_a-fflush.o)
 .vfp11_veneer  0x00000000        0x0 /cygdrive/c/Users/User/Desktop/Spring2012/CMPE146/CmpE146Package/GNUARM/bin/../lib/gcc/arm-elf/4.3.2/../../../../arm-elf/lib/libc.a(lib_a-findfp.o)
 .vfp11_veneer  0x00000000        0x0 /cygdrive/c/Users/User/Desktop/Spring2012/CMPE146/CmpE146Package/GNUARM/bin/../lib/gcc/arm-elf/4.3.2/../../../../arm-elf/lib/libc.a(lib_a-freer.o)
 .vfp11_veneer  0x00000000        0x0 /cygdrive/c/Users/User/Desktop/Spring2012/CMPE146/CmpE146Package/GNUARM/bin/../lib/gcc/arm-elf/4.3.2/../../../../arm-elf/lib/libc.a(lib_a-fvwrite.o)
 .vfp11_veneer  0x00000000        0x0 /cygdrive/c/Users/User/Desktop/Spring2012/CMPE146/CmpE146Package/GNUARM/bin/../lib/gcc/arm-elf/4.3.2/../../../../arm-elf/lib/libc.a(lib_a-fwalk.o)
 .vfp11_veneer  0x00000000        0x0 /cygdrive/c/Users/User/Desktop/Spring2012/CMPE146/CmpE146Package/GNUARM/bin/../lib/gcc/arm-elf/4.3.2/../../../../arm-elf/lib/libc.a(lib_a-impure.o)
 .vfp11_veneer  0x00000000        0x0 /cygdrive/c/Users/User/Desktop/Spring2012/CMPE146/CmpE146Package/GNUARM/bin/../lib/gcc/arm-elf/4.3.2/../../../../arm-elf/lib/libc.a(lib_a-makebuf.o)
 .vfp11_veneer  0x00000000        0x0 /cygdrive/c/Users/User/Desktop/Spring2012/CMPE146/CmpE146Package/GNUARM/bin/../lib/gcc/arm-elf/4.3.2/../../../../arm-elf/lib/libc.a(lib_a-memchr.o)
 .vfp11_veneer  0x00000000        0x0 /cygdrive/c/Users/User/Desktop/Spring2012/CMPE146/CmpE146Package/GNUARM/bin/../lib/gcc/arm-elf/4.3.2/../../../../arm-elf/lib/libc.a(lib_a-memmove.o)
 .vfp11_veneer  0x00000000        0x0 /cygdrive/c/Users/User/Desktop/Spring2012/CMPE146/CmpE146Package/GNUARM/bin/../lib/gcc/arm-elf/4.3.2/../../../../arm-elf/lib/libc.a(lib_a-stdio.o)
 .vfp11_veneer  0x00000000        0x0 /cygdrive/c/Users/User/Desktop/Spring2012/CMPE146/CmpE146Package/GNUARM/bin/../lib/gcc/arm-elf/4.3.2/../../../../arm-elf/lib/libc.a(lib_a-syscalls.o)
 .vfp11_veneer  0x00000000        0x0 /cygdrive/c/Users/User/Desktop/Spring2012/CMPE146/CmpE146Package/GNUARM/bin/../lib/gcc/arm-elf/4.3.2/../../../../arm-elf/lib/libc.a(lib_a-errno.o)
 .vfp11_veneer  0x00000000        0x0 /cygdrive/c/Users/User/Desktop/Spring2012/CMPE146/CmpE146Package/GNUARM/bin/../lib/gcc/arm-elf/4.3.2/../../../../arm-elf/lib/libc.a(lib_a-fclose.o)

.v4_bx          0x00000000        0x0
 .v4_bx         0x00000000        0x0 ./main.o
 .v4_bx         0x00000000        0x0 ./utils/src/rprintf.o
 .v4_bx         0x00000000        0x0 ./utils/src/timer.o
 .v4_bx         0x00000000        0x0 ./fat/diskio.o
 .v4_bx         0x00000000        0x0 ./fat/ff.o
 .v4_bx         0x00000000        0x0 ./fat/rtc.o
 .v4_bx         0x00000000        0x0 ./fat/option/ccsbcs.o
 .v4_bx         0x00000000        0x0 ./fat/option/reentrant.o
 .v4_bx         0x00000000        0x0 ./drivers/i2c.o
 .v4_bx         0x00000000        0x0 ./drivers/pcm1774.o
 .v4_bx         0x00000000        0x0 ./drivers/ssp_spi.o
 .v4_bx         0x00000000        0x0 ./drivers/sta013.o
 .v4_bx         0x00000000        0x0 ./drivers/uart0.o
 .v4_bx         0x00000000        0x0 ./drivers/uart1.o
 .v4_bx         0x00000000        0x0 ./drivers/watchdog.o
 .v4_bx         0x00000000        0x0 ./WIFI/wifi.o
 .v4_bx         0x00000000        0x0 ./System/cppmem.o
 .v4_bx         0x00000000        0x0 ./System/cpu.o
 .v4_bx         0x00000000        0x0 ./System/syscalls.o
 .v4_bx         0x00000000        0x0 ./System/startup/Arm7CStartup.o
 .v4_bx         0x00000000        0x0 ./System/startup/Lpc2000ExceptionVectors.o
 .v4_bx         0x00000000        0x0 ./System/startup/exceptionHandlers.o
 .v4_bx         0x00000000        0x0 ./MP3/mp3.o
 .v4_bx         0x00000000        0x0 ./General/userInterface.o
 .v4_bx         0x00000000        0x0 ./FreeRTOS/src/croutine.o
 .v4_bx         0x00000000        0x0 ./FreeRTOS/src/list.o
 .v4_bx         0x00000000        0x0 ./FreeRTOS/src/port.o
 .v4_bx         0x00000000        0x0 ./FreeRTOS/src/portISR.o
 .v4_bx         0x00000000        0x0 ./FreeRTOS/src/queue.o
 .v4_bx         0x00000000        0x0 ./FreeRTOS/src/tasks.o
 .v4_bx         0x00000000        0x0 ./FreeRTOS/src/timers.o
 .v4_bx         0x00000000        0x0 ./FreeRTOS/mem/heap_3.o
 .v4_bx         0x00000000        0x0 ./FreeRTOS/hooks/hooks.o
 .v4_bx         0x00000000        0x0 /cygdrive/c/Users/User/Desktop/Spring2012/CMPE146/CmpE146Package/GNUARM/bin/../lib/gcc/arm-elf/4.3.2/libgcc.a(_udivsi3.o)
 .v4_bx         0x00000000        0x0 /cygdrive/c/Users/User/Desktop/Spring2012/CMPE146/CmpE146Package/GNUARM/bin/../lib/gcc/arm-elf/4.3.2/libgcc.a(_divsi3.o)
 .v4_bx         0x00000000        0x0 /cygdrive/c/Users/User/Desktop/Spring2012/CMPE146/CmpE146Package/GNUARM/bin/../lib/gcc/arm-elf/4.3.2/libgcc.a(_umodsi3.o)
 .v4_bx         0x00000000        0x0 /cygdrive/c/Users/User/Desktop/Spring2012/CMPE146/CmpE146Package/GNUARM/bin/../lib/gcc/arm-elf/4.3.2/libgcc.a(_dvmd_tls.o)
 .v4_bx         0x00000000        0x0 /cygdrive/c/Users/User/Desktop/Spring2012/CMPE146/CmpE146Package/GNUARM/bin/../lib/gcc/arm-elf/4.3.2/../../../../arm-elf/lib/libc.a(lib_a-atoi.o)
 .v4_bx         0x00000000        0x0 /cygdrive/c/Users/User/Desktop/Spring2012/CMPE146/CmpE146Package/GNUARM/bin/../lib/gcc/arm-elf/4.3.2/../../../../arm-elf/lib/libc.a(lib_a-iprintf.o)
 .v4_bx         0x00000000        0x0 /cygdrive/c/Users/User/Desktop/Spring2012/CMPE146/CmpE146Package/GNUARM/bin/../lib/gcc/arm-elf/4.3.2/../../../../arm-elf/lib/libc.a(lib_a-malloc.o)
 .v4_bx         0x00000000        0x0 /cygdrive/c/Users/User/Desktop/Spring2012/CMPE146/CmpE146Package/GNUARM/bin/../lib/gcc/arm-elf/4.3.2/../../../../arm-elf/lib/libc.a(lib_a-mallocr.o)
 .v4_bx         0x00000000        0x0 /cygdrive/c/Users/User/Desktop/Spring2012/CMPE146/CmpE146Package/GNUARM/bin/../lib/gcc/arm-elf/4.3.2/../../../../arm-elf/lib/libc.a(lib_a-memcmp.o)
 .v4_bx         0x00000000        0x0 /cygdrive/c/Users/User/Desktop/Spring2012/CMPE146/CmpE146Package/GNUARM/bin/../lib/gcc/arm-elf/4.3.2/../../../../arm-elf/lib/libc.a(lib_a-memcpy.o)
 .v4_bx         0x00000000        0x0 /cygdrive/c/Users/User/Desktop/Spring2012/CMPE146/CmpE146Package/GNUARM/bin/../lib/gcc/arm-elf/4.3.2/../../../../arm-elf/lib/libc.a(lib_a-memset.o)
 .v4_bx         0x00000000        0x0 /cygdrive/c/Users/User/Desktop/Spring2012/CMPE146/CmpE146Package/GNUARM/bin/../lib/gcc/arm-elf/4.3.2/../../../../arm-elf/lib/libc.a(lib_a-mlock.o)
 .v4_bx         0x00000000        0x0 /cygdrive/c/Users/User/Desktop/Spring2012/CMPE146/CmpE146Package/GNUARM/bin/../lib/gcc/arm-elf/4.3.2/../../../../arm-elf/lib/libc.a(lib_a-realloc.o)
 .v4_bx         0x00000000        0x0 /cygdrive/c/Users/User/Desktop/Spring2012/CMPE146/CmpE146Package/GNUARM/bin/../lib/gcc/arm-elf/4.3.2/../../../../arm-elf/lib/libc.a(lib_a-reallocr.o)
 .v4_bx         0x00000000        0x0 /cygdrive/c/Users/User/Desktop/Spring2012/CMPE146/CmpE146Package/GNUARM/bin/../lib/gcc/arm-elf/4.3.2/../../../../arm-elf/lib/libc.a(lib_a-siprintf.o)
 .v4_bx         0x00000000        0x0 /cygdrive/c/Users/User/Desktop/Spring2012/CMPE146/CmpE146Package/GNUARM/bin/../lib/gcc/arm-elf/4.3.2/../../../../arm-elf/lib/libc.a(lib_a-strcmp.o)
 .v4_bx         0x00000000        0x0 /cygdrive/c/Users/User/Desktop/Spring2012/CMPE146/CmpE146Package/GNUARM/bin/../lib/gcc/arm-elf/4.3.2/../../../../arm-elf/lib/libc.a(lib_a-strcpy.o)
 .v4_bx         0x00000000        0x0 /cygdrive/c/Users/User/Desktop/Spring2012/CMPE146/CmpE146Package/GNUARM/bin/../lib/gcc/arm-elf/4.3.2/../../../../arm-elf/lib/libc.a(lib_a-strlen.o)
 .v4_bx         0x00000000        0x0 /cygdrive/c/Users/User/Desktop/Spring2012/CMPE146/CmpE146Package/GNUARM/bin/../lib/gcc/arm-elf/4.3.2/../../../../arm-elf/lib/libc.a(lib_a-strncpy.o)
 .v4_bx         0x00000000        0x0 /cygdrive/c/Users/User/Desktop/Spring2012/CMPE146/CmpE146Package/GNUARM/bin/../lib/gcc/arm-elf/4.3.2/../../../../arm-elf/lib/libc.a(lib_a-strstr.o)
 .v4_bx         0x00000000        0x0 /cygdrive/c/Users/User/Desktop/Spring2012/CMPE146/CmpE146Package/GNUARM/bin/../lib/gcc/arm-elf/4.3.2/../../../../arm-elf/lib/libc.a(lib_a-strtok.o)
 .v4_bx         0x00000000        0x0 /cygdrive/c/Users/User/Desktop/Spring2012/CMPE146/CmpE146Package/GNUARM/bin/../lib/gcc/arm-elf/4.3.2/../../../../arm-elf/lib/libc.a(lib_a-strtok_r.o)
 .v4_bx         0x00000000        0x0 /cygdrive/c/Users/User/Desktop/Spring2012/CMPE146/CmpE146Package/GNUARM/bin/../lib/gcc/arm-elf/4.3.2/../../../../arm-elf/lib/libc.a(lib_a-strtol.o)
 .v4_bx         0x00000000        0x0 /cygdrive/c/Users/User/Desktop/Spring2012/CMPE146/CmpE146Package/GNUARM/bin/../lib/gcc/arm-elf/4.3.2/../../../../arm-elf/lib/libc.a(lib_a-vfiprintf.o)
 .v4_bx         0x00000000        0x0 /cygdrive/c/Users/User/Desktop/Spring2012/CMPE146/CmpE146Package/GNUARM/bin/../lib/gcc/arm-elf/4.3.2/../../../../arm-elf/lib/libc.a(lib_a-wsetup.o)
 .v4_bx         0x00000000        0x0 /cygdrive/c/Users/User/Desktop/Spring2012/CMPE146/CmpE146Package/GNUARM/bin/../lib/gcc/arm-elf/4.3.2/../../../../arm-elf/lib/libc.a(lib_a-ctype_.o)
 .v4_bx         0x00000000        0x0 /cygdrive/c/Users/User/Desktop/Spring2012/CMPE146/CmpE146Package/GNUARM/bin/../lib/gcc/arm-elf/4.3.2/../../../../arm-elf/lib/libc.a(lib_a-fflush.o)
 .v4_bx         0x00000000        0x0 /cygdrive/c/Users/User/Desktop/Spring2012/CMPE146/CmpE146Package/GNUARM/bin/../lib/gcc/arm-elf/4.3.2/../../../../arm-elf/lib/libc.a(lib_a-findfp.o)
 .v4_bx         0x00000000        0x0 /cygdrive/c/Users/User/Desktop/Spring2012/CMPE146/CmpE146Package/GNUARM/bin/../lib/gcc/arm-elf/4.3.2/../../../../arm-elf/lib/libc.a(lib_a-freer.o)
 .v4_bx         0x00000000        0x0 /cygdrive/c/Users/User/Desktop/Spring2012/CMPE146/CmpE146Package/GNUARM/bin/../lib/gcc/arm-elf/4.3.2/../../../../arm-elf/lib/libc.a(lib_a-fvwrite.o)
 .v4_bx         0x00000000        0x0 /cygdrive/c/Users/User/Desktop/Spring2012/CMPE146/CmpE146Package/GNUARM/bin/../lib/gcc/arm-elf/4.3.2/../../../../arm-elf/lib/libc.a(lib_a-fwalk.o)
 .v4_bx         0x00000000        0x0 /cygdrive/c/Users/User/Desktop/Spring2012/CMPE146/CmpE146Package/GNUARM/bin/../lib/gcc/arm-elf/4.3.2/../../../../arm-elf/lib/libc.a(lib_a-impure.o)
 .v4_bx         0x00000000        0x0 /cygdrive/c/Users/User/Desktop/Spring2012/CMPE146/CmpE146Package/GNUARM/bin/../lib/gcc/arm-elf/4.3.2/../../../../arm-elf/lib/libc.a(lib_a-makebuf.o)
 .v4_bx         0x00000000        0x0 /cygdrive/c/Users/User/Desktop/Spring2012/CMPE146/CmpE146Package/GNUARM/bin/../lib/gcc/arm-elf/4.3.2/../../../../arm-elf/lib/libc.a(lib_a-memchr.o)
 .v4_bx         0x00000000        0x0 /cygdrive/c/Users/User/Desktop/Spring2012/CMPE146/CmpE146Package/GNUARM/bin/../lib/gcc/arm-elf/4.3.2/../../../../arm-elf/lib/libc.a(lib_a-memmove.o)
 .v4_bx         0x00000000        0x0 /cygdrive/c/Users/User/Desktop/Spring2012/CMPE146/CmpE146Package/GNUARM/bin/../lib/gcc/arm-elf/4.3.2/../../../../arm-elf/lib/libc.a(lib_a-stdio.o)
 .v4_bx         0x00000000        0x0 /cygdrive/c/Users/User/Desktop/Spring2012/CMPE146/CmpE146Package/GNUARM/bin/../lib/gcc/arm-elf/4.3.2/../../../../arm-elf/lib/libc.a(lib_a-syscalls.o)
 .v4_bx         0x00000000        0x0 /cygdrive/c/Users/User/Desktop/Spring2012/CMPE146/CmpE146Package/GNUARM/bin/../lib/gcc/arm-elf/4.3.2/../../../../arm-elf/lib/libc.a(lib_a-errno.o)
 .v4_bx         0x00000000        0x0 /cygdrive/c/Users/User/Desktop/Spring2012/CMPE146/CmpE146Package/GNUARM/bin/../lib/gcc/arm-elf/4.3.2/../../../../arm-elf/lib/libc.a(lib_a-fclose.o)

.dtors          0x00010300        0x0
                0x00010300                __dtors_start__ = .
 *(SORT(.dtors.*))
 *(.dtors)
                0x00010300                __dtors_end__ = (__dtors_start__ + SIZEOF (.dtors))
                0x00010300                __ctors_load_start__ = (__dtors_end__ ALIGN 0x4)

.ctors          0x00010300        0x0
                0x00010300                __ctors_start__ = .
 *(SORT(.ctors.*))
 *(.ctors)
                0x00010300                __ctors_end__ = (__ctors_start__ + SIZEOF (.ctors))
                0x00010300                __rodata_load_start__ = (__ctors_end__ ALIGN 0x4)

.rodata         0x00010300     0x21f4
                0x00010300                __rodata_start__ = .
 *(.rodata .rodata.* .gnu.linkonce.r.*)
 .rodata.str1.1
                0x00010300       0x8b ./main.o
                                 0x8f (size before relaxing)
 .rodata.str1.1
                0x0001038b       0x10 ./fat/ff.o
 .rodata        0x0001039b       0x8d ./fat/ff.o
 .rodata        0x00010428      0x4c0 ./fat/option/ccsbcs.o
 .rodata        0x000108e8       0x19 ./drivers/pcm1774.o
 .rodata        0x00010901      0xfe0 ./drivers/sta013.o
                0x00010931                STA013_UpdateData
                0x00010901                MP3_Bitrates
                0x00010921                MP3_SamplingFrequencies
 .rodata.str1.1
                0x000118e1      0x14a ./WIFI/wifi.o
                                0x179 (size before relaxing)
 .rodata        0x00011a2b       0x76 ./WIFI/wifi.o
 .rodata.str1.1
                0x00011aa1       0x9d ./System/cpu.o
                                 0xc8 (size before relaxing)
 .rodata.str1.1
                0x00011b3e       0x14 ./System/syscalls.o
 .rodata.str1.1
                0x00011b52       0xd6 ./System/startup/exceptionHandlers.o
 .rodata.str1.1
                0x00011c28      0x142 ./MP3/mp3.o
                                0x17d (size before relaxing)
 .rodata.str1.1
                0x00011d6a      0x4e7 ./General/userInterface.o
                                0x530 (size before relaxing)
 .rodata.str1.1
                0x00012251       0x80 ./FreeRTOS/src/tasks.o
 .rodata        0x000122d1       0x14 ./FreeRTOS/src/tasks.o
 .rodata.str1.1
                0x000122e5        0x8 ./FreeRTOS/src/timers.o
 .rodata.str1.1
                0x000122ed       0x8d ./FreeRTOS/hooks/hooks.o
 *fill*         0x0001237a        0x2 00
 .rodata.str1.4
                0x0001237c       0x4a /cygdrive/c/Users/User/Desktop/Spring2012/CMPE146/CmpE146Package/GNUARM/bin/../lib/gcc/arm-elf/4.3.2/../../../../arm-elf/lib/libc.a(lib_a-vfiprintf.o)
                                 0x4c (size before relaxing)
 .rodata        0x000123c6       0x20 /cygdrive/c/Users/User/Desktop/Spring2012/CMPE146/CmpE146Package/GNUARM/bin/../lib/gcc/arm-elf/4.3.2/../../../../arm-elf/lib/libc.a(lib_a-vfiprintf.o)
 .rodata        0x000123e6      0x101 /cygdrive/c/Users/User/Desktop/Spring2012/CMPE146/CmpE146Package/GNUARM/bin/../lib/gcc/arm-elf/4.3.2/../../../../arm-elf/lib/libc.a(lib_a-ctype_.o)
                0x000123e6                _ctype_
 *fill*         0x000124e7        0x1 00
 .rodata        0x000124e8        0x4 /cygdrive/c/Users/User/Desktop/Spring2012/CMPE146/CmpE146Package/GNUARM/bin/../lib/gcc/arm-elf/4.3.2/../../../../arm-elf/lib/libc.a(lib_a-impure.o)
                0x000124e8                _global_impure_ptr
 .rodata.str1.4
                0x000124ec        0x2 /cygdrive/c/Users/User/Desktop/Spring2012/CMPE146/CmpE146Package/GNUARM/bin/../lib/gcc/arm-elf/4.3.2/../../../../arm-elf/lib/libc.a(lib_a-impure.o)
                                  0x4 (size before relaxing)
 *fill*         0x000124ee        0x2 00
 .rodata.str1.4
                0x000124f0        0x4 /cygdrive/c/Users/User/Desktop/Spring2012/CMPE146/CmpE146Package/GNUARM/bin/../lib/gcc/arm-elf/4.3.2/../../../../arm-elf/lib/libc.a(lib_a-syscalls.o)
                0x000124f4                __rodata_end__ = (__rodata_start__ + SIZEOF (.rodata))
                0x000124f4                __symbol_table_start__ = (__rodata_end__ ALIGN 0x4)

.symbol_table   0x000124f4        0x0
                0x000124f4                __symbol_table_start__ = .
 *(.symbol_table)
                0x000124f4                __symbol_table_end__ = (__symbol_table_start__ + SIZEOF (.symbol_table))
                0x000124f4                __fast_load_start__ = (__symbol_table_end__ ALIGN 0x4)

.fast           0x4000003c        0x0 load address 0x000124f4
                0x4000003c                __fast_start__ = .
 *(.fast .fast.*)
                0x4000003c                __fast_end__ = (__fast_start__ + SIZEOF (.fast))
                0x000124f4                __fast_load_end__ = (__fast_load_start__ + SIZEOF (.fast))

.fast_run       0x4000003c        0x0
                0x4000003c                __fast_run_start__ = .
                0x4000003c                . = ((__fast_run_start__ + SIZEOF (.fast)) MAX .)
                0x4000003c                __fast_run_end__ = (__fast_run_start__ + SIZEOF (.fast_run))
                0x000124f4                __data_load_start__ = ((__fast_load_start__ + SIZEOF (.fast)) ALIGN 0x4)

.data           0x4000003c      0x848 load address 0x000124f4
                0x4000003c                __data_start__ = .
 *(.data .data.* .gnu.linkonce.d.*)
 .data          0x4000003c        0x0 ./main.o
 .data          0x4000003c        0x0 ./utils/src/rprintf.o
 .data          0x4000003c        0x4 ./utils/src/timer.o
 .data          0x40000040        0x1 ./fat/diskio.o
                0x40000040                Stat
 .data          0x40000041        0x0 ./fat/ff.o
 .data          0x40000041        0x0 ./fat/rtc.o
 .data          0x40000041        0x0 ./fat/option/ccsbcs.o
 .data          0x40000041        0x0 ./fat/option/reentrant.o
 .data          0x40000041        0x0 ./drivers/i2c.o
 .data          0x40000041        0x0 ./drivers/pcm1774.o
 .data          0x40000041        0x0 ./drivers/ssp_spi.o
 .data          0x40000041        0x0 ./drivers/sta013.o
 .data          0x40000041        0x0 ./drivers/uart0.o
 .data          0x40000041        0x0 ./drivers/uart1.o
 .data          0x40000041        0x0 ./drivers/watchdog.o
 .data          0x40000041        0x0 ./WIFI/wifi.o
 .data          0x40000041        0x0 ./System/cppmem.o
 .data          0x40000041        0x0 ./System/cpu.o
 .data          0x40000041        0x0 ./System/syscalls.o
 .data          0x40000041        0x0 ./System/startup/Arm7CStartup.o
 .data          0x40000041        0x0 ./System/startup/Lpc2000ExceptionVectors.o
 .data          0x40000041        0x0 ./System/startup/exceptionHandlers.o
 *fill*         0x40000041        0x3 00
 .data          0x40000044       0x20 ./MP3/mp3.o
                0x40000044                lookup_table
 .data          0x40000064        0x0 ./General/userInterface.o
 .data          0x40000064        0x0 ./FreeRTOS/src/croutine.o
 .data          0x40000064        0x0 ./FreeRTOS/src/list.o
 .data          0x40000064        0x0 ./FreeRTOS/src/port.o
 .data          0x40000064        0x4 ./FreeRTOS/src/portISR.o
                0x40000064                ulCriticalNesting
 .data          0x40000068        0x0 ./FreeRTOS/src/queue.o
 .data          0x40000068        0x4 ./FreeRTOS/src/tasks.o
 .data          0x4000006c        0x0 ./FreeRTOS/src/timers.o
 .data          0x4000006c        0x0 ./FreeRTOS/mem/heap_3.o
 .data          0x4000006c        0x0 ./FreeRTOS/hooks/hooks.o
 .data          0x4000006c        0x0 /cygdrive/c/Users/User/Desktop/Spring2012/CMPE146/CmpE146Package/GNUARM/bin/../lib/gcc/arm-elf/4.3.2/libgcc.a(_udivsi3.o)
 .data          0x4000006c        0x0 /cygdrive/c/Users/User/Desktop/Spring2012/CMPE146/CmpE146Package/GNUARM/bin/../lib/gcc/arm-elf/4.3.2/libgcc.a(_divsi3.o)
 .data          0x4000006c        0x0 /cygdrive/c/Users/User/Desktop/Spring2012/CMPE146/CmpE146Package/GNUARM/bin/../lib/gcc/arm-elf/4.3.2/libgcc.a(_umodsi3.o)
 .data          0x4000006c        0x0 /cygdrive/c/Users/User/Desktop/Spring2012/CMPE146/CmpE146Package/GNUARM/bin/../lib/gcc/arm-elf/4.3.2/libgcc.a(_dvmd_tls.o)
 .data          0x4000006c        0x0 /cygdrive/c/Users/User/Desktop/Spring2012/CMPE146/CmpE146Package/GNUARM/bin/../lib/gcc/arm-elf/4.3.2/../../../../arm-elf/lib/libc.a(lib_a-atoi.o)
 .data          0x4000006c        0x0 /cygdrive/c/Users/User/Desktop/Spring2012/CMPE146/CmpE146Package/GNUARM/bin/../lib/gcc/arm-elf/4.3.2/../../../../arm-elf/lib/libc.a(lib_a-iprintf.o)
 .data          0x4000006c        0x0 /cygdrive/c/Users/User/Desktop/Spring2012/CMPE146/CmpE146Package/GNUARM/bin/../lib/gcc/arm-elf/4.3.2/../../../../arm-elf/lib/libc.a(lib_a-malloc.o)
 .data          0x4000006c      0x410 /cygdrive/c/Users/User/Desktop/Spring2012/CMPE146/CmpE146Package/GNUARM/bin/../lib/gcc/arm-elf/4.3.2/../../../../arm-elf/lib/libc.a(lib_a-mallocr.o)
                0x40000478                __malloc_sbrk_base
                0x4000006c                __malloc_av_
                0x40000474                __malloc_trim_threshold
 .data          0x4000047c        0x0 /cygdrive/c/Users/User/Desktop/Spring2012/CMPE146/CmpE146Package/GNUARM/bin/../lib/gcc/arm-elf/4.3.2/../../../../arm-elf/lib/libc.a(lib_a-memcmp.o)
 .data          0x4000047c        0x0 /cygdrive/c/Users/User/Desktop/Spring2012/CMPE146/CmpE146Package/GNUARM/bin/../lib/gcc/arm-elf/4.3.2/../../../../arm-elf/lib/libc.a(lib_a-memcpy.o)
 .data          0x4000047c        0x0 /cygdrive/c/Users/User/Desktop/Spring2012/CMPE146/CmpE146Package/GNUARM/bin/../lib/gcc/arm-elf/4.3.2/../../../../arm-elf/lib/libc.a(lib_a-memset.o)
 .data          0x4000047c        0x0 /cygdrive/c/Users/User/Desktop/Spring2012/CMPE146/CmpE146Package/GNUARM/bin/../lib/gcc/arm-elf/4.3.2/../../../../arm-elf/lib/libc.a(lib_a-mlock.o)
 .data          0x4000047c        0x0 /cygdrive/c/Users/User/Desktop/Spring2012/CMPE146/CmpE146Package/GNUARM/bin/../lib/gcc/arm-elf/4.3.2/../../../../arm-elf/lib/libc.a(lib_a-realloc.o)
 .data          0x4000047c        0x0 /cygdrive/c/Users/User/Desktop/Spring2012/CMPE146/CmpE146Package/GNUARM/bin/../lib/gcc/arm-elf/4.3.2/../../../../arm-elf/lib/libc.a(lib_a-reallocr.o)
 .data          0x4000047c        0x0 /cygdrive/c/Users/User/Desktop/Spring2012/CMPE146/CmpE146Package/GNUARM/bin/../lib/gcc/arm-elf/4.3.2/../../../../arm-elf/lib/libc.a(lib_a-siprintf.o)
 .data          0x4000047c        0x0 /cygdrive/c/Users/User/Desktop/Spring2012/CMPE146/CmpE146Package/GNUARM/bin/../lib/gcc/arm-elf/4.3.2/../../../../arm-elf/lib/libc.a(lib_a-strcmp.o)
 .data          0x4000047c        0x0 /cygdrive/c/Users/User/Desktop/Spring2012/CMPE146/CmpE146Package/GNUARM/bin/../lib/gcc/arm-elf/4.3.2/../../../../arm-elf/lib/libc.a(lib_a-strcpy.o)
 .data          0x4000047c        0x0 /cygdrive/c/Users/User/Desktop/Spring2012/CMPE146/CmpE146Package/GNUARM/bin/../lib/gcc/arm-elf/4.3.2/../../../../arm-elf/lib/libc.a(lib_a-strlen.o)
 .data          0x4000047c        0x0 /cygdrive/c/Users/User/Desktop/Spring2012/CMPE146/CmpE146Package/GNUARM/bin/../lib/gcc/arm-elf/4.3.2/../../../../arm-elf/lib/libc.a(lib_a-strncpy.o)
 .data          0x4000047c        0x0 /cygdrive/c/Users/User/Desktop/Spring2012/CMPE146/CmpE146Package/GNUARM/bin/../lib/gcc/arm-elf/4.3.2/../../../../arm-elf/lib/libc.a(lib_a-strstr.o)
 .data          0x4000047c        0x0 /cygdrive/c/Users/User/Desktop/Spring2012/CMPE146/CmpE146Package/GNUARM/bin/../lib/gcc/arm-elf/4.3.2/../../../../arm-elf/lib/libc.a(lib_a-strtok.o)
 .data          0x4000047c        0x0 /cygdrive/c/Users/User/Desktop/Spring2012/CMPE146/CmpE146Package/GNUARM/bin/../lib/gcc/arm-elf/4.3.2/../../../../arm-elf/lib/libc.a(lib_a-strtok_r.o)
 .data          0x4000047c        0x0 /cygdrive/c/Users/User/Desktop/Spring2012/CMPE146/CmpE146Package/GNUARM/bin/../lib/gcc/arm-elf/4.3.2/../../../../arm-elf/lib/libc.a(lib_a-strtol.o)
 .data          0x4000047c        0x0 /cygdrive/c/Users/User/Desktop/Spring2012/CMPE146/CmpE146Package/GNUARM/bin/../lib/gcc/arm-elf/4.3.2/../../../../arm-elf/lib/libc.a(lib_a-vfiprintf.o)
 .data          0x4000047c        0x0 /cygdrive/c/Users/User/Desktop/Spring2012/CMPE146/CmpE146Package/GNUARM/bin/../lib/gcc/arm-elf/4.3.2/../../../../arm-elf/lib/libc.a(lib_a-wsetup.o)
 .data          0x4000047c        0x4 /cygdrive/c/Users/User/Desktop/Spring2012/CMPE146/CmpE146Package/GNUARM/bin/../lib/gcc/arm-elf/4.3.2/../../../../arm-elf/lib/libc.a(lib_a-ctype_.o)
                0x4000047c                __ctype_ptr
 .data          0x40000480        0x0 /cygdrive/c/Users/User/Desktop/Spring2012/CMPE146/CmpE146Package/GNUARM/bin/../lib/gcc/arm-elf/4.3.2/../../../../arm-elf/lib/libc.a(lib_a-fflush.o)
 .data          0x40000480        0x0 /cygdrive/c/Users/User/Desktop/Spring2012/CMPE146/CmpE146Package/GNUARM/bin/../lib/gcc/arm-elf/4.3.2/../../../../arm-elf/lib/libc.a(lib_a-findfp.o)
 .data          0x40000480        0x0 /cygdrive/c/Users/User/Desktop/Spring2012/CMPE146/CmpE146Package/GNUARM/bin/../lib/gcc/arm-elf/4.3.2/../../../../arm-elf/lib/libc.a(lib_a-freer.o)
 .data          0x40000480        0x0 /cygdrive/c/Users/User/Desktop/Spring2012/CMPE146/CmpE146Package/GNUARM/bin/../lib/gcc/arm-elf/4.3.2/../../../../arm-elf/lib/libc.a(lib_a-fvwrite.o)
 .data          0x40000480        0x0 /cygdrive/c/Users/User/Desktop/Spring2012/CMPE146/CmpE146Package/GNUARM/bin/../lib/gcc/arm-elf/4.3.2/../../../../arm-elf/lib/libc.a(lib_a-fwalk.o)
 .data          0x40000480      0x404 /cygdrive/c/Users/User/Desktop/Spring2012/CMPE146/CmpE146Package/GNUARM/bin/../lib/gcc/arm-elf/4.3.2/../../../../arm-elf/lib/libc.a(lib_a-impure.o)
                0x40000480                _impure_ptr
 .data          0x40000884        0x0 /cygdrive/c/Users/User/Desktop/Spring2012/CMPE146/CmpE146Package/GNUARM/bin/../lib/gcc/arm-elf/4.3.2/../../../../arm-elf/lib/libc.a(lib_a-makebuf.o)
 .data          0x40000884        0x0 /cygdrive/c/Users/User/Desktop/Spring2012/CMPE146/CmpE146Package/GNUARM/bin/../lib/gcc/arm-elf/4.3.2/../../../../arm-elf/lib/libc.a(lib_a-memchr.o)
 .data          0x40000884        0x0 /cygdrive/c/Users/User/Desktop/Spring2012/CMPE146/CmpE146Package/GNUARM/bin/../lib/gcc/arm-elf/4.3.2/../../../../arm-elf/lib/libc.a(lib_a-memmove.o)
 .data          0x40000884        0x0 /cygdrive/c/Users/User/Desktop/Spring2012/CMPE146/CmpE146Package/GNUARM/bin/../lib/gcc/arm-elf/4.3.2/../../../../arm-elf/lib/libc.a(lib_a-stdio.o)
 .data          0x40000884        0x0 /cygdrive/c/Users/User/Desktop/Spring2012/CMPE146/CmpE146Package/GNUARM/bin/../lib/gcc/arm-elf/4.3.2/../../../../arm-elf/lib/libc.a(lib_a-syscalls.o)
 .data          0x40000884        0x0 /cygdrive/c/Users/User/Desktop/Spring2012/CMPE146/CmpE146Package/GNUARM/bin/../lib/gcc/arm-elf/4.3.2/../../../../arm-elf/lib/libc.a(lib_a-errno.o)
 .data          0x40000884        0x0 /cygdrive/c/Users/User/Desktop/Spring2012/CMPE146/CmpE146Package/GNUARM/bin/../lib/gcc/arm-elf/4.3.2/../../../../arm-elf/lib/libc.a(lib_a-fclose.o)
                0x40000884                __data_end__ = (__data_start__ + SIZEOF (.data))
                0x00012d3c                __data_load_end__ = (__data_load_start__ + SIZEOF (.data))

.data_run       0x4000003c      0x848
                0x4000003c                __data_run_start__ = .
                0x40000884                . = ((__data_run_start__ + SIZEOF (.data)) MAX .)
 *fill*         0x4000003c      0x848 00
                0x40000884                __data_run_end__ = (__data_run_start__ + SIZEOF (.data_run))
                0x40000884                __bss_load_start__ = (__data_run_end__ ALIGN 0x4)

.bss            0x40000884      0x2cd load address 0x00012d3c
                0x40000884                __bss_start__ = .
 *(.bss .bss.* .gnu.linkonce.b.*)
 .bss           0x40000884        0x0 ./main.o
 .bss           0x40000884        0x4 ./utils/src/rprintf.o
 .bss           0x40000888        0x0 ./utils/src/timer.o
 .bss           0x40000888        0x1 ./fat/diskio.o
 *fill*         0x40000889        0x3 00
 .bss           0x4000088c        0x8 ./fat/ff.o
 .bss           0x40000894        0x0 ./fat/rtc.o
 .bss           0x40000894        0x0 ./fat/option/ccsbcs.o
 .bss           0x40000894        0x0 ./fat/option/reentrant.o
 .bss           0x40000894       0x14 ./drivers/i2c.o
 .bss           0x400008a8        0x0 ./drivers/pcm1774.o
 .bss           0x400008a8        0x0 ./drivers/ssp_spi.o
 .bss           0x400008a8        0x0 ./drivers/sta013.o
 .bss           0x400008a8        0xc ./drivers/uart0.o
 .bss           0x400008b4        0xc ./drivers/uart1.o
 .bss           0x400008c0        0x0 ./drivers/watchdog.o
 .bss           0x400008c0       0x80 ./WIFI/wifi.o
                0x400008c0                deviceIDBuffer
 .bss           0x40000940        0x0 ./System/cppmem.o
 .bss           0x40000940        0x0 ./System/cpu.o
 .bss           0x40000940        0x4 ./System/syscalls.o
 .bss           0x40000944        0x0 ./System/startup/Arm7CStartup.o
 .bss           0x40000944        0x0 ./System/startup/Lpc2000ExceptionVectors.o
 .bss           0x40000944        0x0 ./System/startup/exceptionHandlers.o
 .bss           0x40000944        0x0 ./MP3/mp3.o
 .bss           0x40000944        0x0 ./General/userInterface.o
 .bss           0x40000944        0x0 ./FreeRTOS/src/croutine.o
 .bss           0x40000944        0x0 ./FreeRTOS/src/list.o
 .bss           0x40000944        0x0 ./FreeRTOS/src/port.o
 .bss           0x40000944        0x0 ./FreeRTOS/src/portISR.o
 .bss           0x40000944        0x0 ./FreeRTOS/src/queue.o
 .bss           0x40000944       0xdc ./FreeRTOS/src/tasks.o
                0x40000944                pxCurrentTCB
                0x40000948                ulISROverhead
 .bss           0x40000a20       0x38 ./FreeRTOS/src/timers.o
 .bss           0x40000a58        0x0 ./FreeRTOS/mem/heap_3.o
 .bss           0x40000a58        0x0 ./FreeRTOS/hooks/hooks.o
 .bss           0x40000a58        0x0 /cygdrive/c/Users/User/Desktop/Spring2012/CMPE146/CmpE146Package/GNUARM/bin/../lib/gcc/arm-elf/4.3.2/libgcc.a(_udivsi3.o)
 .bss           0x40000a58        0x0 /cygdrive/c/Users/User/Desktop/Spring2012/CMPE146/CmpE146Package/GNUARM/bin/../lib/gcc/arm-elf/4.3.2/libgcc.a(_divsi3.o)
 .bss           0x40000a58        0x0 /cygdrive/c/Users/User/Desktop/Spring2012/CMPE146/CmpE146Package/GNUARM/bin/../lib/gcc/arm-elf/4.3.2/libgcc.a(_umodsi3.o)
 .bss           0x40000a58        0x0 /cygdrive/c/Users/User/Desktop/Spring2012/CMPE146/CmpE146Package/GNUARM/bin/../lib/gcc/arm-elf/4.3.2/libgcc.a(_dvmd_tls.o)
 .bss           0x40000a58        0x0 /cygdrive/c/Users/User/Desktop/Spring2012/CMPE146/CmpE146Package/GNUARM/bin/../lib/gcc/arm-elf/4.3.2/../../../../arm-elf/lib/libc.a(lib_a-atoi.o)
 .bss           0x40000a58        0x0 /cygdrive/c/Users/User/Desktop/Spring2012/CMPE146/CmpE146Package/GNUARM/bin/../lib/gcc/arm-elf/4.3.2/../../../../arm-elf/lib/libc.a(lib_a-iprintf.o)
 .bss           0x40000a58        0x0 /cygdrive/c/Users/User/Desktop/Spring2012/CMPE146/CmpE146Package/GNUARM/bin/../lib/gcc/arm-elf/4.3.2/../../../../arm-elf/lib/libc.a(lib_a-malloc.o)
 .bss           0x40000a58       0x34 /cygdrive/c/Users/User/Desktop/Spring2012/CMPE146/CmpE146Package/GNUARM/bin/../lib/gcc/arm-elf/4.3.2/../../../../arm-elf/lib/libc.a(lib_a-mallocr.o)
                0x40000a58                __malloc_top_pad
                0x40000a5c                __malloc_max_sbrked_mem
                0x40000a64                __malloc_current_mallinfo
                0x40000a60                __malloc_max_total_mem
 .bss           0x40000a8c        0x0 /cygdrive/c/Users/User/Desktop/Spring2012/CMPE146/CmpE146Package/GNUARM/bin/../lib/gcc/arm-elf/4.3.2/../../../../arm-elf/lib/libc.a(lib_a-memcmp.o)
 .bss           0x40000a8c        0x0 /cygdrive/c/Users/User/Desktop/Spring2012/CMPE146/CmpE146Package/GNUARM/bin/../lib/gcc/arm-elf/4.3.2/../../../../arm-elf/lib/libc.a(lib_a-memcpy.o)
 .bss           0x40000a8c        0x0 /cygdrive/c/Users/User/Desktop/Spring2012/CMPE146/CmpE146Package/GNUARM/bin/../lib/gcc/arm-elf/4.3.2/../../../../arm-elf/lib/libc.a(lib_a-memset.o)
 .bss           0x40000a8c        0x0 /cygdrive/c/Users/User/Desktop/Spring2012/CMPE146/CmpE146Package/GNUARM/bin/../lib/gcc/arm-elf/4.3.2/../../../../arm-elf/lib/libc.a(lib_a-mlock.o)
 .bss           0x40000a8c        0x0 /cygdrive/c/Users/User/Desktop/Spring2012/CMPE146/CmpE146Package/GNUARM/bin/../lib/gcc/arm-elf/4.3.2/../../../../arm-elf/lib/libc.a(lib_a-realloc.o)
 .bss           0x40000a8c        0x0 /cygdrive/c/Users/User/Desktop/Spring2012/CMPE146/CmpE146Package/GNUARM/bin/../lib/gcc/arm-elf/4.3.2/../../../../arm-elf/lib/libc.a(lib_a-reallocr.o)
 .bss           0x40000a8c        0x0 /cygdrive/c/Users/User/Desktop/Spring2012/CMPE146/CmpE146Package/GNUARM/bin/../lib/gcc/arm-elf/4.3.2/../../../../arm-elf/lib/libc.a(lib_a-siprintf.o)
 .bss           0x40000a8c        0x0 /cygdrive/c/Users/User/Desktop/Spring2012/CMPE146/CmpE146Package/GNUARM/bin/../lib/gcc/arm-elf/4.3.2/../../../../arm-elf/lib/libc.a(lib_a-strcmp.o)
 .bss           0x40000a8c        0x0 /cygdrive/c/Users/User/Desktop/Spring2012/CMPE146/CmpE146Package/GNUARM/bin/../lib/gcc/arm-elf/4.3.2/../../../../arm-elf/lib/libc.a(lib_a-strcpy.o)
 .bss           0x40000a8c        0x0 /cygdrive/c/Users/User/Desktop/Spring2012/CMPE146/CmpE146Package/GNUARM/bin/../lib/gcc/arm-elf/4.3.2/../../../../arm-elf/lib/libc.a(lib_a-strlen.o)
 .bss           0x40000a8c        0x0 /cygdrive/c/Users/User/Desktop/Spring2012/CMPE146/CmpE146Package/GNUARM/bin/../lib/gcc/arm-elf/4.3.2/../../../../arm-elf/lib/libc.a(lib_a-strncpy.o)
 .bss           0x40000a8c        0x0 /cygdrive/c/Users/User/Desktop/Spring2012/CMPE146/CmpE146Package/GNUARM/bin/../lib/gcc/arm-elf/4.3.2/../../../../arm-elf/lib/libc.a(lib_a-strstr.o)
 .bss           0x40000a8c        0x0 /cygdrive/c/Users/User/Desktop/Spring2012/CMPE146/CmpE146Package/GNUARM/bin/../lib/gcc/arm-elf/4.3.2/../../../../arm-elf/lib/libc.a(lib_a-strtok.o)
 .bss           0x40000a8c        0x0 /cygdrive/c/Users/User/Desktop/Spring2012/CMPE146/CmpE146Package/GNUARM/bin/../lib/gcc/arm-elf/4.3.2/../../../../arm-elf/lib/libc.a(lib_a-strtok_r.o)
 .bss           0x40000a8c        0x0 /cygdrive/c/Users/User/Desktop/Spring2012/CMPE146/CmpE146Package/GNUARM/bin/../lib/gcc/arm-elf/4.3.2/../../../../arm-elf/lib/libc.a(lib_a-strtol.o)
 .bss           0x40000a8c        0x0 /cygdrive/c/Users/User/Desktop/Spring2012/CMPE146/CmpE146Package/GNUARM/bin/../lib/gcc/arm-elf/4.3.2/../../../../arm-elf/lib/libc.a(lib_a-vfiprintf.o)
 .bss           0x40000a8c        0x0 /cygdrive/c/Users/User/Desktop/Spring2012/CMPE146/CmpE146Package/GNUARM/bin/../lib/gcc/arm-elf/4.3.2/../../../../arm-elf/lib/libc.a(lib_a-wsetup.o)
 .bss           0x40000a8c        0x0 /cygdrive/c/Users/User/Desktop/Spring2012/CMPE146/CmpE146Package/GNUARM/bin/../lib/gcc/arm-elf/4.3.2/../../../../arm-elf/lib/libc.a(lib_a-ctype_.o)
 .bss           0x40000a8c        0x0 /cygdrive/c/Users/User/Desktop/Spring2012/CMPE146/CmpE146Package/GNUARM/bin/../lib/gcc/arm-elf/4.3.2/../../../../arm-elf/lib/libc.a(lib_a-fflush.o)
 .bss           0x40000a8c        0x0 /cygdrive/c/Users/User/Desktop/Spring2012/CMPE146/CmpE146Package/GNUARM/bin/../lib/gcc/arm-elf/4.3.2/../../../../arm-elf/lib/libc.a(lib_a-findfp.o)
 .bss           0x40000a8c        0x0 /cygdrive/c/Users/User/Desktop/Spring2012/CMPE146/CmpE146Package/GNUARM/bin/../lib/gcc/arm-elf/4.3.2/../../../../arm-elf/lib/libc.a(lib_a-freer.o)
 .bss           0x40000a8c        0x0 /cygdrive/c/Users/User/Desktop/Spring2012/CMPE146/CmpE146Package/GNUARM/bin/../lib/gcc/arm-elf/4.3.2/../../../../arm-elf/lib/libc.a(lib_a-fvwrite.o)
 .bss           0x40000a8c        0x0 /cygdrive/c/Users/User/Desktop/Spring2012/CMPE146/CmpE146Package/GNUARM/bin/../lib/gcc/arm-elf/4.3.2/../../../../arm-elf/lib/libc.a(lib_a-fwalk.o)
 .bss           0x40000a8c        0x0 /cygdrive/c/Users/User/Desktop/Spring2012/CMPE146/CmpE146Package/GNUARM/bin/../lib/gcc/arm-elf/4.3.2/../../../../arm-elf/lib/libc.a(lib_a-impure.o)